go: cannot find main module, but found .git/config in C:\Users\gabek\Cursor Projects\EarthRing
	to create a module there, run:
	go mod init
