=== RUN   TestChunkStorage_GetChunkMetadata
2025/12/01 22:29:47 Loaded .env file from: ../../.env
=== RUN   TestChunkStorage_GetChunkMetadata/returns_nil_for_non-existent_chunk
=== RUN   TestChunkStorage_GetChunkMetadata/retrieves_existing_chunk_metadata
=== RUN   TestChunkStorage_GetChunkMetadata/handles_chunk_without_procedural_seed
--- PASS: TestChunkStorage_GetChunkMetadata (0.14s)
    --- PASS: TestChunkStorage_GetChunkMetadata/returns_nil_for_non-existent_chunk (0.00s)
    --- PASS: TestChunkStorage_GetChunkMetadata/retrieves_existing_chunk_metadata (0.00s)
    --- PASS: TestChunkStorage_GetChunkMetadata/handles_chunk_without_procedural_seed (0.00s)
=== RUN   TestChunkStorage_GetChunkData
=== RUN   TestChunkStorage_GetChunkData/returns_nil_for_non-existent_chunk_data
=== RUN   TestChunkStorage_GetChunkData/retrieves_existing_chunk_data
--- PASS: TestChunkStorage_GetChunkData (0.13s)
    --- PASS: TestChunkStorage_GetChunkData/returns_nil_for_non-existent_chunk_data (0.01s)
    --- PASS: TestChunkStorage_GetChunkData/retrieves_existing_chunk_data (0.01s)
=== RUN   TestChunkStorage_StoreChunk
=== RUN   TestChunkStorage_StoreChunk/stores_new_chunk_with_geometry
=== RUN   TestChunkStorage_StoreChunk/updates_existing_chunk
=== RUN   TestChunkStorage_StoreChunk/handles_chunk_without_geometry
--- PASS: TestChunkStorage_StoreChunk (0.15s)
    --- PASS: TestChunkStorage_StoreChunk/stores_new_chunk_with_geometry (0.02s)
    --- PASS: TestChunkStorage_StoreChunk/updates_existing_chunk (0.00s)
    --- PASS: TestChunkStorage_StoreChunk/handles_chunk_without_geometry (0.00s)
=== RUN   TestChunkStorage_ConvertPostGISToGeometry
=== RUN   TestChunkStorage_ConvertPostGISToGeometry/returns_nil_for_non-existent_chunk
=== RUN   TestChunkStorage_ConvertPostGISToGeometry/converts_stored_geometry_back_to_procedural_format
--- PASS: TestChunkStorage_ConvertPostGISToGeometry (0.24s)
    --- PASS: TestChunkStorage_ConvertPostGISToGeometry/returns_nil_for_non-existent_chunk (0.00s)
    --- PASS: TestChunkStorage_ConvertPostGISToGeometry/converts_stored_geometry_back_to_procedural_format (0.01s)
=== RUN   TestConvertGeometryToPostGIS
=== RUN   TestConvertGeometryToPostGIS/converts_ring_floor_geometry_to_POLYGON
=== RUN   TestConvertGeometryToPostGIS/rejects_unsupported_geometry_type
=== RUN   TestConvertGeometryToPostGIS/rejects_geometry_with_insufficient_vertices
=== RUN   TestConvertGeometryToPostGIS/rejects_geometry_with_invalid_coordinates
=== RUN   TestConvertGeometryToPostGIS/rejects_geometry_with_NaN_coordinates
=== RUN   TestConvertGeometryToPostGIS/rejects_geometry_with_insufficient_coordinates_per_vertex
--- PASS: TestConvertGeometryToPostGIS (0.00s)
    --- PASS: TestConvertGeometryToPostGIS/converts_ring_floor_geometry_to_POLYGON (0.00s)
    --- PASS: TestConvertGeometryToPostGIS/rejects_unsupported_geometry_type (0.00s)
    --- PASS: TestConvertGeometryToPostGIS/rejects_geometry_with_insufficient_vertices (0.00s)
    --- PASS: TestConvertGeometryToPostGIS/rejects_geometry_with_invalid_coordinates (0.00s)
    --- PASS: TestConvertGeometryToPostGIS/rejects_geometry_with_NaN_coordinates (0.00s)
    --- PASS: TestConvertGeometryToPostGIS/rejects_geometry_with_insufficient_coordinates_per_vertex (0.00s)
=== RUN   TestChunkStorage_StoreChunk_EdgeCases
=== RUN   TestChunkStorage_StoreChunk_EdgeCases/rejects_nil_genResponse
=== RUN   TestChunkStorage_StoreChunk_EdgeCases/rejects_failed_genResponse
=== RUN   TestChunkStorage_StoreChunk_EdgeCases/rejects_invalid_floor
=== RUN   TestChunkStorage_StoreChunk_EdgeCases/rejects_invalid_chunk_index
--- PASS: TestChunkStorage_StoreChunk_EdgeCases (0.12s)
    --- PASS: TestChunkStorage_StoreChunk_EdgeCases/rejects_nil_genResponse (0.00s)
    --- PASS: TestChunkStorage_StoreChunk_EdgeCases/rejects_failed_genResponse (0.00s)
    --- PASS: TestChunkStorage_StoreChunk_EdgeCases/rejects_invalid_floor (0.00s)
    --- PASS: TestChunkStorage_StoreChunk_EdgeCases/rejects_invalid_chunk_index (0.00s)
=== RUN   TestChunkStorage_ConvertPostGISToGeometry_EdgeCases
=== RUN   TestChunkStorage_ConvertPostGISToGeometry_EdgeCases/rejects_invalid_chunk_id
=== RUN   TestChunkStorage_ConvertPostGISToGeometry_EdgeCases/rejects_negative_chunk_id
=== RUN   TestChunkStorage_ConvertPostGISToGeometry_EdgeCases/handles_invalid_geometry_structure_in_terrain_data
=== RUN   TestChunkStorage_ConvertPostGISToGeometry_EdgeCases/handles_geometry_with_empty_vertices
--- PASS: TestChunkStorage_ConvertPostGISToGeometry_EdgeCases (0.13s)
    --- PASS: TestChunkStorage_ConvertPostGISToGeometry_EdgeCases/rejects_invalid_chunk_id (0.00s)
    --- PASS: TestChunkStorage_ConvertPostGISToGeometry_EdgeCases/rejects_negative_chunk_id (0.00s)
    --- PASS: TestChunkStorage_ConvertPostGISToGeometry_EdgeCases/handles_invalid_geometry_structure_in_terrain_data (0.01s)
    --- PASS: TestChunkStorage_ConvertPostGISToGeometry_EdgeCases/handles_geometry_with_empty_vertices (0.00s)
=== RUN   TestChunkStorage_DeleteChunk
=== RUN   TestChunkStorage_DeleteChunk/deletes_chunk_with_chunk_data
2025/12/01 22:29:48 Warning: failed to rollback transaction: sql: transaction has already been committed or rolled back
=== RUN   TestChunkStorage_DeleteChunk/deletes_chunk_without_chunk_data
2025/12/01 22:29:48 Warning: failed to rollback transaction: sql: transaction has already been committed or rolled back
=== RUN   TestChunkStorage_DeleteChunk/returns_error_for_non-existent_chunk
=== RUN   TestChunkStorage_DeleteChunk/transaction_safety_-_rollback_on_chunk_data_deletion_failure
2025/12/01 22:29:48 Warning: failed to rollback transaction: sql: transaction has already been committed or rolled back
--- PASS: TestChunkStorage_DeleteChunk (0.14s)
    --- PASS: TestChunkStorage_DeleteChunk/deletes_chunk_with_chunk_data (0.02s)
    --- PASS: TestChunkStorage_DeleteChunk/deletes_chunk_without_chunk_data (0.00s)
    --- PASS: TestChunkStorage_DeleteChunk/returns_error_for_non-existent_chunk (0.00s)
    --- PASS: TestChunkStorage_DeleteChunk/transaction_safety_-_rollback_on_chunk_data_deletion_failure (0.00s)
=== RUN   TestChunkStorage_ZoneChunkBinding
=== RUN   TestChunkStorage_ZoneChunkBinding/stores_zones_in_chunk_data.zone_ids
=== RUN   TestChunkStorage_ZoneChunkBinding/reuses_existing_zone_when_chunk_is_regenerated
=== RUN   TestChunkStorage_ZoneChunkBinding/zone_metadata_includes_default_zone_and_chunk_index
=== RUN   TestChunkStorage_ZoneChunkBinding/handles_multiple_zones_per_chunk
=== RUN   TestChunkStorage_ZoneChunkBinding/handles_boundary_chunks_(chunk_0_and_263999)
=== RUN   TestChunkStorage_ZoneChunkBinding/handles_chunks_with_no_zones
--- PASS: TestChunkStorage_ZoneChunkBinding (0.16s)
    --- PASS: TestChunkStorage_ZoneChunkBinding/stores_zones_in_chunk_data.zone_ids (0.02s)
    --- PASS: TestChunkStorage_ZoneChunkBinding/reuses_existing_zone_when_chunk_is_regenerated (0.00s)
    --- PASS: TestChunkStorage_ZoneChunkBinding/zone_metadata_includes_default_zone_and_chunk_index (0.00s)
    --- PASS: TestChunkStorage_ZoneChunkBinding/handles_multiple_zones_per_chunk (0.00s)
    --- PASS: TestChunkStorage_ZoneChunkBinding/handles_boundary_chunks_(chunk_0_and_263999) (0.00s)
    --- PASS: TestChunkStorage_ZoneChunkBinding/handles_chunks_with_no_zones (0.00s)
=== RUN   TestMigration000022_RemoveFullRingMaglevZones
    migration_000022_test.go:86: Per-chunk zones count: 6 (should not be affected)
--- PASS: TestMigration000022_RemoveFullRingMaglevZones (0.15s)
=== RUN   TestMigration000022_Rollback
--- PASS: TestMigration000022_Rollback (0.15s)
=== RUN   TestMigration000023_ConvertStructuresPositionToGeometry
    migration_000023_test.go:80: Note: Column type before migration is point (expected USER-DEFINED for POINT)
    migration_000023_test.go:98: Γ£ô Column type before migration: point
    migration_000023_test.go:113: Γ£ô Successfully read POINT data: (1000.000000, 50.000000)
    migration_000023_test.go:126: Γ£ô Migration applied successfully
    migration_000023_test.go:142: Γ£ô Column type after migration: geometry
    migration_000023_test.go:157: Γ£ô Successfully read geometry data: (1000.000000, 50.000000)
    migration_000023_test.go:195: Γ£ô All 3 structures have correct positions
    migration_000023_test.go:212: Γ£ô GIST index exists
    migration_000023_test.go:223: Γ£ô Successfully inserted new structure with geometry
    migration_000023_test.go:237: Γ£ô New structure has correct position: (2000.000000, 75.000000)
--- PASS: TestMigration000023_ConvertStructuresPositionToGeometry (0.18s)
=== RUN   TestMigration000023_Rollback
    migration_000023_test.go:312: Γ£ô Column type before rollback: geometry
    migration_000023_test.go:325: Γ£ô Rollback migration applied successfully
    migration_000023_test.go:341: Γ£ô Column type after rollback: point
    migration_000023_test.go:356: Γ£ô Successfully read POINT data after rollback: (3000.000000, 100.000000)
    migration_000023_test.go:394: Γ£ô All 2 structures have correct positions after rollback
    migration_000023_test.go:411: Γ£ô GIST index exists after rollback
--- PASS: TestMigration000023_Rollback (0.17s)
=== RUN   TestDatabaseSchemaVerification
=== RUN   TestDatabaseSchemaVerification/RequiredFunctions
    schema_verification_test.go:82: Γ£ô Function normalize_for_intersection exists
    schema_verification_test.go:82: Γ£ô Function normalize_zone_geometry_for_area exists
    schema_verification_test.go:82: Γ£ô Function update_chunk_versions exists
    schema_verification_test.go:82: Γ£ô Function update_zone_timestamp exists
    schema_verification_test.go:82: Γ£ô Function mark_chunk_dirty exists
=== RUN   TestDatabaseSchemaVerification/RequiredTables
    schema_verification_test.go:119: Γ£ô Table zones exists
    schema_verification_test.go:119: Γ£ô Table players exists
    schema_verification_test.go:119: Γ£ô Table chunks exists
    schema_verification_test.go:119: Γ£ô Table chunk_data exists
    schema_verification_test.go:119: Γ£ô Table structures exists
    schema_verification_test.go:119: Γ£ô Table roads exists
    schema_verification_test.go:119: Γ£ô Table npcs exists
    schema_verification_test.go:119: Γ£ô Table npc_traffic exists
    schema_verification_test.go:119: Γ£ô Table racing_events exists
    schema_verification_test.go:119: Γ£ô Table racing_results exists
    schema_verification_test.go:119: Γ£ô Table player_actions exists
=== RUN   TestDatabaseSchemaVerification/RequiredTriggers
    schema_verification_test.go:181: Γ£ô Trigger zone_updated_at on zones exists
    schema_verification_test.go:181: Γ£ô Trigger structure_chunk_dirty on structures exists
=== RUN   TestDatabaseSchemaVerification/RequiredIndexes
    schema_verification_test.go:225: Γ£ô Index idx_zones_geometry on zones exists
    schema_verification_test.go:225: Γ£ô Index idx_zones_floor on zones exists
    schema_verification_test.go:225: Γ£ô Index idx_chunks_floor_index on chunks exists
    schema_verification_test.go:225: Γ£ô Index idx_chunk_data_geometry on chunk_data exists
=== RUN   TestDatabaseSchemaVerification/PostGISExtension
    schema_verification_test.go:246: Γ£ô PostGIS extension is installed
--- PASS: TestDatabaseSchemaVerification (0.16s)
    --- PASS: TestDatabaseSchemaVerification/RequiredFunctions (0.00s)
    --- PASS: TestDatabaseSchemaVerification/RequiredTables (0.01s)
    --- PASS: TestDatabaseSchemaVerification/RequiredTriggers (0.01s)
    --- PASS: TestDatabaseSchemaVerification/RequiredIndexes (0.01s)
    --- PASS: TestDatabaseSchemaVerification/PostGISExtension (0.00s)
=== RUN   TestNormalizeForIntersectionFunction
=== RUN   TestNormalizeForIntersectionFunction/NonWrappedGeometry
    schema_verification_test.go:295: Γ£ô Non-wrapped geometry: POLYGON((0 0,10 0,10 10,0 10,0 0))
=== RUN   TestNormalizeForIntersectionFunction/WrappedGeometry
    schema_verification_test.go:314: Γ£ô Wrapped geometry normalized: POLYGON((-10 0,10 0,10 10,-10 10,-10 0))
=== RUN   TestNormalizeForIntersectionFunction/PolygonWithHole
    schema_verification_test.go:332: Γ£ô Polygon hole preserved: 1 interior rings
--- PASS: TestNormalizeForIntersectionFunction (0.25s)
    --- PASS: TestNormalizeForIntersectionFunction/NonWrappedGeometry (0.01s)
    --- PASS: TestNormalizeForIntersectionFunction/WrappedGeometry (0.00s)
    --- PASS: TestNormalizeForIntersectionFunction/PolygonWithHole (0.00s)
=== RUN   TestStructureStorage_CoordinateWrapping
--- PASS: TestStructureStorage_CoordinateWrapping (0.19s)
=== RUN   TestStructureStorage_ZoneRelationship
    structures_integration_test.go:226: Failed to move structure inside zone: structure would collide with existing structures: structure 1 (building) at (1500.00, 0.00) (minimum distance: 50.00m)
--- FAIL: TestStructureStorage_ZoneRelationship (0.19s)
=== RUN   TestStructureStorage_BoundaryConditions
--- PASS: TestStructureStorage_BoundaryConditions (0.19s)
=== RUN   TestStructureStorage_CreateAndGetStructure
--- PASS: TestStructureStorage_CreateAndGetStructure (0.19s)
=== RUN   TestStructureStorage_CreateStructureWithProceduralFields
--- PASS: TestStructureStorage_CreateStructureWithProceduralFields (0.19s)
=== RUN   TestStructureStorage_CreateStructureWithZoneID
--- PASS: TestStructureStorage_CreateStructureWithZoneID (0.18s)
=== RUN   TestStructureStorage_UpdateStructure
--- PASS: TestStructureStorage_UpdateStructure (0.19s)
=== RUN   TestStructureStorage_UpdateStructureWithNullFields
--- PASS: TestStructureStorage_UpdateStructureWithNullFields (0.19s)
=== RUN   TestStructureStorage_DeleteStructure
--- PASS: TestStructureStorage_DeleteStructure (0.18s)
=== RUN   TestStructureStorage_ListStructuresByArea
--- PASS: TestStructureStorage_ListStructuresByArea (0.18s)
=== RUN   TestStructureStorage_ListStructuresByOwner
--- PASS: TestStructureStorage_ListStructuresByOwner (0.30s)
=== RUN   TestStructureStorage_ValidationErrors
--- PASS: TestStructureStorage_ValidationErrors (0.28s)
=== RUN   TestStructureStorage_GetStructureNotFound
--- PASS: TestStructureStorage_GetStructureNotFound (0.18s)
=== RUN   TestStructureStorage_UpdateStructureNotFound
--- PASS: TestStructureStorage_UpdateStructureNotFound (0.18s)
=== RUN   TestStructureStorage_DeleteStructureNotFound
--- PASS: TestStructureStorage_DeleteStructureNotFound (0.19s)
=== RUN   TestStructureStorage_ValidationPositionBounds
=== RUN   TestStructureStorage_ValidationPositionBounds/valid_position_at_origin
=== RUN   TestStructureStorage_ValidationPositionBounds/valid_position_at_ring_end
=== RUN   TestStructureStorage_ValidationPositionBounds/valid_position_at_max_width
=== RUN   TestStructureStorage_ValidationPositionBounds/valid_position_at_min_width
=== RUN   TestStructureStorage_ValidationPositionBounds/invalid_X_coordinate_-_negative
=== RUN   TestStructureStorage_ValidationPositionBounds/invalid_X_coordinate_-_too_large
=== RUN   TestStructureStorage_ValidationPositionBounds/invalid_Y_coordinate_-_too_large
=== RUN   TestStructureStorage_ValidationPositionBounds/invalid_Y_coordinate_-_too_small
=== RUN   TestStructureStorage_ValidationPositionBounds/invalid_scale_-_zero
=== RUN   TestStructureStorage_ValidationPositionBounds/invalid_scale_-_negative
=== RUN   TestStructureStorage_ValidationPositionBounds/invalid_rotation_-_too_large
=== RUN   TestStructureStorage_ValidationPositionBounds/invalid_rotation_-_too_small
=== RUN   TestStructureStorage_ValidationPositionBounds/invalid_structure_type_-_empty
=== RUN   TestStructureStorage_ValidationPositionBounds/invalid_structure_type_-_too_long
--- PASS: TestStructureStorage_ValidationPositionBounds (0.18s)
    --- PASS: TestStructureStorage_ValidationPositionBounds/valid_position_at_origin (0.01s)
    --- PASS: TestStructureStorage_ValidationPositionBounds/valid_position_at_ring_end (0.00s)
    --- PASS: TestStructureStorage_ValidationPositionBounds/valid_position_at_max_width (0.00s)
    --- PASS: TestStructureStorage_ValidationPositionBounds/valid_position_at_min_width (0.00s)
    --- PASS: TestStructureStorage_ValidationPositionBounds/invalid_X_coordinate_-_negative (0.00s)
    --- PASS: TestStructureStorage_ValidationPositionBounds/invalid_X_coordinate_-_too_large (0.00s)
    --- PASS: TestStructureStorage_ValidationPositionBounds/invalid_Y_coordinate_-_too_large (0.00s)
    --- PASS: TestStructureStorage_ValidationPositionBounds/invalid_Y_coordinate_-_too_small (0.00s)
    --- PASS: TestStructureStorage_ValidationPositionBounds/invalid_scale_-_zero (0.00s)
    --- PASS: TestStructureStorage_ValidationPositionBounds/invalid_scale_-_negative (0.00s)
    --- PASS: TestStructureStorage_ValidationPositionBounds/invalid_rotation_-_too_large (0.00s)
    --- PASS: TestStructureStorage_ValidationPositionBounds/invalid_rotation_-_too_small (0.00s)
    --- PASS: TestStructureStorage_ValidationPositionBounds/invalid_structure_type_-_empty (0.00s)
    --- PASS: TestStructureStorage_ValidationPositionBounds/invalid_structure_type_-_too_long (0.00s)
=== RUN   TestStructureStorage_ValidationFloorRange
=== RUN   TestStructureStorage_ValidationFloorRange/valid_floor_-2
=== RUN   TestStructureStorage_ValidationFloorRange/valid_floor_-1
=== RUN   TestStructureStorage_ValidationFloorRange/valid_floor_0
=== RUN   TestStructureStorage_ValidationFloorRange/valid_floor_15
=== RUN   TestStructureStorage_ValidationFloorRange/invalid_floor_-3
=== RUN   TestStructureStorage_ValidationFloorRange/invalid_floor_16
--- PASS: TestStructureStorage_ValidationFloorRange (0.19s)
    --- PASS: TestStructureStorage_ValidationFloorRange/valid_floor_-2 (0.01s)
    --- PASS: TestStructureStorage_ValidationFloorRange/valid_floor_-1 (0.00s)
    --- PASS: TestStructureStorage_ValidationFloorRange/valid_floor_0 (0.00s)
    --- PASS: TestStructureStorage_ValidationFloorRange/valid_floor_15 (0.00s)
    --- PASS: TestStructureStorage_ValidationFloorRange/invalid_floor_-3 (0.00s)
    --- PASS: TestStructureStorage_ValidationFloorRange/invalid_floor_16 (0.00s)
=== RUN   TestStructureStorage_ValidationZoneRelationship
=== RUN   TestStructureStorage_ValidationZoneRelationship/valid_-_structure_inside_zone
=== RUN   TestStructureStorage_ValidationZoneRelationship/invalid_-_structure_outside_zone
=== RUN   TestStructureStorage_ValidationZoneRelationship/invalid_-_structure_on_wrong_floor
=== RUN   TestStructureStorage_ValidationZoneRelationship/valid_-_no_zone_id_(optional)
=== RUN   TestStructureStorage_ValidationZoneRelationship/invalid_-_zone_does_not_exist
--- PASS: TestStructureStorage_ValidationZoneRelationship (0.19s)
    --- PASS: TestStructureStorage_ValidationZoneRelationship/valid_-_structure_inside_zone (0.01s)
    --- PASS: TestStructureStorage_ValidationZoneRelationship/invalid_-_structure_outside_zone (0.00s)
    --- PASS: TestStructureStorage_ValidationZoneRelationship/invalid_-_structure_on_wrong_floor (0.00s)
    --- PASS: TestStructureStorage_ValidationZoneRelationship/valid_-_no_zone_id_(optional) (0.00s)
    --- PASS: TestStructureStorage_ValidationZoneRelationship/invalid_-_zone_does_not_exist (0.00s)
=== RUN   TestStructureStorage_ValidationUpdate
=== RUN   TestStructureStorage_ValidationUpdate/invalid_-_position_out_of_bounds
=== RUN   TestStructureStorage_ValidationUpdate/invalid_-_floor_out_of_range
=== RUN   TestStructureStorage_ValidationUpdate/invalid_-_scale_zero
=== RUN   TestStructureStorage_ValidationUpdate/valid_-_update_all_fields
--- PASS: TestStructureStorage_ValidationUpdate (0.18s)
    --- PASS: TestStructureStorage_ValidationUpdate/invalid_-_position_out_of_bounds (0.00s)
    --- PASS: TestStructureStorage_ValidationUpdate/invalid_-_floor_out_of_range (0.00s)
    --- PASS: TestStructureStorage_ValidationUpdate/invalid_-_scale_zero (0.00s)
    --- PASS: TestStructureStorage_ValidationUpdate/valid_-_update_all_fields (0.00s)
=== RUN   TestZoneStorage_CreateAndGetZone
2025/12/01 22:29:53 [ZoneConflict] Found 0 total overlapping zones (any type/owner)
2025/12/01 22:29:53 [ZoneConflict] Default zones (system zones, win): 0 zones
2025/12/01 22:29:53 [ZoneConflict] Merge candidates (same type/owner): 0 zones
2025/12/01 22:29:53 [ZoneConflict] Conflict zones (different type/owner): 0 zones
2025/12/01 22:29:53 [ZoneMerge] No merge candidates for component 1 - new zone will be created without merging
2025/12/01 22:29:53 [ZoneMerge] No overlapping zones found - will create new zone
2025/12/01 22:29:53 [ZoneCreate] Geometry structure: type=Polygon, ring_count=1
2025/12/01 22:29:53 [ZoneCreate]   Ring 0: 5 points
2025/12/01 22:29:53 [ZoneCreate] Created zone component 1: ID=1, name=Downtown
--- PASS: TestZoneStorage_CreateAndGetZone (0.20s)
=== RUN   TestZoneStorage_ListZonesByArea
2025/12/01 22:29:53 [ZoneConflict] Found 0 total overlapping zones (any type/owner)
2025/12/01 22:29:53 [ZoneConflict] Default zones (system zones, win): 0 zones
2025/12/01 22:29:53 [ZoneConflict] Merge candidates (same type/owner): 0 zones
2025/12/01 22:29:53 [ZoneConflict] Conflict zones (different type/owner): 0 zones
2025/12/01 22:29:53 [ZoneMerge] No merge candidates for component 1 - new zone will be created without merging
2025/12/01 22:29:53 [ZoneMerge] No overlapping zones found - will create new zone
2025/12/01 22:29:53 [ZoneCreate] Geometry structure: type=Polygon, ring_count=1
2025/12/01 22:29:53 [ZoneCreate]   Ring 0: 5 points
2025/12/01 22:29:53 [ZoneCreate] Created zone component 1: ID=1, name=Square
2025/12/01 22:29:53 [ZoneConflict] Found 0 total overlapping zones (any type/owner)
2025/12/01 22:29:53 [ZoneConflict] Default zones (system zones, win): 0 zones
2025/12/01 22:29:53 [ZoneConflict] Merge candidates (same type/owner): 0 zones
2025/12/01 22:29:53 [ZoneConflict] Conflict zones (different type/owner): 0 zones
2025/12/01 22:29:53 [ZoneMerge] No merge candidates for component 1 - new zone will be created without merging
2025/12/01 22:29:53 [ZoneMerge] No overlapping zones found - will create new zone
2025/12/01 22:29:53 [ZoneCreate] Geometry structure: type=Polygon, ring_count=1
2025/12/01 22:29:53 [ZoneCreate]   Ring 0: 5 points
2025/12/01 22:29:53 [ZoneCreate] Created zone component 1: ID=2, name=Large
--- PASS: TestZoneStorage_ListZonesByArea (0.20s)
=== RUN   TestZoneStorage_UpdateZone
2025/12/01 22:29:53 [ZoneConflict] Found 0 total overlapping zones (any type/owner)
2025/12/01 22:29:53 [ZoneConflict] Default zones (system zones, win): 0 zones
2025/12/01 22:29:53 [ZoneConflict] Merge candidates (same type/owner): 0 zones
2025/12/01 22:29:53 [ZoneConflict] Conflict zones (different type/owner): 0 zones
2025/12/01 22:29:53 [ZoneMerge] No merge candidates for component 1 - new zone will be created without merging
2025/12/01 22:29:53 [ZoneMerge] No overlapping zones found - will create new zone
2025/12/01 22:29:53 [ZoneCreate] Geometry structure: type=Polygon, ring_count=1
2025/12/01 22:29:53 [ZoneCreate]   Ring 0: 5 points
2025/12/01 22:29:53 [ZoneCreate] Created zone component 1: ID=1, name=OldName
--- PASS: TestZoneStorage_UpdateZone (0.31s)
=== RUN   TestZoneStorage_DeleteZone
2025/12/01 22:29:54 [ZoneConflict] Found 0 total overlapping zones (any type/owner)
2025/12/01 22:29:54 [ZoneConflict] Default zones (system zones, win): 0 zones
2025/12/01 22:29:54 [ZoneConflict] Merge candidates (same type/owner): 0 zones
2025/12/01 22:29:54 [ZoneConflict] Conflict zones (different type/owner): 0 zones
2025/12/01 22:29:54 [ZoneMerge] No merge candidates for component 1 - new zone will be created without merging
2025/12/01 22:29:54 [ZoneMerge] No overlapping zones found - will create new zone
2025/12/01 22:29:54 [ZoneCreate] Geometry structure: type=Polygon, ring_count=1
2025/12/01 22:29:54 [ZoneCreate]   Ring 0: 5 points
2025/12/01 22:29:54 [ZoneCreate] Created zone component 1: ID=1, name=Temp
--- PASS: TestZoneStorage_DeleteZone (0.20s)
=== RUN   TestZoneStorage_InvalidGeometry
--- PASS: TestZoneStorage_InvalidGeometry (0.18s)
=== RUN   TestZoneStorage_AreaCalculation_NormalizationFunction
2025/12/01 22:29:54 [ZoneConflict] Found 0 total overlapping zones (any type/owner)
2025/12/01 22:29:54 [ZoneConflict] Default zones (system zones, win): 0 zones
2025/12/01 22:29:54 [ZoneConflict] Merge candidates (same type/owner): 0 zones
2025/12/01 22:29:54 [ZoneConflict] Conflict zones (different type/owner): 0 zones
2025/12/01 22:29:54 [ZoneMerge] No merge candidates for component 1 - new zone will be created without merging
2025/12/01 22:29:54 [ZoneMerge] No overlapping zones found - will create new zone
2025/12/01 22:29:54 [ZoneCreate] Geometry structure: type=Polygon, ring_count=1
2025/12/01 22:29:54 [ZoneCreate]   Ring 0: 5 points
2025/12/01 22:29:54 [ZoneCreate] Created zone component 1: ID=1, name=NormalZone
2025/12/01 22:29:54 [ZoneConflict] Found 0 total overlapping zones (any type/owner)
2025/12/01 22:29:54 [ZoneConflict] Default zones (system zones, win): 0 zones
2025/12/01 22:29:54 [ZoneConflict] Merge candidates (same type/owner): 0 zones
2025/12/01 22:29:54 [ZoneConflict] Conflict zones (different type/owner): 0 zones
2025/12/01 22:29:54 [ZoneMerge] No merge candidates for component 1 - new zone will be created without merging
2025/12/01 22:29:54 [ZoneMerge] No overlapping zones found - will create new zone
2025/12/01 22:29:54 [ZoneCreate] Geometry structure: type=Polygon, ring_count=1
2025/12/01 22:29:54 [ZoneCreate]   Ring 0: 5 points
2025/12/01 22:29:54 [ZoneCreate] Created zone component 1: ID=2, name=BoundaryZone
    zones_test.go:281: Normal zone area: 900.00 m┬▓
    zones_test.go:282: Boundary zone area: 2500.00 m┬▓
    zones_test.go:283: Γ£ô Normalization function exists and is being called correctly
    zones_test.go:284: NOTE: Full wrap-around testing requires manual verification with zones that cross the X axis
--- PASS: TestZoneStorage_AreaCalculation_NormalizationFunction (0.21s)
=== RUN   TestZoneStorage_AreaCalculation_WrappingZone
2025/12/01 22:29:54 [ZoneConflict] Found 0 total overlapping zones (any type/owner)
2025/12/01 22:29:54 [ZoneConflict] Default zones (system zones, win): 0 zones
2025/12/01 22:29:54 [ZoneConflict] Merge candidates (same type/owner): 0 zones
2025/12/01 22:29:54 [ZoneConflict] Conflict zones (different type/owner): 0 zones
2025/12/01 22:29:54 [ZoneMerge] No merge candidates for component 1 - new zone will be created without merging
2025/12/01 22:29:54 [ZoneMerge] No overlapping zones found - will create new zone
2025/12/01 22:29:54 [ZoneCreate] Geometry structure: type=Polygon, ring_count=1
2025/12/01 22:29:54 [ZoneCreate]   Ring 0: 5 points
2025/12/01 22:29:54 [ZoneCreate] Created zone component 1: ID=1, name=WrappingZone
    zones_test.go:328: Γ£ô Wrapping zone area: 500.00 m┬▓ (expected ~500 m┬▓)
--- PASS: TestZoneStorage_AreaCalculation_WrappingZone (0.20s)
=== RUN   TestZoneStorage_AreaCalculation_SimpleWrapCase
2025/12/01 22:29:54 [ZoneConflict] Found 0 total overlapping zones (any type/owner)
2025/12/01 22:29:54 [ZoneConflict] Default zones (system zones, win): 0 zones
2025/12/01 22:29:54 [ZoneConflict] Merge candidates (same type/owner): 0 zones
2025/12/01 22:29:54 [ZoneConflict] Conflict zones (different type/owner): 0 zones
2025/12/01 22:29:54 [ZoneMerge] No merge candidates for component 1 - new zone will be created without merging
2025/12/01 22:29:54 [ZoneMerge] No overlapping zones found - will create new zone
2025/12/01 22:29:54 [ZoneCreate] Geometry structure: type=Polygon, ring_count=1
2025/12/01 22:29:54 [ZoneCreate]   Ring 0: 5 points
2025/12/01 22:29:54 [ZoneCreate] Created zone component 1: ID=1, name=NormalNearBoundary
2025/12/01 22:29:54 [ZoneConflict] Found 0 total overlapping zones (any type/owner)
2025/12/01 22:29:54 [ZoneConflict] Default zones (system zones, win): 0 zones
2025/12/01 22:29:54 [ZoneConflict] Merge candidates (same type/owner): 0 zones
2025/12/01 22:29:54 [ZoneConflict] Conflict zones (different type/owner): 0 zones
2025/12/01 22:29:54 [ZoneMerge] No merge candidates for component 1 - new zone will be created without merging
2025/12/01 22:29:54 [ZoneMerge] No overlapping zones found - will create new zone
2025/12/01 22:29:54 [ZoneCreate] Geometry structure: type=Polygon, ring_count=1
2025/12/01 22:29:54 [ZoneCreate]   Ring 0: 5 points
2025/12/01 22:29:54 [ZoneCreate] Created zone component 1: ID=2, name=SimpleWrap
    zones_test.go:406: Normal rectangle area: 2500.00 m┬▓
    zones_test.go:407: Simple wrap rectangle area: 500.00 m┬▓
--- PASS: TestZoneStorage_AreaCalculation_SimpleWrapCase (0.21s)
=== RUN   TestZoneStorage_AreaCalculation_CircleAtOrigin
2025/12/01 22:29:55 [ZoneConflict] Found 0 total overlapping zones (any type/owner)
2025/12/01 22:29:55 [ZoneConflict] Default zones (system zones, win): 0 zones
2025/12/01 22:29:55 [ZoneConflict] Merge candidates (same type/owner): 0 zones
2025/12/01 22:29:55 [ZoneConflict] Conflict zones (different type/owner): 0 zones
2025/12/01 22:29:55 [ZoneMerge] No merge candidates for component 1 - new zone will be created without merging
2025/12/01 22:29:55 [ZoneMerge] No overlapping zones found - will create new zone
2025/12/01 22:29:55 [ZoneCreate] Geometry structure: type=Polygon, ring_count=1
2025/12/01 22:29:55 [ZoneCreate]   Ring 0: 68 points
2025/12/01 22:29:55 [ZoneCreate] Created zone component 1: ID=1, name=CircleAtOrigin
    zones_test.go:483: Circle at origin area: 352.09 m┬▓ (expected ~707 m┬▓)
--- PASS: TestZoneStorage_AreaCalculation_CircleAtOrigin (0.20s)
=== RUN   TestZoneStorage_MergeOverlappingZones
2025/12/01 22:29:55 [ZoneConflict] Found 0 total overlapping zones (any type/owner)
2025/12/01 22:29:55 [ZoneConflict] Default zones (system zones, win): 0 zones
2025/12/01 22:29:55 [ZoneConflict] Merge candidates (same type/owner): 0 zones
2025/12/01 22:29:55 [ZoneConflict] Conflict zones (different type/owner): 0 zones
2025/12/01 22:29:55 [ZoneMerge] No merge candidates for component 1 - new zone will be created without merging
2025/12/01 22:29:55 [ZoneMerge] No overlapping zones found - will create new zone
2025/12/01 22:29:55 [ZoneCreate] Geometry structure: type=Polygon, ring_count=1
2025/12/01 22:29:55 [ZoneCreate]   Ring 0: 5 points
2025/12/01 22:29:55 [ZoneCreate] Created zone component 1: ID=1, name=Zone1
2025/12/01 22:29:55 [ZoneConflict] Found 1 total overlapping zones (any type/owner)
2025/12/01 22:29:55 [ZoneConflict] Default zones (system zones, win): 0 zones
2025/12/01 22:29:55 [ZoneConflict] Merge candidates (same type/owner): 1 zones
2025/12/01 22:29:55 [ZoneConflict] Conflict zones (different type/owner): 0 zones
2025/12/01 22:29:55 [ZoneMerge] Starting with 1 merge candidates, finding transitive overlaps...
2025/12/01 22:29:55 [ZoneMerge] Found 1 overlapping zones to merge: [1]
2025/12/01 22:29:55 [ZoneMerge] Oldest zone ID to keep: 1 (created: 2025-12-01 22:29:55.346358 +0000 +0000)
2025/12/01 22:29:55 [ZoneMerge] Will merge ALL 1 overlapping zones together (including oldest zone 1)
2025/12/01 22:29:55 [ZoneMerge] Merging 1 geometries (new + 1 existing)
2025/12/01 22:29:55 [ZoneMerge] Zones being merged: new zone (not yet in DB) + existing zones [1]
2025/12/01 22:29:55 [ZoneMerge] New geometry (first 200 chars): {"type":"Polygon","coordinates":[[[10,10],[30,10],[30,30],[10,30],[10,10]]]}
2025/12/01 22:29:55 [ZoneMerge] Existing zone 1 geometry (first 200 chars): {"type":"Polygon","coordinates":[[[0,0],[20,0],[20,20],[0,20],[0,0]]]}
2025/12/01 22:29:55 [ZoneMerge] Merged geometry type: ST_Polygon, area: 700.00
2025/12/01 22:29:55 [ZoneMerge] Successfully merged 2 zones into new geometry (result length: 103, type: ST_Polygon)
2025/12/01 22:29:55 [ZoneMerge] Merged result includes: new zone + existing zones [1] (all 2 zones)
2025/12/01 22:29:55 [ZoneMerge] Geometry spans: new=20.00, existing=20.00 (ring=264000000.00, half_ring=132000000.00)
2025/12/01 22:29:55 [ZoneMerge] Merged geometry (first 300 chars): {"type":"Polygon","coordinates":[[[20,0],[0,0],[0,20],[10,20],[10,30],[30,30],[30,10],[20,10],[20,0]]]}
2025/12/01 22:29:55 [ZoneMerge] Area comparison: new=400.00, existing sum=400.00, merged=700.00 (merged should be >= max of new/existing, less than sum if they overlap)
2025/12/01 22:29:55 [ZoneMerge] Updated zone 1 with merged geometry (area: 700.000000)
    zones_test.go:778: Zone1 area: 400.00 m┬▓
    zones_test.go:779: Merged zone area: 700.00 m┬▓
--- PASS: TestZoneStorage_MergeOverlappingZones (0.22s)
=== RUN   TestZoneStorage_MergeWrappedZones
2025/12/01 22:29:55 [ZoneConflict] Found 0 total overlapping zones (any type/owner)
2025/12/01 22:29:55 [ZoneConflict] Default zones (system zones, win): 0 zones
2025/12/01 22:29:55 [ZoneConflict] Merge candidates (same type/owner): 0 zones
2025/12/01 22:29:55 [ZoneConflict] Conflict zones (different type/owner): 0 zones
2025/12/01 22:29:55 [ZoneMerge] No merge candidates for component 1 - new zone will be created without merging
2025/12/01 22:29:55 [ZoneMerge] No overlapping zones found - will create new zone
2025/12/01 22:29:55 [ZoneCreate] Geometry structure: type=Polygon, ring_count=1
2025/12/01 22:29:55 [ZoneCreate]   Ring 0: 5 points
2025/12/01 22:29:55 [ZoneCreate] Created zone component 1: ID=1, name=Zone1
2025/12/01 22:29:55 [ZoneConflict] Found 1 total overlapping zones (any type/owner)
2025/12/01 22:29:55 [ZoneConflict] Default zones (system zones, win): 0 zones
2025/12/01 22:29:55 [ZoneConflict] Merge candidates (same type/owner): 1 zones
2025/12/01 22:29:55 [ZoneConflict] Conflict zones (different type/owner): 0 zones
2025/12/01 22:29:55 [ZoneMerge] Starting with 1 merge candidates, finding transitive overlaps...
2025/12/01 22:29:55 [ZoneMerge] Found 1 overlapping zones to merge: [1]
2025/12/01 22:29:55 [ZoneMerge] Oldest zone ID to keep: 1 (created: 2025-12-01 22:29:55.571309 +0000 +0000)
2025/12/01 22:29:55 [ZoneMerge] Will merge ALL 1 overlapping zones together (including oldest zone 1)
2025/12/01 22:29:55 [ZoneMerge] Merging 1 geometries (new + 1 existing)
2025/12/01 22:29:55 [ZoneMerge] Zones being merged: new zone (not yet in DB) + existing zones [1]
2025/12/01 22:29:55 [ZoneMerge] New geometry (first 200 chars): {"type":"Polygon","coordinates":[[[263999995,10],[15,10],[15,40],[263999995,40],[263999995,10]]]}
2025/12/01 22:29:55 [ZoneMerge] Existing zone 1 geometry (first 200 chars): {"type":"Polygon","coordinates":[[[263999990,0],[10,0],[10,50],[263999990,50],[263999990,0]]]}
2025/12/01 22:29:55 [ZoneMerge] Merged geometry type: ST_Polygon, area: 1150.00
2025/12/01 22:29:55 [ZoneMerge] Successfully merged 2 zones into new geometry (result length: 168, type: ST_Polygon)
2025/12/01 22:29:55 [ZoneMerge] Merged result includes: new zone + existing zones [1] (all 2 zones)
2025/12/01 22:29:55 [ZoneMerge] Geometry spans: new=263999980.00, existing=263999980.00 (ring=264000000.00, half_ring=132000000.00)
2025/12/01 22:29:55 [ZoneMerge] WARNING: One or more geometries wrap around X-axis - PostGIS union may produce incorrect results
2025/12/01 22:29:55 [ZoneMerge] Merged geometry (first 300 chars): {"type":"Polygon","coordinates":[[[264000010,0],[263999990,0],[263999990,50],[264000010,50],[264000010,40],[264000015,40],[264000015,10],[264000010,10],[264000010,0]]]}
2025/12/01 22:29:55 [ZoneMerge] Area comparison: new=600.00, existing sum=1000.00, merged=1150.00 (merged should be >= max of new/existing, less than sum if they overlap)
2025/12/01 22:29:55 [ZoneMerge] Updated zone 1 with merged geometry (area: 1150.000000)
    zones_test.go:858: Zone1 area: 1000.00 m┬▓
    zones_test.go:859: Merged zone area: 1150.00 m┬▓
    zones_test.go:860: Merged geometry type: Polygon
--- PASS: TestZoneStorage_MergeWrappedZones (0.24s)
=== RUN   TestZoneStorage_MergePreservesOldestID
2025/12/01 22:29:55 [ZoneConflict] Found 0 total overlapping zones (any type/owner)
2025/12/01 22:29:55 [ZoneConflict] Default zones (system zones, win): 0 zones
2025/12/01 22:29:55 [ZoneConflict] Merge candidates (same type/owner): 0 zones
2025/12/01 22:29:55 [ZoneConflict] Conflict zones (different type/owner): 0 zones
2025/12/01 22:29:55 [ZoneMerge] No merge candidates for component 1 - new zone will be created without merging
2025/12/01 22:29:55 [ZoneMerge] No overlapping zones found - will create new zone
2025/12/01 22:29:55 [ZoneCreate] Geometry structure: type=Polygon, ring_count=1
2025/12/01 22:29:55 [ZoneCreate]   Ring 0: 5 points
2025/12/01 22:29:55 [ZoneCreate] Created zone component 1: ID=1, name=OldestZone
2025/12/01 22:29:55 [ZoneConflict] Found 1 total overlapping zones (any type/owner)
2025/12/01 22:29:55 [ZoneConflict] Default zones (system zones, win): 0 zones
2025/12/01 22:29:55 [ZoneConflict] Merge candidates (same type/owner): 1 zones
2025/12/01 22:29:55 [ZoneConflict] Conflict zones (different type/owner): 0 zones
2025/12/01 22:29:55 [ZoneMerge] Starting with 1 merge candidates, finding transitive overlaps...
2025/12/01 22:29:55 [ZoneMerge] Found 1 overlapping zones to merge: [1]
2025/12/01 22:29:55 [ZoneMerge] Oldest zone ID to keep: 1 (created: 2025-12-01 22:29:55.802725 +0000 +0000)
2025/12/01 22:29:55 [ZoneMerge] Will merge ALL 1 overlapping zones together (including oldest zone 1)
2025/12/01 22:29:55 [ZoneMerge] Merging 1 geometries (new + 1 existing)
2025/12/01 22:29:55 [ZoneMerge] Zones being merged: new zone (not yet in DB) + existing zones [1]
2025/12/01 22:29:55 [ZoneMerge] New geometry (first 200 chars): {"type":"Polygon","coordinates":[[[5,5],[15,5],[15,15],[5,15],[5,5]]]}
2025/12/01 22:29:55 [ZoneMerge] Existing zone 1 geometry (first 200 chars): {"type":"Polygon","coordinates":[[[0,0],[10,0],[10,10],[0,10],[0,0]]]}
2025/12/01 22:29:55 [ZoneMerge] Merged geometry type: ST_Polygon, area: 175.00
2025/12/01 22:29:55 [ZoneMerge] Successfully merged 2 zones into new geometry (result length: 99, type: ST_Polygon)
2025/12/01 22:29:55 [ZoneMerge] Merged result includes: new zone + existing zones [1] (all 2 zones)
2025/12/01 22:29:55 [ZoneMerge] Geometry spans: new=10.00, existing=10.00 (ring=264000000.00, half_ring=132000000.00)
2025/12/01 22:29:55 [ZoneMerge] Merged geometry (first 300 chars): {"type":"Polygon","coordinates":[[[10,0],[0,0],[0,10],[5,10],[5,15],[15,15],[15,5],[10,5],[10,0]]]}
2025/12/01 22:29:55 [ZoneMerge] Area comparison: new=100.00, existing sum=100.00, merged=175.00 (merged should be >= max of new/existing, less than sum if they overlap)
2025/12/01 22:29:55 [ZoneMerge] Updated zone 1 with merged geometry (area: 175.000000)
2025/12/01 22:29:55 [ZoneConflict] Found 1 total overlapping zones (any type/owner)
2025/12/01 22:29:55 [ZoneConflict] Default zones (system zones, win): 0 zones
2025/12/01 22:29:55 [ZoneConflict] Merge candidates (same type/owner): 1 zones
2025/12/01 22:29:55 [ZoneConflict] Conflict zones (different type/owner): 0 zones
2025/12/01 22:29:55 [ZoneMerge] Starting with 1 merge candidates, finding transitive overlaps...
2025/12/01 22:29:55 [ZoneMerge] Found 1 overlapping zones to merge: [1]
2025/12/01 22:29:55 [ZoneMerge] Oldest zone ID to keep: 1 (created: 2025-12-01 22:29:55.802725 +0000 +0000)
2025/12/01 22:29:55 [ZoneMerge] Will merge ALL 1 overlapping zones together (including oldest zone 1)
2025/12/01 22:29:55 [ZoneMerge] Merging 1 geometries (new + 1 existing)
2025/12/01 22:29:55 [ZoneMerge] Zones being merged: new zone (not yet in DB) + existing zones [1]
2025/12/01 22:29:55 [ZoneMerge] New geometry (first 200 chars): {"type":"Polygon","coordinates":[[[12,12],[22,12],[22,22],[12,22],[12,12]]]}
2025/12/01 22:29:55 [ZoneMerge] Existing zone 1 geometry (first 200 chars): {"type":"Polygon","coordinates":[[[10,0],[0,0],[0,10],[5,10],[5,15],[15,15],[15,5],[10,5],[10,0]]]}
2025/12/01 22:29:55 [ZoneMerge] Merged geometry type: ST_Polygon, area: 266.00
2025/12/01 22:29:55 [ZoneMerge] Successfully merged 2 zones into new geometry (result length: 130, type: ST_Polygon)
2025/12/01 22:29:55 [ZoneMerge] Merged result includes: new zone + existing zones [1] (all 2 zones)
2025/12/01 22:29:55 [ZoneMerge] Geometry spans: new=10.00, existing=15.00 (ring=264000000.00, half_ring=132000000.00)
2025/12/01 22:29:55 [ZoneMerge] Merged geometry (first 300 chars): {"type":"Polygon","coordinates":[[[0,0],[0,10],[5,10],[5,15],[12,15],[12,22],[22,22],[22,12],[15,12],[15,5],[10,5],[10,0],[0,0]]]}
2025/12/01 22:29:55 [ZoneMerge] Area comparison: new=100.00, existing sum=175.00, merged=266.00 (merged should be >= max of new/existing, less than sum if they overlap)
2025/12/01 22:29:55 [ZoneMerge] Updated zone 1 with merged geometry (area: 266.000000)
    zones_test.go:920: Oldest zone ID: 1
    zones_test.go:921: Final merged zone ID: 1
    zones_test.go:922: Final merged zone area: 266.00 m┬▓
--- PASS: TestZoneStorage_MergePreservesOldestID (0.23s)
=== RUN   TestZoneStorage_NoMergeDifferentTypes
2025/12/01 22:29:56 [ZoneConflict] Found 0 total overlapping zones (any type/owner)
2025/12/01 22:29:56 [ZoneConflict] Default zones (system zones, win): 0 zones
2025/12/01 22:29:56 [ZoneConflict] Merge candidates (same type/owner): 0 zones
2025/12/01 22:29:56 [ZoneConflict] Conflict zones (different type/owner): 0 zones
2025/12/01 22:29:56 [ZoneMerge] No merge candidates for component 1 - new zone will be created without merging
2025/12/01 22:29:56 [ZoneMerge] No overlapping zones found - will create new zone
2025/12/01 22:29:56 [ZoneCreate] Geometry structure: type=Polygon, ring_count=1
2025/12/01 22:29:56 [ZoneCreate]   Ring 0: 5 points
2025/12/01 22:29:56 [ZoneCreate] Created zone component 1: ID=1, name=ResidentialZone
2025/12/01 22:29:56 [ZoneConflict] Found 1 total overlapping zones (any type/owner)
2025/12/01 22:29:56 [ZoneConflict] Default zones (system zones, win): 0 zones
2025/12/01 22:29:56 [ZoneConflict] Merge candidates (same type/owner): 0 zones
2025/12/01 22:29:56 [ZoneConflict] Conflict zones (different type/owner): 1 zones
2025/12/01 22:29:56 [ZoneMerge] No merge candidates for component 1 - new zone will be created without merging
2025/12/01 22:29:56 [ZoneMerge] No overlapping zones found - will create new zone
2025/12/01 22:29:56 [ZoneCreate] Geometry structure: type=Polygon, ring_count=1
2025/12/01 22:29:56 [ZoneCreate]   Ring 0: 5 points
2025/12/01 22:29:56 [ZoneCreate] Created zone component 1: ID=2, name=CommercialZone
    zones_test.go:981: Zone1 (residential) ID: 1, area: 400.00 m┬▓
    zones_test.go:982: Zone2 (commercial) ID: 2, area: 400.00 m┬▓
--- PASS: TestZoneStorage_NoMergeDifferentTypes (0.20s)
=== RUN   TestZoneStorage_NoMergeDifferentFloors
2025/12/01 22:29:56 [ZoneConflict] Found 0 total overlapping zones (any type/owner)
2025/12/01 22:29:56 [ZoneConflict] Default zones (system zones, win): 0 zones
2025/12/01 22:29:56 [ZoneConflict] Merge candidates (same type/owner): 0 zones
2025/12/01 22:29:56 [ZoneConflict] Conflict zones (different type/owner): 0 zones
2025/12/01 22:29:56 [ZoneMerge] No merge candidates for component 1 - new zone will be created without merging
2025/12/01 22:29:56 [ZoneMerge] No overlapping zones found - will create new zone
2025/12/01 22:29:56 [ZoneCreate] Geometry structure: type=Polygon, ring_count=1
2025/12/01 22:29:56 [ZoneCreate]   Ring 0: 5 points
2025/12/01 22:29:56 [ZoneCreate] Created zone component 1: ID=1, name=Floor0Zone
2025/12/01 22:29:56 [ZoneConflict] Found 0 total overlapping zones (any type/owner)
2025/12/01 22:29:56 [ZoneConflict] Default zones (system zones, win): 0 zones
2025/12/01 22:29:56 [ZoneConflict] Merge candidates (same type/owner): 0 zones
2025/12/01 22:29:56 [ZoneConflict] Conflict zones (different type/owner): 0 zones
2025/12/01 22:29:56 [ZoneMerge] No merge candidates for component 1 - new zone will be created without merging
2025/12/01 22:29:56 [ZoneMerge] No overlapping zones found - will create new zone
2025/12/01 22:29:56 [ZoneCreate] Geometry structure: type=Polygon, ring_count=1
2025/12/01 22:29:56 [ZoneCreate]   Ring 0: 5 points
2025/12/01 22:29:56 [ZoneCreate] Created zone component 1: ID=2, name=Floor1Zone
    zones_test.go:1025: Zone1 (floor 0) ID: 1
    zones_test.go:1026: Zone2 (floor 1) ID: 2
--- PASS: TestZoneStorage_NoMergeDifferentFloors (0.20s)
=== RUN   TestZoneStorage_MergeMultipleZones
2025/12/01 22:29:56 [ZoneConflict] Found 0 total overlapping zones (any type/owner)
2025/12/01 22:29:56 [ZoneConflict] Default zones (system zones, win): 0 zones
2025/12/01 22:29:56 [ZoneConflict] Merge candidates (same type/owner): 0 zones
2025/12/01 22:29:56 [ZoneConflict] Conflict zones (different type/owner): 0 zones
2025/12/01 22:29:56 [ZoneMerge] No merge candidates for component 1 - new zone will be created without merging
2025/12/01 22:29:56 [ZoneMerge] No overlapping zones found - will create new zone
2025/12/01 22:29:56 [ZoneCreate] Geometry structure: type=Polygon, ring_count=1
2025/12/01 22:29:56 [ZoneCreate]   Ring 0: 5 points
2025/12/01 22:29:56 [ZoneCreate] Created zone component 1: ID=1, name=Zone1
2025/12/01 22:29:56 [ZoneConflict] Found 1 total overlapping zones (any type/owner)
2025/12/01 22:29:56 [ZoneConflict] Default zones (system zones, win): 0 zones
2025/12/01 22:29:56 [ZoneConflict] Merge candidates (same type/owner): 1 zones
2025/12/01 22:29:56 [ZoneConflict] Conflict zones (different type/owner): 0 zones
2025/12/01 22:29:56 [ZoneMerge] Starting with 1 merge candidates, finding transitive overlaps...
2025/12/01 22:29:56 [ZoneMerge] Found 1 overlapping zones to merge: [1]
2025/12/01 22:29:56 [ZoneMerge] Oldest zone ID to keep: 1 (created: 2025-12-01 22:29:56.434456 +0000 +0000)
2025/12/01 22:29:56 [ZoneMerge] Will merge ALL 1 overlapping zones together (including oldest zone 1)
2025/12/01 22:29:56 [ZoneMerge] Merging 1 geometries (new + 1 existing)
2025/12/01 22:29:56 [ZoneMerge] Zones being merged: new zone (not yet in DB) + existing zones [1]
2025/12/01 22:29:56 [ZoneMerge] New geometry (first 200 chars): {"type":"Polygon","coordinates":[[[10,10],[25,10],[25,25],[10,25],[10,10]]]}
2025/12/01 22:29:56 [ZoneMerge] Existing zone 1 geometry (first 200 chars): {"type":"Polygon","coordinates":[[[0,0],[15,0],[15,15],[0,15],[0,0]]]}
2025/12/01 22:29:56 [ZoneMerge] Merged geometry type: ST_Polygon, area: 425.00
2025/12/01 22:29:56 [ZoneMerge] Successfully merged 2 zones into new geometry (result length: 103, type: ST_Polygon)
2025/12/01 22:29:56 [ZoneMerge] Merged result includes: new zone + existing zones [1] (all 2 zones)
2025/12/01 22:29:56 [ZoneMerge] Geometry spans: new=15.00, existing=15.00 (ring=264000000.00, half_ring=132000000.00)
2025/12/01 22:29:56 [ZoneMerge] Merged geometry (first 300 chars): {"type":"Polygon","coordinates":[[[15,0],[0,0],[0,15],[10,15],[10,25],[25,25],[25,10],[15,10],[15,0]]]}
2025/12/01 22:29:56 [ZoneMerge] Area comparison: new=225.00, existing sum=225.00, merged=425.00 (merged should be >= max of new/existing, less than sum if they overlap)
2025/12/01 22:29:56 [ZoneMerge] Updated zone 1 with merged geometry (area: 425.000000)
2025/12/01 22:29:56 [ZoneConflict] Found 1 total overlapping zones (any type/owner)
2025/12/01 22:29:56 [ZoneConflict] Default zones (system zones, win): 0 zones
2025/12/01 22:29:56 [ZoneConflict] Merge candidates (same type/owner): 1 zones
2025/12/01 22:29:56 [ZoneConflict] Conflict zones (different type/owner): 0 zones
2025/12/01 22:29:56 [ZoneMerge] Starting with 1 merge candidates, finding transitive overlaps...
2025/12/01 22:29:56 [ZoneMerge] Found 1 overlapping zones to merge: [1]
2025/12/01 22:29:56 [ZoneMerge] Oldest zone ID to keep: 1 (created: 2025-12-01 22:29:56.434456 +0000 +0000)
2025/12/01 22:29:56 [ZoneMerge] Will merge ALL 1 overlapping zones together (including oldest zone 1)
2025/12/01 22:29:56 [ZoneMerge] Merging 1 geometries (new + 1 existing)
2025/12/01 22:29:56 [ZoneMerge] Zones being merged: new zone (not yet in DB) + existing zones [1]
2025/12/01 22:29:56 [ZoneMerge] New geometry (first 200 chars): {"type":"Polygon","coordinates":[[[20,20],[35,20],[35,35],[20,35],[20,20]]]}
2025/12/01 22:29:56 [ZoneMerge] Existing zone 1 geometry (first 200 chars): {"type":"Polygon","coordinates":[[[15,0],[0,0],[0,15],[10,15],[10,25],[25,25],[25,10],[15,10],[15,0]]]}
2025/12/01 22:29:56 [ZoneMerge] Merged geometry type: ST_Polygon, area: 625.00
2025/12/01 22:29:56 [ZoneMerge] Successfully merged 2 zones into new geometry (result length: 134, type: ST_Polygon)
2025/12/01 22:29:56 [ZoneMerge] Merged result includes: new zone + existing zones [1] (all 2 zones)
2025/12/01 22:29:56 [ZoneMerge] Geometry spans: new=15.00, existing=25.00 (ring=264000000.00, half_ring=132000000.00)
2025/12/01 22:29:56 [ZoneMerge] Merged geometry (first 300 chars): {"type":"Polygon","coordinates":[[[0,0],[0,15],[10,15],[10,25],[20,25],[20,35],[35,35],[35,20],[25,20],[25,10],[15,10],[15,0],[0,0]]]}
2025/12/01 22:29:56 [ZoneMerge] Area comparison: new=225.00, existing sum=425.00, merged=625.00 (merged should be >= max of new/existing, less than sum if they overlap)
2025/12/01 22:29:56 [ZoneMerge] Updated zone 1 with merged geometry (area: 625.000000)
    zones_test.go:1100: Oldest zone ID: 1
    zones_test.go:1101: Final merged zone area: 625.00 m┬▓
--- PASS: TestZoneStorage_MergeMultipleZones (0.23s)
=== RUN   TestZoneStorage_MergeNonOverlappingZones
2025/12/01 22:29:56 [ZoneConflict] Found 0 total overlapping zones (any type/owner)
2025/12/01 22:29:56 [ZoneConflict] Default zones (system zones, win): 0 zones
2025/12/01 22:29:56 [ZoneConflict] Merge candidates (same type/owner): 0 zones
2025/12/01 22:29:56 [ZoneConflict] Conflict zones (different type/owner): 0 zones
2025/12/01 22:29:56 [ZoneMerge] No merge candidates for component 1 - new zone will be created without merging
2025/12/01 22:29:56 [ZoneMerge] No overlapping zones found - will create new zone
2025/12/01 22:29:56 [ZoneCreate] Geometry structure: type=Polygon, ring_count=1
2025/12/01 22:29:56 [ZoneCreate]   Ring 0: 5 points
2025/12/01 22:29:56 [ZoneCreate] Created zone component 1: ID=1, name=Zone1
2025/12/01 22:29:56 [ZoneConflict] Found 0 total overlapping zones (any type/owner)
2025/12/01 22:29:56 [ZoneConflict] Default zones (system zones, win): 0 zones
2025/12/01 22:29:56 [ZoneConflict] Merge candidates (same type/owner): 0 zones
2025/12/01 22:29:56 [ZoneConflict] Conflict zones (different type/owner): 0 zones
2025/12/01 22:29:56 [ZoneMerge] No merge candidates for component 1 - new zone will be created without merging
2025/12/01 22:29:56 [ZoneMerge] No overlapping zones found - will create new zone
2025/12/01 22:29:56 [ZoneCreate] Geometry structure: type=Polygon, ring_count=1
2025/12/01 22:29:56 [ZoneCreate]   Ring 0: 5 points
2025/12/01 22:29:56 [ZoneCreate] Created zone component 1: ID=2, name=Zone2
    zones_test.go:1168: Zone1 ID: 1, area: 100.00 m┬▓
    zones_test.go:1169: Zone2 ID: 2, area: 100.00 m┬▓
--- PASS: TestZoneStorage_MergeNonOverlappingZones (0.32s)
=== RUN   TestZoneStorage_DezoneBasicSubtraction
2025/12/01 22:29:56 [ZoneConflict] Found 0 total overlapping zones (any type/owner)
2025/12/01 22:29:56 [ZoneConflict] Default zones (system zones, win): 0 zones
2025/12/01 22:29:56 [ZoneConflict] Merge candidates (same type/owner): 0 zones
2025/12/01 22:29:56 [ZoneConflict] Conflict zones (different type/owner): 0 zones
2025/12/01 22:29:56 [ZoneMerge] No merge candidates for component 1 - new zone will be created without merging
2025/12/01 22:29:56 [ZoneMerge] No overlapping zones found - will create new zone
2025/12/01 22:29:56 [ZoneCreate] Geometry structure: type=Polygon, ring_count=1
2025/12/01 22:29:56 [ZoneCreate]   Ring 0: 5 points
2025/12/01 22:29:56 [ZoneCreate] Created zone component 1: ID=1, name=TestZone
2025/12/01 22:29:56 [Dezone] Found 1 overlapping zones to subtract from: [1]
2025/12/01 22:29:56 [Dezone] Attempting to subtract dezone from zone 1
2025/12/01 22:29:57 [Dezone] Zone 1 split into 1 components
2025/12/01 22:29:57 [Dezone] Successfully subtracted dezone from zone 1 (resulted in 1 zones)
2025/12/01 22:29:57 [Dezone] Successfully subtracted dezone from 1 zones
    zones_test.go:1233: Γ£ô Dezone subtraction successful: area reduced from 10000.00 to 9600.00 m┬▓
--- PASS: TestZoneStorage_DezoneBasicSubtraction (0.22s)
=== RUN   TestZoneStorage_DezoneBisectsZone
2025/12/01 22:29:57 [ZoneConflict] Found 0 total overlapping zones (any type/owner)
2025/12/01 22:29:57 [ZoneConflict] Default zones (system zones, win): 0 zones
2025/12/01 22:29:57 [ZoneConflict] Merge candidates (same type/owner): 0 zones
2025/12/01 22:29:57 [ZoneConflict] Conflict zones (different type/owner): 0 zones
2025/12/01 22:29:57 [ZoneMerge] No merge candidates for component 1 - new zone will be created without merging
2025/12/01 22:29:57 [ZoneMerge] No overlapping zones found - will create new zone
2025/12/01 22:29:57 [ZoneCreate] Geometry structure: type=Polygon, ring_count=1
2025/12/01 22:29:57 [ZoneCreate]   Ring 0: 5 points
2025/12/01 22:29:57 [ZoneCreate] Created zone component 1: ID=1, name=TestZone
2025/12/01 22:29:57 [Dezone] Found 1 overlapping zones to subtract from: [1]
2025/12/01 22:29:57 [Dezone] Attempting to subtract dezone from zone 1
2025/12/01 22:29:57 [Dezone] Zone 1 split into 2 components
2025/12/01 22:29:57 [Dezone] Created new zone 2 for split component 1 (inserted directly, bypassing merge)
2025/12/01 22:29:57 [Dezone] Successfully subtracted dezone from zone 1 (resulted in 2 zones)
2025/12/01 22:29:57 [Dezone] Successfully subtracted dezone from 2 zones
    zones_test.go:1301: Γ£ô Zone bisection successful: created 2 zones (ID 1 and 2)
    zones_test.go:1302:   Original zone area: 4500.00 m┬▓
    zones_test.go:1303:   Split zone area: 4500.00 m┬▓
--- PASS: TestZoneStorage_DezoneBisectsZone (0.22s)
=== RUN   TestZoneStorage_DezoneNonOverlapping
2025/12/01 22:29:57 [ZoneConflict] Found 0 total overlapping zones (any type/owner)
2025/12/01 22:29:57 [ZoneConflict] Default zones (system zones, win): 0 zones
2025/12/01 22:29:57 [ZoneConflict] Merge candidates (same type/owner): 0 zones
2025/12/01 22:29:57 [ZoneConflict] Conflict zones (different type/owner): 0 zones
2025/12/01 22:29:57 [ZoneMerge] No merge candidates for component 1 - new zone will be created without merging
2025/12/01 22:29:57 [ZoneMerge] No overlapping zones found - will create new zone
2025/12/01 22:29:57 [ZoneCreate] Geometry structure: type=Polygon, ring_count=1
2025/12/01 22:29:57 [ZoneCreate]   Ring 0: 5 points
2025/12/01 22:29:57 [ZoneCreate] Created zone component 1: ID=1, name=TestZone
2025/12/01 22:29:57 [Dezone] No overlapping zones found - nothing to subtract
    zones_test.go:1355: Γ£ô Non-overlapping dezone correctly had no effect
    zones_test.go:1356:   Original zone area: 10000.00 m┬▓
    zones_test.go:1357:   Zone area after dezone: 10000.00 m┬▓
--- PASS: TestZoneStorage_DezoneNonOverlapping (0.20s)
=== RUN   TestZoneStorage_DezoneMultipleOverlapping
2025/12/01 22:29:57 [ZoneConflict] Found 0 total overlapping zones (any type/owner)
2025/12/01 22:29:57 [ZoneConflict] Default zones (system zones, win): 0 zones
2025/12/01 22:29:57 [ZoneConflict] Merge candidates (same type/owner): 0 zones
2025/12/01 22:29:57 [ZoneConflict] Conflict zones (different type/owner): 0 zones
2025/12/01 22:29:57 [ZoneMerge] No merge candidates for component 1 - new zone will be created without merging
2025/12/01 22:29:57 [ZoneMerge] No overlapping zones found - will create new zone
2025/12/01 22:29:57 [ZoneCreate] Geometry structure: type=Polygon, ring_count=1
2025/12/01 22:29:57 [ZoneCreate]   Ring 0: 5 points
2025/12/01 22:29:57 [ZoneCreate] Created zone component 1: ID=1, name=Zone1
2025/12/01 22:29:57 [ZoneConflict] Found 1 total overlapping zones (any type/owner)
2025/12/01 22:29:57 [ZoneConflict] Default zones (system zones, win): 0 zones
2025/12/01 22:29:57 [ZoneConflict] Merge candidates (same type/owner): 1 zones
2025/12/01 22:29:57 [ZoneConflict] Conflict zones (different type/owner): 0 zones
2025/12/01 22:29:57 [ZoneMerge] Starting with 1 merge candidates, finding transitive overlaps...
2025/12/01 22:29:57 [ZoneMerge] Found 1 overlapping zones to merge: [1]
2025/12/01 22:29:57 [ZoneMerge] Oldest zone ID to keep: 1 (created: 2025-12-01 22:29:57.662543 +0000 +0000)
2025/12/01 22:29:57 [ZoneMerge] Will merge ALL 1 overlapping zones together (including oldest zone 1)
2025/12/01 22:29:57 [ZoneMerge] Merging 1 geometries (new + 1 existing)
2025/12/01 22:29:57 [ZoneMerge] Zones being merged: new zone (not yet in DB) + existing zones [1]
2025/12/01 22:29:57 [ZoneMerge] New geometry (first 200 chars): {"type":"Polygon","coordinates":[[[50,50],[150,50],[150,150],[50,150],[50,50]]]}
2025/12/01 22:29:57 [ZoneMerge] Existing zone 1 geometry (first 200 chars): {"type":"Polygon","coordinates":[[[0,0],[100,0],[100,100],[0,100],[0,0]]]}
2025/12/01 22:29:57 [ZoneMerge] Merged geometry type: ST_Polygon, area: 17500.00
2025/12/01 22:29:57 [ZoneMerge] Successfully merged 2 zones into new geometry (result length: 112, type: ST_Polygon)
2025/12/01 22:29:57 [ZoneMerge] Merged result includes: new zone + existing zones [1] (all 2 zones)
2025/12/01 22:29:57 [ZoneMerge] Geometry spans: new=100.00, existing=100.00 (ring=264000000.00, half_ring=132000000.00)
2025/12/01 22:29:57 [ZoneMerge] Merged geometry (first 300 chars): {"type":"Polygon","coordinates":[[[100,0],[0,0],[0,100],[50,100],[50,150],[150,150],[150,50],[100,50],[100,0]]]}
2025/12/01 22:29:57 [ZoneMerge] Area comparison: new=10000.00, existing sum=10000.00, merged=17500.00 (merged should be >= max of new/existing, less than sum if they overlap)
2025/12/01 22:29:57 [ZoneMerge] Updated zone 1 with merged geometry (area: 17500.000000)
2025/12/01 22:29:57 [Dezone] Found 1 overlapping zones to subtract from: [1]
2025/12/01 22:29:57 [Dezone] Attempting to subtract dezone from zone 1
2025/12/01 22:29:57 [Dezone] Zone 1 split into 2 components
2025/12/01 22:29:57 [Dezone] Created new zone 2 for split component 1 (inserted directly, bypassing merge)
2025/12/01 22:29:57 [Dezone] Successfully subtracted dezone from zone 1 (resulted in 2 zones)
2025/12/01 22:29:57 [Dezone] Successfully subtracted dezone from 2 zones
    zones_test.go:1420: Γ£ô Dezone correctly subtracted from multiple overlapping zones
    zones_test.go:1421:   Updated 2 zones
--- PASS: TestZoneStorage_DezoneMultipleOverlapping (0.26s)
=== RUN   TestZoneStorage_DezoneWrappedCoordinates
2025/12/01 22:29:57 [ZoneConflict] Found 0 total overlapping zones (any type/owner)
2025/12/01 22:29:57 [ZoneConflict] Default zones (system zones, win): 0 zones
2025/12/01 22:29:57 [ZoneConflict] Merge candidates (same type/owner): 0 zones
2025/12/01 22:29:57 [ZoneConflict] Conflict zones (different type/owner): 0 zones
2025/12/01 22:29:57 [ZoneMerge] No merge candidates for component 1 - new zone will be created without merging
2025/12/01 22:29:57 [ZoneMerge] No overlapping zones found - will create new zone
2025/12/01 22:29:57 [ZoneCreate] Geometry structure: type=Polygon, ring_count=1
2025/12/01 22:29:57 [ZoneCreate]   Ring 0: 5 points
2025/12/01 22:29:57 [ZoneCreate] Created zone component 1: ID=1, name=WrappedZone
2025/12/01 22:29:57 [Dezone] Found 1 overlapping zones to subtract from: [1]
2025/12/01 22:29:57 [Dezone] Attempting to subtract dezone from zone 1
2025/12/01 22:29:57 [Dezone] Zone 1 split into 1 components
2025/12/01 22:29:57 [Dezone] Successfully subtracted dezone from zone 1 (resulted in 1 zones)
2025/12/01 22:29:57 [Dezone] Successfully subtracted dezone from 1 zones
    zones_test.go:1473: Γ£ô Wrapped dezone correctly subtracted from wrapped zone
    zones_test.go:1474:   Original area: 10000.00 m┬▓
    zones_test.go:1475:   Updated area: 8400.00 m┬▓
--- PASS: TestZoneStorage_DezoneWrappedCoordinates (0.23s)
=== RUN   TestZoneStorage_DezoneCompletelyRemovesZone
2025/12/01 22:29:58 [ZoneConflict] Found 0 total overlapping zones (any type/owner)
2025/12/01 22:29:58 [ZoneConflict] Default zones (system zones, win): 0 zones
2025/12/01 22:29:58 [ZoneConflict] Merge candidates (same type/owner): 0 zones
2025/12/01 22:29:58 [ZoneConflict] Conflict zones (different type/owner): 0 zones
2025/12/01 22:29:58 [ZoneMerge] No merge candidates for component 1 - new zone will be created without merging
2025/12/01 22:29:58 [ZoneMerge] No overlapping zones found - will create new zone
2025/12/01 22:29:58 [ZoneCreate] Geometry structure: type=Polygon, ring_count=1
2025/12/01 22:29:58 [ZoneCreate]   Ring 0: 5 points
2025/12/01 22:29:58 [ZoneCreate] Created zone component 1: ID=1, name=TestZone
2025/12/01 22:29:58 [Dezone] Found 1 overlapping zones to subtract from: [1]
2025/12/01 22:29:58 [Dezone] Attempting to subtract dezone from zone 1
2025/12/01 22:29:58 [Dezone] Subtraction returned no valid geometries for zone 1 - zone completely removed, deleting
2025/12/01 22:29:58 [Dezone] Successfully subtracted dezone from zone 1 (resulted in 0 zones)
2025/12/01 22:29:58 [Dezone] Successfully subtracted dezone from 0 zones
    zones_test.go:1524: Γ£ô Dezone completely removed zone
--- PASS: TestZoneStorage_DezoneCompletelyRemovesZone (0.23s)
=== RUN   TestZoneStorage_DezoneWithDifferentZoneTypes
2025/12/01 22:29:58 [ZoneConflict] Found 0 total overlapping zones (any type/owner)
2025/12/01 22:29:58 [ZoneConflict] Default zones (system zones, win): 0 zones
2025/12/01 22:29:58 [ZoneConflict] Merge candidates (same type/owner): 0 zones
2025/12/01 22:29:58 [ZoneConflict] Conflict zones (different type/owner): 0 zones
2025/12/01 22:29:58 [ZoneMerge] No merge candidates for component 1 - new zone will be created without merging
2025/12/01 22:29:58 [ZoneMerge] No overlapping zones found - will create new zone
2025/12/01 22:29:58 [ZoneCreate] Geometry structure: type=Polygon, ring_count=1
2025/12/01 22:29:58 [ZoneCreate]   Ring 0: 5 points
2025/12/01 22:29:58 [ZoneCreate] Created zone component 1: ID=1, name=Residential
2025/12/01 22:29:58 [ZoneConflict] Found 1 total overlapping zones (any type/owner)
2025/12/01 22:29:58 [ZoneConflict] Default zones (system zones, win): 0 zones
2025/12/01 22:29:58 [ZoneConflict] Merge candidates (same type/owner): 0 zones
2025/12/01 22:29:58 [ZoneConflict] Conflict zones (different type/owner): 1 zones
2025/12/01 22:29:58 [ZoneConflict] Using bulk resolution for zone 1: new_wins
2025/12/01 22:29:58 [ZoneConflict] Subtracting unioned new zone geometry from conflict zone 1 (same owner, different type, new zone wins)
2025/12/01 22:29:58 [Dezone] Zone 1 split into 1 components
2025/12/01 22:29:58 [ZoneConflict] Successfully subtracted unioned geometry from conflict zone 1
2025/12/01 22:29:58 [ZoneMerge] No merge candidates for component 1 - new zone will be created without merging
2025/12/01 22:29:58 [ZoneMerge] No overlapping zones found - will create new zone
2025/12/01 22:29:58 [ZoneCreate] Geometry structure: type=Polygon, ring_count=1
2025/12/01 22:29:58 [ZoneCreate]   Ring 0: 5 points
2025/12/01 22:29:58 [ZoneCreate] Created zone component 1: ID=2, name=Industrial
2025/12/01 22:29:58 [ZoneCreate] Updated 1 zone(s) during conflict resolution
2025/12/01 22:29:58 [Dezone] Found 2 overlapping zones to subtract from: [1 2]
2025/12/01 22:29:58 [Dezone] Attempting to subtract dezone from zone 1
2025/12/01 22:29:58 [Dezone] Zone 1 split into 1 components
2025/12/01 22:29:58 [Dezone] Successfully subtracted dezone from zone 1 (resulted in 1 zones)
2025/12/01 22:29:58 [Dezone] Attempting to subtract dezone from zone 2
2025/12/01 22:29:58 [Dezone] Zone 2 split into 1 components
2025/12/01 22:29:58 [Dezone] Successfully subtracted dezone from zone 2 (resulted in 1 zones)
2025/12/01 22:29:58 [Dezone] Successfully subtracted dezone from 2 zones
    zones_test.go:1594: Γ£ô Dezone correctly subtracted from zones of different types
    zones_test.go:1595:   Updated 2 zones
--- PASS: TestZoneStorage_DezoneWithDifferentZoneTypes (0.25s)
=== RUN   TestZoneStorage_DezoneOwnershipCheck
2025/12/01 22:29:58 [ZoneConflict] Found 0 total overlapping zones (any type/owner)
2025/12/01 22:29:58 [ZoneConflict] Default zones (system zones, win): 0 zones
2025/12/01 22:29:58 [ZoneConflict] Merge candidates (same type/owner): 0 zones
2025/12/01 22:29:58 [ZoneConflict] Conflict zones (different type/owner): 0 zones
2025/12/01 22:29:58 [ZoneMerge] No merge candidates for component 1 - new zone will be created without merging
2025/12/01 22:29:58 [ZoneMerge] No overlapping zones found - will create new zone
2025/12/01 22:29:58 [ZoneCreate] Geometry structure: type=Polygon, ring_count=1
2025/12/01 22:29:58 [ZoneCreate]   Ring 0: 5 points
2025/12/01 22:29:58 [ZoneCreate] Created zone component 1: ID=1, name=User1Zone
2025/12/01 22:29:58 [ZoneConflict] Found 1 total overlapping zones (any type/owner)
2025/12/01 22:29:58 [ZoneConflict] Default zones (system zones, win): 0 zones
2025/12/01 22:29:58 [ZoneConflict] Merge candidates (same type/owner): 0 zones
2025/12/01 22:29:58 [ZoneConflict] Conflict zones (different type/owner): 1 zones
2025/12/01 22:29:58 [ZoneMerge] No merge candidates for component 1 - new zone will be created without merging
2025/12/01 22:29:58 [ZoneMerge] No overlapping zones found - will create new zone
2025/12/01 22:29:58 [ZoneCreate] Geometry structure: type=Polygon, ring_count=1
2025/12/01 22:29:58 [ZoneCreate]   Ring 0: 5 points
2025/12/01 22:29:58 [ZoneCreate] Created zone component 1: ID=2, name=User2Zone
2025/12/01 22:29:58 [Dezone] Found 2 overlapping zones to subtract from: [1 2]
2025/12/01 22:29:58 [Dezone] Attempting to subtract dezone from zone 1
2025/12/01 22:29:58 [Dezone] Zone 1 split into 1 components
2025/12/01 22:29:58 [Dezone] Successfully subtracted dezone from zone 1 (resulted in 1 zones)
2025/12/01 22:29:58 [Dezone] WARNING: Permission denied - user 1 cannot dezone zone 2 (owner: 0xc0001a2da8, type: residential, system: false)
2025/12/01 22:29:58 [Dezone] Successfully subtracted dezone from 1 zones
    zones_test.go:1667: Γ£ô Dezone correctly respects ownership
    zones_test.go:1668:   User1's zone updated: area 10000.00 -> 4375.00 m┬▓
    zones_test.go:1669:   User2's zone unchanged: area 10000.00 m┬▓
--- PASS: TestZoneStorage_DezoneOwnershipCheck (0.33s)
=== RUN   TestZoneStorage_DezoneAtOrigin
2025/12/01 22:29:58 [ZoneConflict] Found 0 total overlapping zones (any type/owner)
2025/12/01 22:29:58 [ZoneConflict] Default zones (system zones, win): 0 zones
2025/12/01 22:29:58 [ZoneConflict] Merge candidates (same type/owner): 0 zones
2025/12/01 22:29:58 [ZoneConflict] Conflict zones (different type/owner): 0 zones
2025/12/01 22:29:58 [ZoneMerge] No merge candidates for component 1 - new zone will be created without merging
2025/12/01 22:29:58 [ZoneMerge] No overlapping zones found - will create new zone
2025/12/01 22:29:58 [ZoneCreate] Geometry structure: type=Polygon, ring_count=1
2025/12/01 22:29:58 [ZoneCreate]   Ring 0: 5 points
2025/12/01 22:29:58 [ZoneCreate] Created zone component 1: ID=1, name=ZoneAtOrigin
2025/12/01 22:29:58 [Dezone] Found 1 overlapping zones to subtract from: [1]
2025/12/01 22:29:58 [Dezone] Attempting to subtract dezone from zone 1
2025/12/01 22:29:58 [Dezone] Zone 1 split into 1 components
2025/12/01 22:29:58 [Dezone] Successfully subtracted dezone from zone 1 (resulted in 1 zones)
2025/12/01 22:29:58 [Dezone] Successfully subtracted dezone from 1 zones
    zones_test.go:1714: Γ£ô Dezone at origin correctly subtracted from zone
    zones_test.go:1715:   Original area: 10000.00 m┬▓
    zones_test.go:1716:   Updated area: 7500.00 m┬▓
--- PASS: TestZoneStorage_DezoneAtOrigin (0.22s)
=== RUN   TestZoneStorage_DezoneOnXAxis
2025/12/01 22:29:59 [ZoneConflict] Found 0 total overlapping zones (any type/owner)
2025/12/01 22:29:59 [ZoneConflict] Default zones (system zones, win): 0 zones
2025/12/01 22:29:59 [ZoneConflict] Merge candidates (same type/owner): 0 zones
2025/12/01 22:29:59 [ZoneConflict] Conflict zones (different type/owner): 0 zones
2025/12/01 22:29:59 [ZoneMerge] No merge candidates for component 1 - new zone will be created without merging
2025/12/01 22:29:59 [ZoneMerge] No overlapping zones found - will create new zone
2025/12/01 22:29:59 [ZoneCreate] Geometry structure: type=Polygon, ring_count=1
2025/12/01 22:29:59 [ZoneCreate]   Ring 0: 5 points
2025/12/01 22:29:59 [ZoneCreate] Created zone component 1: ID=1, name=ZoneOnXAxis
2025/12/01 22:29:59 [Dezone] Found 1 overlapping zones to subtract from: [1]
2025/12/01 22:29:59 [Dezone] Attempting to subtract dezone from zone 1
2025/12/01 22:29:59 [Dezone] Zone 1 split into 1 components
2025/12/01 22:29:59 [Dezone] Successfully subtracted dezone from zone 1 (resulted in 1 zones)
2025/12/01 22:29:59 [Dezone] Successfully subtracted dezone from 1 zones
    zones_test.go:1761: Γ£ô Dezone on X axis correctly subtracted from zone
    zones_test.go:1762:   Original area: 10000.00 m┬▓
    zones_test.go:1763:   Updated area: 7500.00 m┬▓
--- PASS: TestZoneStorage_DezoneOnXAxis (0.22s)
=== RUN   TestZoneStorage_DezoneWithPositiveX
2025/12/01 22:29:59 [ZoneConflict] Found 0 total overlapping zones (any type/owner)
2025/12/01 22:29:59 [ZoneConflict] Default zones (system zones, win): 0 zones
2025/12/01 22:29:59 [ZoneConflict] Merge candidates (same type/owner): 0 zones
2025/12/01 22:29:59 [ZoneConflict] Conflict zones (different type/owner): 0 zones
2025/12/01 22:29:59 [ZoneMerge] No merge candidates for component 1 - new zone will be created without merging
2025/12/01 22:29:59 [ZoneMerge] No overlapping zones found - will create new zone
2025/12/01 22:29:59 [ZoneCreate] Geometry structure: type=Polygon, ring_count=1
2025/12/01 22:29:59 [ZoneCreate]   Ring 0: 5 points
2025/12/01 22:29:59 [ZoneCreate] Created zone component 1: ID=1, name=ZonePositiveX
2025/12/01 22:29:59 [Dezone] Found 1 overlapping zones to subtract from: [1]
2025/12/01 22:29:59 [Dezone] Attempting to subtract dezone from zone 1
2025/12/01 22:29:59 [Dezone] Zone 1 split into 1 components
2025/12/01 22:29:59 [Dezone] Successfully subtracted dezone from zone 1 (resulted in 1 zones)
2025/12/01 22:29:59 [Dezone] Successfully subtracted dezone from 1 zones
    zones_test.go:1808: Γ£ô Dezone with positive X correctly subtracted from zone
    zones_test.go:1809:   Original area: 10000.00 m┬▓
    zones_test.go:1810:   Updated area: 7500.00 m┬▓
--- PASS: TestZoneStorage_DezoneWithPositiveX (0.22s)
=== RUN   TestZoneStorage_DezoneSubtractsFromSingleZone
2025/12/01 22:29:59 [ZoneConflict] Found 0 total overlapping zones (any type/owner)
2025/12/01 22:29:59 [ZoneConflict] Default zones (system zones, win): 0 zones
2025/12/01 22:29:59 [ZoneConflict] Merge candidates (same type/owner): 0 zones
2025/12/01 22:29:59 [ZoneConflict] Conflict zones (different type/owner): 0 zones
2025/12/01 22:29:59 [ZoneMerge] No merge candidates for component 1 - new zone will be created without merging
2025/12/01 22:29:59 [ZoneMerge] No overlapping zones found - will create new zone
2025/12/01 22:29:59 [ZoneCreate] Geometry structure: type=Polygon, ring_count=1
2025/12/01 22:29:59 [ZoneCreate]   Ring 0: 5 points
2025/12/01 22:29:59 [ZoneCreate] Created zone component 1: ID=1, name=OriginalZone
2025/12/01 22:29:59 [Dezone] Found 1 overlapping zones to subtract from: [1]
2025/12/01 22:29:59 [Dezone] Attempting to subtract dezone from zone 1
2025/12/01 22:29:59 [Dezone] Zone 1 split into 1 components
2025/12/01 22:29:59 [Dezone] Successfully subtracted dezone from zone 1 (resulted in 1 zones)
2025/12/01 22:29:59 [Dezone] Successfully subtracted dezone from 1 zones
    zones_test.go:1885: Γ£ô Dezone successfully subtracted from single zone
    zones_test.go:1886:   Original area: 10000.00 m┬▓
    zones_test.go:1887:   Updated area: 8400.00 m┬▓
--- PASS: TestZoneStorage_DezoneSubtractsFromSingleZone (0.22s)
=== RUN   TestZoneStorage_RectangleMerging
2025/12/01 22:29:59 [ZoneConflict] Found 0 total overlapping zones (any type/owner)
2025/12/01 22:29:59 [ZoneConflict] Default zones (system zones, win): 0 zones
2025/12/01 22:29:59 [ZoneConflict] Merge candidates (same type/owner): 0 zones
2025/12/01 22:29:59 [ZoneConflict] Conflict zones (different type/owner): 0 zones
2025/12/01 22:29:59 [ZoneMerge] No merge candidates for component 1 - new zone will be created without merging
2025/12/01 22:29:59 [ZoneMerge] No overlapping zones found - will create new zone
2025/12/01 22:29:59 [ZoneCreate] Geometry structure: type=Polygon, ring_count=1
2025/12/01 22:29:59 [ZoneCreate]   Ring 0: 5 points
2025/12/01 22:29:59 [ZoneCreate] Created zone component 1: ID=1, name=Rect1
2025/12/01 22:29:59 [ZoneConflict] Found 1 total overlapping zones (any type/owner)
2025/12/01 22:29:59 [ZoneConflict] Default zones (system zones, win): 0 zones
2025/12/01 22:29:59 [ZoneConflict] Merge candidates (same type/owner): 1 zones
2025/12/01 22:29:59 [ZoneConflict] Conflict zones (different type/owner): 0 zones
2025/12/01 22:29:59 [ZoneMerge] Starting with 1 merge candidates, finding transitive overlaps...
2025/12/01 22:29:59 [ZoneMerge] Found 1 overlapping zones to merge: [1]
2025/12/01 22:29:59 [ZoneMerge] Oldest zone ID to keep: 1 (created: 2025-12-01 22:29:59.819939 +0000 +0000)
2025/12/01 22:29:59 [ZoneMerge] Will merge ALL 1 overlapping zones together (including oldest zone 1)
2025/12/01 22:29:59 [ZoneMerge] Merging 1 geometries (new + 1 existing)
2025/12/01 22:29:59 [ZoneMerge] Zones being merged: new zone (not yet in DB) + existing zones [1]
2025/12/01 22:29:59 [ZoneMerge] New geometry (first 200 chars): {"type":"Polygon","coordinates":[[[50,50],[150,50],[150,150],[50,150],[50,50]]]}
2025/12/01 22:29:59 [ZoneMerge] Existing zone 1 geometry (first 200 chars): {"type":"Polygon","coordinates":[[[0,0],[100,0],[100,100],[0,100],[0,0]]]}
2025/12/01 22:29:59 [ZoneMerge] Merged geometry type: ST_Polygon, area: 17500.00
2025/12/01 22:29:59 [ZoneMerge] Successfully merged 2 zones into new geometry (result length: 112, type: ST_Polygon)
2025/12/01 22:29:59 [ZoneMerge] Merged result includes: new zone + existing zones [1] (all 2 zones)
2025/12/01 22:29:59 [ZoneMerge] Geometry spans: new=100.00, existing=100.00 (ring=264000000.00, half_ring=132000000.00)
2025/12/01 22:29:59 [ZoneMerge] Merged geometry (first 300 chars): {"type":"Polygon","coordinates":[[[100,0],[0,0],[0,100],[50,100],[50,150],[150,150],[150,50],[100,50],[100,0]]]}
2025/12/01 22:29:59 [ZoneMerge] Area comparison: new=10000.00, existing sum=10000.00, merged=17500.00 (merged should be >= max of new/existing, less than sum if they overlap)
2025/12/01 22:29:59 [ZoneMerge] Updated zone 1 with merged geometry (area: 17500.000000)
    zones_test.go:1938: Γ£ô Rectangles merged successfully
    zones_test.go:1939:   Original area: 10000.00 m┬▓, Merged area: 17500.00 m┬▓
--- PASS: TestZoneStorage_RectangleMerging (0.22s)
=== RUN   TestZoneStorage_RectangleAtOriginWithEdges
2025/12/01 22:30:00 [ZoneConflict] Found 0 total overlapping zones (any type/owner)
2025/12/01 22:30:00 [ZoneConflict] Default zones (system zones, win): 0 zones
2025/12/01 22:30:00 [ZoneConflict] Merge candidates (same type/owner): 0 zones
2025/12/01 22:30:00 [ZoneConflict] Conflict zones (different type/owner): 0 zones
2025/12/01 22:30:00 [ZoneMerge] No merge candidates for component 1 - new zone will be created without merging
2025/12/01 22:30:00 [ZoneMerge] No overlapping zones found - will create new zone
2025/12/01 22:30:00 [ZoneCreate] Geometry structure: type=Polygon, ring_count=1
2025/12/01 22:30:00 [ZoneCreate]   Ring 0: 5 points
2025/12/01 22:30:00 [ZoneCreate] Created zone component 1: ID=1, name=OriginRect
2025/12/01 22:30:00 [ZoneConflict] Found 1 total overlapping zones (any type/owner)
2025/12/01 22:30:00 [ZoneConflict] Default zones (system zones, win): 0 zones
2025/12/01 22:30:00 [ZoneConflict] Merge candidates (same type/owner): 1 zones
2025/12/01 22:30:00 [ZoneConflict] Conflict zones (different type/owner): 0 zones
2025/12/01 22:30:00 [ZoneMerge] Starting with 1 merge candidates, finding transitive overlaps...
2025/12/01 22:30:00 [ZoneMerge] Found 1 overlapping zones to merge: [1]
2025/12/01 22:30:00 [ZoneMerge] Oldest zone ID to keep: 1 (created: 2025-12-01 22:30:00.047162 +0000 +0000)
2025/12/01 22:30:00 [ZoneMerge] Will merge ALL 1 overlapping zones together (including oldest zone 1)
2025/12/01 22:30:00 [ZoneMerge] Merging 1 geometries (new + 1 existing)
2025/12/01 22:30:00 [ZoneMerge] Zones being merged: new zone (not yet in DB) + existing zones [1]
2025/12/01 22:30:00 [ZoneMerge] New geometry (first 200 chars): {"type":"Polygon","coordinates":[[[50,0],[150,0],[150,100],[50,100],[50,0]]]}
2025/12/01 22:30:00 [ZoneMerge] Existing zone 1 geometry (first 200 chars): {"type":"Polygon","coordinates":[[[0,0],[100,0],[100,100],[0,100],[0,0]]]}
2025/12/01 22:30:00 [ZoneMerge] Merged geometry type: ST_Polygon, area: 15000.00
2025/12/01 22:30:00 [ZoneMerge] Successfully merged 2 zones into new geometry (result length: 108, type: ST_Polygon)
2025/12/01 22:30:00 [ZoneMerge] Merged result includes: new zone + existing zones [1] (all 2 zones)
2025/12/01 22:30:00 [ZoneMerge] Geometry spans: new=100.00, existing=100.00 (ring=264000000.00, half_ring=132000000.00)
2025/12/01 22:30:00 [ZoneMerge] Merged geometry (first 300 chars): {"type":"Polygon","coordinates":[[[0,0],[0,100],[50,100],[100,100],[150,100],[150,0],[100,0],[50,0],[0,0]]]}
2025/12/01 22:30:00 [ZoneMerge] Area comparison: new=10000.00, existing sum=10000.00, merged=15000.00 (merged should be >= max of new/existing, less than sum if they overlap)
2025/12/01 22:30:00 [ZoneMerge] Updated zone 1 with merged geometry (area: 15000.000000)
2025/12/01 22:30:00 [ZoneConflict] Found 1 total overlapping zones (any type/owner)
2025/12/01 22:30:00 [ZoneConflict] Default zones (system zones, win): 0 zones
2025/12/01 22:30:00 [ZoneConflict] Merge candidates (same type/owner): 1 zones
2025/12/01 22:30:00 [ZoneConflict] Conflict zones (different type/owner): 0 zones
2025/12/01 22:30:00 [ZoneMerge] Starting with 1 merge candidates, finding transitive overlaps...
2025/12/01 22:30:00 [ZoneMerge] Found 1 overlapping zones to merge: [1]
2025/12/01 22:30:00 [ZoneMerge] Oldest zone ID to keep: 1 (created: 2025-12-01 22:30:00.047162 +0000 +0000)
2025/12/01 22:30:00 [ZoneMerge] Will merge ALL 1 overlapping zones together (including oldest zone 1)
2025/12/01 22:30:00 [ZoneMerge] Merging 1 geometries (new + 1 existing)
2025/12/01 22:30:00 [ZoneMerge] Zones being merged: new zone (not yet in DB) + existing zones [1]
2025/12/01 22:30:00 [ZoneMerge] New geometry (first 200 chars): {"type":"Polygon","coordinates":[[[0,50],[100,50],[100,150],[0,150],[0,50]]]}
2025/12/01 22:30:00 [ZoneMerge] Existing zone 1 geometry (first 200 chars): {"type":"Polygon","coordinates":[[[0,0],[0,100],[50,100],[100,100],[150,100],[150,0],[100,0],[50,0],[0,0]]]}
2025/12/01 22:30:00 [ZoneMerge] Merged geometry type: ST_Polygon, area: 20000.00
2025/12/01 22:30:00 [ZoneMerge] Successfully merged 2 zones into new geometry (result length: 125, type: ST_Polygon)
2025/12/01 22:30:00 [ZoneMerge] Merged result includes: new zone + existing zones [1] (all 2 zones)
2025/12/01 22:30:00 [ZoneMerge] Geometry spans: new=100.00, existing=150.00 (ring=264000000.00, half_ring=132000000.00)
2025/12/01 22:30:00 [ZoneMerge] Merged geometry (first 300 chars): {"type":"Polygon","coordinates":[[[0,50],[0,100],[0,150],[100,150],[100,100],[150,100],[150,0],[100,0],[50,0],[0,0],[0,50]]]}
2025/12/01 22:30:00 [ZoneMerge] Area comparison: new=10000.00, existing sum=15000.00, merged=20000.00 (merged should be >= max of new/existing, less than sum if they overlap)
2025/12/01 22:30:00 [ZoneMerge] Updated zone 1 with merged geometry (area: 20000.000000)
2025/12/01 22:30:00 [ZoneConflict] Found 1 total overlapping zones (any type/owner)
2025/12/01 22:30:00 [ZoneConflict] Default zones (system zones, win): 0 zones
2025/12/01 22:30:00 [ZoneConflict] Merge candidates (same type/owner): 1 zones
2025/12/01 22:30:00 [ZoneConflict] Conflict zones (different type/owner): 0 zones
2025/12/01 22:30:00 [ZoneMerge] Starting with 1 merge candidates, finding transitive overlaps...
2025/12/01 22:30:00 [ZoneMerge] Found 1 overlapping zones to merge: [1]
2025/12/01 22:30:00 [ZoneMerge] Oldest zone ID to keep: 1 (created: 2025-12-01 22:30:00.047162 +0000 +0000)
2025/12/01 22:30:00 [ZoneMerge] Will merge ALL 1 overlapping zones together (including oldest zone 1)
2025/12/01 22:30:00 [ZoneMerge] Merging 1 geometries (new + 1 existing)
2025/12/01 22:30:00 [ZoneMerge] Zones being merged: new zone (not yet in DB) + existing zones [1]
2025/12/01 22:30:00 [ZoneMerge] New geometry (first 200 chars): {"type":"Polygon","coordinates":[[[50,0],[150,0],[150,100],[50,100],[50,0]]]}
2025/12/01 22:30:00 [ZoneMerge] Existing zone 1 geometry (first 200 chars): {"type":"Polygon","coordinates":[[[0,50],[0,100],[0,150],[100,150],[100,100],[150,100],[150,0],[100,0],[50,0],[0,0],[0,50]]]}
2025/12/01 22:30:00 [ZoneMerge] Merged geometry type: ST_Polygon, area: 20000.00
2025/12/01 22:30:00 [ZoneMerge] Successfully merged 2 zones into new geometry (result length: 125, type: ST_Polygon)
2025/12/01 22:30:00 [ZoneMerge] Merged result includes: new zone + existing zones [1] (all 2 zones)
2025/12/01 22:30:00 [ZoneMerge] Geometry spans: new=100.00, existing=150.00 (ring=264000000.00, half_ring=132000000.00)
2025/12/01 22:30:00 [ZoneMerge] Merged geometry (first 300 chars): {"type":"Polygon","coordinates":[[[50,0],[0,0],[0,50],[0,100],[0,150],[100,150],[100,100],[150,100],[150,0],[100,0],[50,0]]]}
2025/12/01 22:30:00 [ZoneMerge] Area comparison: new=10000.00, existing sum=20000.00, merged=20000.00 (merged should be >= max of new/existing, less than sum if they overlap)
2025/12/01 22:30:00 [ZoneMerge] Updated zone 1 with merged geometry (area: 20000.000000)
2025/12/01 22:30:00 [ZoneConflict] Found 1 total overlapping zones (any type/owner)
2025/12/01 22:30:00 [ZoneConflict] Default zones (system zones, win): 0 zones
2025/12/01 22:30:00 [ZoneConflict] Merge candidates (same type/owner): 1 zones
2025/12/01 22:30:00 [ZoneConflict] Conflict zones (different type/owner): 0 zones
2025/12/01 22:30:00 [ZoneMerge] Starting with 1 merge candidates, finding transitive overlaps...
2025/12/01 22:30:00 [ZoneMerge] Found 1 overlapping zones to merge: [1]
2025/12/01 22:30:00 [ZoneMerge] Oldest zone ID to keep: 1 (created: 2025-12-01 22:30:00.047162 +0000 +0000)
2025/12/01 22:30:00 [ZoneMerge] Will merge ALL 1 overlapping zones together (including oldest zone 1)
2025/12/01 22:30:00 [ZoneMerge] Merging 1 geometries (new + 1 existing)
2025/12/01 22:30:00 [ZoneMerge] Zones being merged: new zone (not yet in DB) + existing zones [1]
2025/12/01 22:30:00 [ZoneMerge] New geometry (first 200 chars): {"type":"Polygon","coordinates":[[[0,0],[100,0],[100,50],[0,50],[0,0]]]}
2025/12/01 22:30:00 [ZoneMerge] Existing zone 1 geometry (first 200 chars): {"type":"Polygon","coordinates":[[[50,0],[0,0],[0,50],[0,100],[0,150],[100,150],[100,100],[150,100],[150,0],[100,0],[50,0]]]}
2025/12/01 22:30:00 [ZoneMerge] Merged geometry type: ST_Polygon, area: 20000.00
2025/12/01 22:30:00 [ZoneMerge] Successfully merged 2 zones into new geometry (result length: 124, type: ST_Polygon)
2025/12/01 22:30:00 [ZoneMerge] Merged result includes: new zone + existing zones [1] (all 2 zones)
2025/12/01 22:30:00 [ZoneMerge] Geometry spans: new=100.00, existing=150.00 (ring=264000000.00, half_ring=132000000.00)
2025/12/01 22:30:00 [ZoneMerge] Merged geometry (first 300 chars): {"type":"Polygon","coordinates":[[[0,0],[0,50],[0,100],[0,150],[100,150],[100,100],[150,100],[150,0],[100,0],[50,0],[0,0]]]}
2025/12/01 22:30:00 [ZoneMerge] Area comparison: new=5000.00, existing sum=20000.00, merged=20000.00 (merged should be >= max of new/existing, less than sum if they overlap)
2025/12/01 22:30:00 [ZoneMerge] Updated zone 1 with merged geometry (area: 20000.000000)
    zones_test.go:2048: Γ£ô West rectangle merged with origin
    zones_test.go:2048: Γ£ô North rectangle merged with origin
    zones_test.go:2048: Γ£ô East rectangle merged with origin
    zones_test.go:2048: Γ£ô South rectangle merged with origin
    zones_test.go:2078: Γ£ô Rectangle at origin with edge overlaps test
    zones_test.go:2079:   Origin area: 10000.00 m┬▓
    zones_test.go:2080:   Final merged area: 20000.00 m┬▓
    zones_test.go:2081:   Total zones in DB: 1 (expected 1)
--- PASS: TestZoneStorage_RectangleAtOriginWithEdges (0.27s)
=== RUN   TestZoneStorage_VerifyNormalizeForIntersectionExists
    zones_test.go:2132: Γ£ô normalize_for_intersection function exists and works
    zones_test.go:2133:   Test result: POLYGON((0 0,10 0,10 10,0 10,0 0))
--- PASS: TestZoneStorage_VerifyNormalizeForIntersectionExists (0.19s)
=== RUN   TestZoneStorage_CircleMerging
2025/12/01 22:30:00 [ZoneConflict] Found 0 total overlapping zones (any type/owner)
2025/12/01 22:30:00 [ZoneConflict] Default zones (system zones, win): 0 zones
2025/12/01 22:30:00 [ZoneConflict] Merge candidates (same type/owner): 0 zones
2025/12/01 22:30:00 [ZoneConflict] Conflict zones (different type/owner): 0 zones
2025/12/01 22:30:00 [ZoneMerge] No merge candidates for component 1 - new zone will be created without merging
2025/12/01 22:30:00 [ZoneMerge] No overlapping zones found - will create new zone
2025/12/01 22:30:00 [ZoneCreate] Geometry structure: type=Polygon, ring_count=1
2025/12/01 22:30:00 [ZoneCreate]   Ring 0: 33 points
2025/12/01 22:30:00 [ZoneCreate] Created zone component 1: ID=1, name=Circle1
2025/12/01 22:30:00 [ZoneConflict] Found 1 total overlapping zones (any type/owner)
2025/12/01 22:30:00 [ZoneConflict] Default zones (system zones, win): 0 zones
2025/12/01 22:30:00 [ZoneConflict] Merge candidates (same type/owner): 1 zones
2025/12/01 22:30:00 [ZoneConflict] Conflict zones (different type/owner): 0 zones
2025/12/01 22:30:00 [ZoneMerge] Starting with 1 merge candidates, finding transitive overlaps...
2025/12/01 22:30:00 [ZoneMerge] Found 1 overlapping zones to merge: [1]
2025/12/01 22:30:00 [ZoneMerge] Oldest zone ID to keep: 1 (created: 2025-12-01 22:30:00.49709 +0000 +0000)
2025/12/01 22:30:00 [ZoneMerge] Will merge ALL 1 overlapping zones together (including oldest zone 1)
2025/12/01 22:30:00 [ZoneMerge] Merging 1 geometries (new + 1 existing)
2025/12/01 22:30:00 [ZoneMerge] Zones being merged: new zone (not yet in DB) + existing zones [1]
2025/12/01 22:30:00 [ZoneMerge] New geometry (first 200 chars): {
		"type": "Polygon",
		"coordinates": [[
			[170,120],[168,130],[165,140],[160,148],[153,155],[145,160],[135,165],[125,168],[115,169],[105,168],
			[95,165],[85,160],[77,155],[70,148],[65,140],[62,1...
2025/12/01 22:30:00 [ZoneMerge] Existing zone 1 geometry (first 200 chars): {"type":"Polygon","coordinates":[[[150,100],[148,110],[145,120],[140,128],[133,135],[125,140],[115,145],[105,148],[95,149],[85,148],[75,145],[65,140],[57,135],[50,128],[45,120],[42,110],[40,100],[42,9...
2025/12/01 22:30:00 [ZoneMerge] Merged geometry type: ST_Polygon, area: 11163.00
2025/12/01 22:30:00 [ZoneMerge] Successfully merged 2 zones into new geometry (result length: 391, type: ST_Polygon)
2025/12/01 22:30:00 [ZoneMerge] Merged result includes: new zone + existing zones [1] (all 2 zones)
2025/12/01 22:30:00 [ZoneMerge] Geometry spans: new=110.00, existing=110.00 (ring=264000000.00, half_ring=132000000.00)
2025/12/01 22:30:00 [ZoneMerge] Merged geometry (first 300 chars): {"type":"Polygon","coordinates":[[[140,72],[133,65],[125,60],[115,55],[105,52],[95,51],[85,52],[75,55],[65,60],[57,65],[50,72],[45,80],[42,90],[40,100],[42,110],[45,120],[50,128],[57,135],[65,140],[70,148],[77,155],[85,160],[95,165],[105,168],[115,169],[125,168],[135,165],[145,160],[153,155],[160,14...
2025/12/01 22:30:00 [ZoneMerge] Area comparison: new=8282.00, existing sum=8282.00, merged=11163.00 (merged should be >= max of new/existing, less than sum if they overlap)
2025/12/01 22:30:00 [ZoneMerge] Updated zone 1 with merged geometry (area: 11163.000000)
    zones_test.go:2196: Γ£ô Circles merged successfully
    zones_test.go:2197:   Original area: 8282.00 m┬▓, Merged area: 11163.00 m┬▓
--- PASS: TestZoneStorage_CircleMerging (0.22s)
=== RUN   TestZoneStorage_PolygonMerging
2025/12/01 22:30:00 [ZoneConflict] Found 0 total overlapping zones (any type/owner)
2025/12/01 22:30:00 [ZoneConflict] Default zones (system zones, win): 0 zones
2025/12/01 22:30:00 [ZoneConflict] Merge candidates (same type/owner): 0 zones
2025/12/01 22:30:00 [ZoneConflict] Conflict zones (different type/owner): 0 zones
2025/12/01 22:30:00 [ZoneMerge] No merge candidates for component 1 - new zone will be created without merging
2025/12/01 22:30:00 [ZoneMerge] No overlapping zones found - will create new zone
2025/12/01 22:30:00 [ZoneCreate] Geometry structure: type=Polygon, ring_count=1
2025/12/01 22:30:00 [ZoneCreate]   Ring 0: 4 points
2025/12/01 22:30:00 [ZoneCreate] Created zone component 1: ID=1, name=Poly1
2025/12/01 22:30:00 [ZoneConflict] Found 1 total overlapping zones (any type/owner)
2025/12/01 22:30:00 [ZoneConflict] Default zones (system zones, win): 0 zones
2025/12/01 22:30:00 [ZoneConflict] Merge candidates (same type/owner): 1 zones
2025/12/01 22:30:00 [ZoneConflict] Conflict zones (different type/owner): 0 zones
2025/12/01 22:30:00 [ZoneMerge] Starting with 1 merge candidates, finding transitive overlaps...
2025/12/01 22:30:00 [ZoneMerge] Found 1 overlapping zones to merge: [1]
2025/12/01 22:30:00 [ZoneMerge] Oldest zone ID to keep: 1 (created: 2025-12-01 22:30:00.722619 +0000 +0000)
2025/12/01 22:30:00 [ZoneMerge] Will merge ALL 1 overlapping zones together (including oldest zone 1)
2025/12/01 22:30:00 [ZoneMerge] Merging 1 geometries (new + 1 existing)
2025/12/01 22:30:00 [ZoneMerge] Zones being merged: new zone (not yet in DB) + existing zones [1]
2025/12/01 22:30:00 [ZoneMerge] New geometry (first 200 chars): {
		"type": "Polygon",
		"coordinates": [[[50,50],[150,50],[180,100],[100,150],[20,100],[50,50]]]
	}
2025/12/01 22:30:00 [ZoneMerge] Existing zone 1 geometry (first 200 chars): {"type":"Polygon","coordinates":[[[0,0],[100,0],[50,100],[0,0]]]}
2025/12/01 22:30:00 [ZoneMerge] Merged geometry type: ST_Polygon, area: 14534.09
2025/12/01 22:30:00 [ZoneMerge] Successfully merged 2 zones into new geometry (result length: 142, type: ST_Polygon)
2025/12/01 22:30:00 [ZoneMerge] Merged result includes: new zone + existing zones [1] (all 2 zones)
2025/12/01 22:30:00 [ZoneMerge] Geometry spans: new=160.00, existing=100.00 (ring=264000000.00, half_ring=132000000.00)
2025/12/01 22:30:00 [ZoneMerge] Merged geometry (first 300 chars): {"type":"Polygon","coordinates":[[[100,0],[0,0],[36.36363636363637,72.72727272727273],[20,100],[100,150],[180,100],[150,50],[75,50],[100,0]]]}
2025/12/01 22:30:00 [ZoneMerge] Area comparison: new=10500.00, existing sum=5000.00, merged=14534.09 (merged should be >= max of new/existing, less than sum if they overlap)
2025/12/01 22:30:00 [ZoneMerge] Updated zone 1 with merged geometry (area: 14534.090909)
    zones_test.go:2250: Γ£ô Polygons merged successfully
    zones_test.go:2251:   Original area: 5000.00 m┬▓, Merged area: 14534.09 m┬▓
--- PASS: TestZoneStorage_PolygonMerging (0.23s)
=== RUN   TestZoneStorage_PaintbrushMerging
2025/12/01 22:30:00 [ZoneConflict] Found 0 total overlapping zones (any type/owner)
2025/12/01 22:30:00 [ZoneConflict] Default zones (system zones, win): 0 zones
2025/12/01 22:30:00 [ZoneConflict] Merge candidates (same type/owner): 0 zones
2025/12/01 22:30:00 [ZoneConflict] Conflict zones (different type/owner): 0 zones
2025/12/01 22:30:00 [ZoneMerge] No merge candidates for component 1 - new zone will be created without merging
2025/12/01 22:30:00 [ZoneMerge] No overlapping zones found - will create new zone
2025/12/01 22:30:00 [ZoneCreate] Geometry structure: type=Polygon, ring_count=1
2025/12/01 22:30:00 [ZoneCreate]   Ring 0: 8 points
2025/12/01 22:30:00 [ZoneCreate] Created zone component 1: ID=1, name=Paint1
2025/12/01 22:30:00 [ZoneConflict] Found 1 total overlapping zones (any type/owner)
2025/12/01 22:30:00 [ZoneConflict] Default zones (system zones, win): 0 zones
2025/12/01 22:30:00 [ZoneConflict] Merge candidates (same type/owner): 1 zones
2025/12/01 22:30:00 [ZoneConflict] Conflict zones (different type/owner): 0 zones
2025/12/01 22:30:00 [ZoneMerge] Starting with 1 merge candidates, finding transitive overlaps...
2025/12/01 22:30:00 [ZoneMerge] Found 1 overlapping zones to merge: [1]
2025/12/01 22:30:00 [ZoneMerge] Oldest zone ID to keep: 1 (created: 2025-12-01 22:30:00.945578 +0000 +0000)
2025/12/01 22:30:00 [ZoneMerge] Will merge ALL 1 overlapping zones together (including oldest zone 1)
2025/12/01 22:30:00 [ZoneMerge] Merging 1 geometries (new + 1 existing)
2025/12/01 22:30:00 [ZoneMerge] Zones being merged: new zone (not yet in DB) + existing zones [1]
2025/12/01 22:30:00 [ZoneMerge] New geometry (first 200 chars): {
		"type": "Polygon",
		"coordinates": [[[80,30],[130,40],[150,70],[130,100],[80,110],[50,90],[80,30]]]
	}
2025/12/01 22:30:00 [ZoneMerge] Existing zone 1 geometry (first 200 chars): {"type":"Polygon","coordinates":[[[0,0],[50,10],[100,20],[120,50],[100,80],[50,90],[0,100],[0,0]]]}
2025/12/01 22:30:00 [ZoneMerge] Merged geometry type: ST_Polygon, area: 11565.38
2025/12/01 22:30:00 [ZoneMerge] Successfully merged 2 zones into new geometry (result length: 160, type: ST_Polygon)
2025/12/01 22:30:00 [ZoneMerge] Merged result includes: new zone + existing zones [1] (all 2 zones)
2025/12/01 22:30:00 [ZoneMerge] Geometry spans: new=100.00, existing=120.00 (ring=264000000.00, half_ring=132000000.00)
2025/12/01 22:30:00 [ZoneMerge] Merged geometry (first 300 chars): {"type":"Polygon","coordinates":[[[100,20],[50,10],[0,0],[0,100],[50,90],[80,110],[130,100],[150,70],[130,40],[110.76923076923077,36.15384615384615],[100,20]]]}
2025/12/01 22:30:00 [ZoneMerge] Area comparison: new=5300.00, existing sum=8600.00, merged=11565.38 (merged should be >= max of new/existing, less than sum if they overlap)
2025/12/01 22:30:00 [ZoneMerge] Updated zone 1 with merged geometry (area: 11565.384615)
    zones_test.go:2305: Γ£ô Paintbrush zones merged successfully
    zones_test.go:2306:   Original area: 8600.00 m┬▓, Merged area: 11565.38 m┬▓
--- PASS: TestZoneStorage_PaintbrushMerging (0.22s)
=== RUN   TestZoneStorage_MergeManyZones
2025/12/01 22:30:01 [ZoneConflict] Found 0 total overlapping zones (any type/owner)
2025/12/01 22:30:01 [ZoneConflict] Default zones (system zones, win): 0 zones
2025/12/01 22:30:01 [ZoneConflict] Merge candidates (same type/owner): 0 zones
2025/12/01 22:30:01 [ZoneConflict] Conflict zones (different type/owner): 0 zones
2025/12/01 22:30:01 [ZoneMerge] No merge candidates for component 1 - new zone will be created without merging
2025/12/01 22:30:01 [ZoneMerge] No overlapping zones found - will create new zone
2025/12/01 22:30:01 [ZoneCreate] Geometry structure: type=Polygon, ring_count=1
2025/12/01 22:30:01 [ZoneCreate]   Ring 0: 5 points
2025/12/01 22:30:01 [ZoneCreate] Created zone component 1: ID=1, name=Zone1
2025/12/01 22:30:01 [ZoneConflict] Found 1 total overlapping zones (any type/owner)
2025/12/01 22:30:01 [ZoneConflict] Default zones (system zones, win): 0 zones
2025/12/01 22:30:01 [ZoneConflict] Merge candidates (same type/owner): 1 zones
2025/12/01 22:30:01 [ZoneConflict] Conflict zones (different type/owner): 0 zones
2025/12/01 22:30:01 [ZoneMerge] Starting with 1 merge candidates, finding transitive overlaps...
2025/12/01 22:30:01 [ZoneMerge] Found 1 overlapping zones to merge: [1]
2025/12/01 22:30:01 [ZoneMerge] Oldest zone ID to keep: 1 (created: 2025-12-01 22:30:01.171419 +0000 +0000)
2025/12/01 22:30:01 [ZoneMerge] Will merge ALL 1 overlapping zones together (including oldest zone 1)
2025/12/01 22:30:01 [ZoneMerge] Merging 1 geometries (new + 1 existing)
2025/12/01 22:30:01 [ZoneMerge] Zones being merged: new zone (not yet in DB) + existing zones [1]
2025/12/01 22:30:01 [ZoneMerge] New geometry (first 200 chars): {"type":"Polygon","coordinates":[[[15,15],[35,15],[35,35],[15,35],[15,15]]]}
2025/12/01 22:30:01 [ZoneMerge] Existing zone 1 geometry (first 200 chars): {"type":"Polygon","coordinates":[[[0,0],[20,0],[20,20],[0,20],[0,0]]]}
2025/12/01 22:30:01 [ZoneMerge] Merged geometry type: ST_Polygon, area: 775.00
2025/12/01 22:30:01 [ZoneMerge] Successfully merged 2 zones into new geometry (result length: 103, type: ST_Polygon)
2025/12/01 22:30:01 [ZoneMerge] Merged result includes: new zone + existing zones [1] (all 2 zones)
2025/12/01 22:30:01 [ZoneMerge] Geometry spans: new=20.00, existing=20.00 (ring=264000000.00, half_ring=132000000.00)
2025/12/01 22:30:01 [ZoneMerge] Merged geometry (first 300 chars): {"type":"Polygon","coordinates":[[[20,0],[0,0],[0,20],[15,20],[15,35],[35,35],[35,15],[20,15],[20,0]]]}
2025/12/01 22:30:01 [ZoneMerge] Area comparison: new=400.00, existing sum=400.00, merged=775.00 (merged should be >= max of new/existing, less than sum if they overlap)
2025/12/01 22:30:01 [ZoneMerge] Updated zone 1 with merged geometry (area: 775.000000)
    zones_test.go:2363:   Zone2 merged (ID: 1, area: 775.00 m┬▓)
2025/12/01 22:30:01 [ZoneConflict] Found 1 total overlapping zones (any type/owner)
2025/12/01 22:30:01 [ZoneConflict] Default zones (system zones, win): 0 zones
2025/12/01 22:30:01 [ZoneConflict] Merge candidates (same type/owner): 1 zones
2025/12/01 22:30:01 [ZoneConflict] Conflict zones (different type/owner): 0 zones
2025/12/01 22:30:01 [ZoneMerge] Starting with 1 merge candidates, finding transitive overlaps...
2025/12/01 22:30:01 [ZoneMerge] Found 1 overlapping zones to merge: [1]
2025/12/01 22:30:01 [ZoneMerge] Oldest zone ID to keep: 1 (created: 2025-12-01 22:30:01.171419 +0000 +0000)
2025/12/01 22:30:01 [ZoneMerge] Will merge ALL 1 overlapping zones together (including oldest zone 1)
2025/12/01 22:30:01 [ZoneMerge] Merging 1 geometries (new + 1 existing)
2025/12/01 22:30:01 [ZoneMerge] Zones being merged: new zone (not yet in DB) + existing zones [1]
2025/12/01 22:30:01 [ZoneMerge] New geometry (first 200 chars): {"type":"Polygon","coordinates":[[[30,30],[50,30],[50,50],[30,50],[30,30]]]}
2025/12/01 22:30:01 [ZoneMerge] Existing zone 1 geometry (first 200 chars): {"type":"Polygon","coordinates":[[[20,0],[0,0],[0,20],[15,20],[15,35],[35,35],[35,15],[20,15],[20,0]]]}
2025/12/01 22:30:01 [ZoneMerge] Merged geometry type: ST_Polygon, area: 1150.00
2025/12/01 22:30:01 [ZoneMerge] Successfully merged 2 zones into new geometry (result length: 134, type: ST_Polygon)
2025/12/01 22:30:01 [ZoneMerge] Merged result includes: new zone + existing zones [1] (all 2 zones)
2025/12/01 22:30:01 [ZoneMerge] Geometry spans: new=20.00, existing=35.00 (ring=264000000.00, half_ring=132000000.00)
2025/12/01 22:30:01 [ZoneMerge] Merged geometry (first 300 chars): {"type":"Polygon","coordinates":[[[0,0],[0,20],[15,20],[15,35],[30,35],[30,50],[50,50],[50,30],[35,30],[35,15],[20,15],[20,0],[0,0]]]}
2025/12/01 22:30:01 [ZoneMerge] Area comparison: new=400.00, existing sum=775.00, merged=1150.00 (merged should be >= max of new/existing, less than sum if they overlap)
2025/12/01 22:30:01 [ZoneMerge] Updated zone 1 with merged geometry (area: 1150.000000)
    zones_test.go:2363:   Zone3 merged (ID: 1, area: 1150.00 m┬▓)
2025/12/01 22:30:01 [ZoneConflict] Found 1 total overlapping zones (any type/owner)
2025/12/01 22:30:01 [ZoneConflict] Default zones (system zones, win): 0 zones
2025/12/01 22:30:01 [ZoneConflict] Merge candidates (same type/owner): 1 zones
2025/12/01 22:30:01 [ZoneConflict] Conflict zones (different type/owner): 0 zones
2025/12/01 22:30:01 [ZoneMerge] Starting with 1 merge candidates, finding transitive overlaps...
2025/12/01 22:30:01 [ZoneMerge] Found 1 overlapping zones to merge: [1]
2025/12/01 22:30:01 [ZoneMerge] Oldest zone ID to keep: 1 (created: 2025-12-01 22:30:01.171419 +0000 +0000)
2025/12/01 22:30:01 [ZoneMerge] Will merge ALL 1 overlapping zones together (including oldest zone 1)
2025/12/01 22:30:01 [ZoneMerge] Merging 1 geometries (new + 1 existing)
2025/12/01 22:30:01 [ZoneMerge] Zones being merged: new zone (not yet in DB) + existing zones [1]
2025/12/01 22:30:01 [ZoneMerge] New geometry (first 200 chars): {"type":"Polygon","coordinates":[[[45,45],[65,45],[65,65],[45,65],[45,45]]]}
2025/12/01 22:30:01 [ZoneMerge] Existing zone 1 geometry (first 200 chars): {"type":"Polygon","coordinates":[[[0,0],[0,20],[15,20],[15,35],[30,35],[30,50],[50,50],[50,30],[35,30],[35,15],[20,15],[20,0],[0,0]]]}
2025/12/01 22:30:01 [ZoneMerge] Merged geometry type: ST_Polygon, area: 1525.00
2025/12/01 22:30:01 [ZoneMerge] Successfully merged 2 zones into new geometry (result length: 167, type: ST_Polygon)
2025/12/01 22:30:01 [ZoneMerge] Merged result includes: new zone + existing zones [1] (all 2 zones)
2025/12/01 22:30:01 [ZoneMerge] Geometry spans: new=20.00, existing=50.00 (ring=264000000.00, half_ring=132000000.00)
2025/12/01 22:30:01 [ZoneMerge] Merged geometry (first 300 chars): {"type":"Polygon","coordinates":[[[0,20],[15,20],[15,35],[30,35],[30,50],[45,50],[45,65],[65,65],[65,45],[50,45],[50,30],[35,30],[35,15],[20,15],[20,0],[0,0],[0,20]]]}
2025/12/01 22:30:01 [ZoneMerge] Area comparison: new=400.00, existing sum=1150.00, merged=1525.00 (merged should be >= max of new/existing, less than sum if they overlap)
2025/12/01 22:30:01 [ZoneMerge] Updated zone 1 with merged geometry (area: 1525.000000)
    zones_test.go:2363:   Zone4 merged (ID: 1, area: 1525.00 m┬▓)
2025/12/01 22:30:01 [ZoneConflict] Found 1 total overlapping zones (any type/owner)
2025/12/01 22:30:01 [ZoneConflict] Default zones (system zones, win): 0 zones
2025/12/01 22:30:01 [ZoneConflict] Merge candidates (same type/owner): 1 zones
2025/12/01 22:30:01 [ZoneConflict] Conflict zones (different type/owner): 0 zones
2025/12/01 22:30:01 [ZoneMerge] Starting with 1 merge candidates, finding transitive overlaps...
2025/12/01 22:30:01 [ZoneMerge] Found 1 overlapping zones to merge: [1]
2025/12/01 22:30:01 [ZoneMerge] Oldest zone ID to keep: 1 (created: 2025-12-01 22:30:01.171419 +0000 +0000)
2025/12/01 22:30:01 [ZoneMerge] Will merge ALL 1 overlapping zones together (including oldest zone 1)
2025/12/01 22:30:01 [ZoneMerge] Merging 1 geometries (new + 1 existing)
2025/12/01 22:30:01 [ZoneMerge] Zones being merged: new zone (not yet in DB) + existing zones [1]
2025/12/01 22:30:01 [ZoneMerge] New geometry (first 200 chars): {"type":"Polygon","coordinates":[[[60,60],[80,60],[80,80],[60,80],[60,60]]]}
2025/12/01 22:30:01 [ZoneMerge] Existing zone 1 geometry (first 200 chars): {"type":"Polygon","coordinates":[[[0,20],[15,20],[15,35],[30,35],[30,50],[45,50],[45,65],[65,65],[65,45],[50,45],[50,30],[35,30],[35,15],[20,15],[20,0],[0,0],[0,20]]]}
2025/12/01 22:30:01 [ZoneMerge] Merged geometry type: ST_Polygon, area: 1900.00
2025/12/01 22:30:01 [ZoneMerge] Successfully merged 2 zones into new geometry (result length: 200, type: ST_Polygon)
2025/12/01 22:30:01 [ZoneMerge] Merged result includes: new zone + existing zones [1] (all 2 zones)
2025/12/01 22:30:01 [ZoneMerge] Geometry spans: new=20.00, existing=65.00 (ring=264000000.00, half_ring=132000000.00)
2025/12/01 22:30:01 [ZoneMerge] Merged geometry (first 300 chars): {"type":"Polygon","coordinates":[[[15,20],[15,35],[30,35],[30,50],[45,50],[45,65],[60,65],[60,80],[80,80],[80,60],[65,60],[65,45],[50,45],[50,30],[35,30],[35,15],[20,15],[20,0],[0,0],[0,20],[15,20]]]}
2025/12/01 22:30:01 [ZoneMerge] Area comparison: new=400.00, existing sum=1525.00, merged=1900.00 (merged should be >= max of new/existing, less than sum if they overlap)
2025/12/01 22:30:01 [ZoneMerge] Updated zone 1 with merged geometry (area: 1900.000000)
    zones_test.go:2363:   Zone5 merged (ID: 1, area: 1900.00 m┬▓)
    zones_test.go:2380: Γ£ô Merged 5 zones successfully
    zones_test.go:2381:   Initial area: 400.00 m┬▓
    zones_test.go:2382:   Final merged area: 1900.00 m┬▓
    zones_test.go:2383:   All zones merged into ID: 1
--- PASS: TestZoneStorage_MergeManyZones (0.29s)
=== RUN   TestZoneStorage_MergeIndefiniteZones
2025/12/01 22:30:01 [ZoneConflict] Found 0 total overlapping zones (any type/owner)
2025/12/01 22:30:01 [ZoneConflict] Default zones (system zones, win): 0 zones
2025/12/01 22:30:01 [ZoneConflict] Merge candidates (same type/owner): 0 zones
2025/12/01 22:30:01 [ZoneConflict] Conflict zones (different type/owner): 0 zones
2025/12/01 22:30:01 [ZoneMerge] No merge candidates for component 1 - new zone will be created without merging
2025/12/01 22:30:01 [ZoneMerge] No overlapping zones found - will create new zone
2025/12/01 22:30:01 [ZoneCreate] Geometry structure: type=Polygon, ring_count=1
2025/12/01 22:30:01 [ZoneCreate]   Ring 0: 5 points
2025/12/01 22:30:01 [ZoneCreate] Created zone component 1: ID=1, name=BaseZone
2025/12/01 22:30:01 [ZoneConflict] Found 1 total overlapping zones (any type/owner)
2025/12/01 22:30:01 [ZoneConflict] Default zones (system zones, win): 0 zones
2025/12/01 22:30:01 [ZoneConflict] Merge candidates (same type/owner): 1 zones
2025/12/01 22:30:01 [ZoneConflict] Conflict zones (different type/owner): 0 zones
2025/12/01 22:30:01 [ZoneMerge] Starting with 1 merge candidates, finding transitive overlaps...
2025/12/01 22:30:01 [ZoneMerge] Found 1 overlapping zones to merge: [1]
2025/12/01 22:30:01 [ZoneMerge] Oldest zone ID to keep: 1 (created: 2025-12-01 22:30:01.483612 +0000 +0000)
2025/12/01 22:30:01 [ZoneMerge] Will merge ALL 1 overlapping zones together (including oldest zone 1)
2025/12/01 22:30:01 [ZoneMerge] Merging 1 geometries (new + 1 existing)
2025/12/01 22:30:01 [ZoneMerge] Zones being merged: new zone (not yet in DB) + existing zones [1]
2025/12/01 22:30:01 [ZoneMerge] New geometry (first 200 chars): {"type":"Polygon","coordinates":[[[30,30],[80,30],[80,80],[30,80],[30,30]]]}
2025/12/01 22:30:01 [ZoneMerge] Existing zone 1 geometry (first 200 chars): {"type":"Polygon","coordinates":[[[0,0],[50,0],[50,50],[0,50],[0,0]]]}
2025/12/01 22:30:01 [ZoneMerge] Merged geometry type: ST_Polygon, area: 4600.00
2025/12/01 22:30:01 [ZoneMerge] Successfully merged 2 zones into new geometry (result length: 103, type: ST_Polygon)
2025/12/01 22:30:01 [ZoneMerge] Merged result includes: new zone + existing zones [1] (all 2 zones)
2025/12/01 22:30:01 [ZoneMerge] Geometry spans: new=50.00, existing=50.00 (ring=264000000.00, half_ring=132000000.00)
2025/12/01 22:30:01 [ZoneMerge] Merged geometry (first 300 chars): {"type":"Polygon","coordinates":[[[50,0],[0,0],[0,50],[30,50],[30,80],[80,80],[80,30],[50,30],[50,0]]]}
2025/12/01 22:30:01 [ZoneMerge] Area comparison: new=2500.00, existing sum=2500.00, merged=4600.00 (merged should be >= max of new/existing, less than sum if they overlap)
2025/12/01 22:30:01 [ZoneMerge] Updated zone 1 with merged geometry (area: 4600.000000)
2025/12/01 22:30:01 [ZoneConflict] Found 1 total overlapping zones (any type/owner)
2025/12/01 22:30:01 [ZoneConflict] Default zones (system zones, win): 0 zones
2025/12/01 22:30:01 [ZoneConflict] Merge candidates (same type/owner): 1 zones
2025/12/01 22:30:01 [ZoneConflict] Conflict zones (different type/owner): 0 zones
2025/12/01 22:30:01 [ZoneMerge] Starting with 1 merge candidates, finding transitive overlaps...
2025/12/01 22:30:01 [ZoneMerge] Found 1 overlapping zones to merge: [1]
2025/12/01 22:30:01 [ZoneMerge] Oldest zone ID to keep: 1 (created: 2025-12-01 22:30:01.483612 +0000 +0000)
2025/12/01 22:30:01 [ZoneMerge] Will merge ALL 1 overlapping zones together (including oldest zone 1)
2025/12/01 22:30:01 [ZoneMerge] Merging 1 geometries (new + 1 existing)
2025/12/01 22:30:01 [ZoneMerge] Zones being merged: new zone (not yet in DB) + existing zones [1]
2025/12/01 22:30:01 [ZoneMerge] New geometry (first 200 chars): {"type":"Polygon","coordinates":[[[60,60],[110,60],[110,110],[60,110],[60,60]]]}
2025/12/01 22:30:01 [ZoneMerge] Existing zone 1 geometry (first 200 chars): {"type":"Polygon","coordinates":[[[50,0],[0,0],[0,50],[30,50],[30,80],[80,80],[80,30],[50,30],[50,0]]]}
2025/12/01 22:30:01 [ZoneMerge] Merged geometry type: ST_Polygon, area: 6700.00
2025/12/01 22:30:01 [ZoneMerge] Successfully merged 2 zones into new geometry (result length: 138, type: ST_Polygon)
2025/12/01 22:30:01 [ZoneMerge] Merged result includes: new zone + existing zones [1] (all 2 zones)
2025/12/01 22:30:01 [ZoneMerge] Geometry spans: new=50.00, existing=80.00 (ring=264000000.00, half_ring=132000000.00)
2025/12/01 22:30:01 [ZoneMerge] Merged geometry (first 300 chars): {"type":"Polygon","coordinates":[[[0,0],[0,50],[30,50],[30,80],[60,80],[60,110],[110,110],[110,60],[80,60],[80,30],[50,30],[50,0],[0,0]]]}
2025/12/01 22:30:01 [ZoneMerge] Area comparison: new=2500.00, existing sum=4600.00, merged=6700.00 (merged should be >= max of new/existing, less than sum if they overlap)
2025/12/01 22:30:01 [ZoneMerge] Updated zone 1 with merged geometry (area: 6700.000000)
2025/12/01 22:30:01 [ZoneConflict] Found 1 total overlapping zones (any type/owner)
2025/12/01 22:30:01 [ZoneConflict] Default zones (system zones, win): 0 zones
2025/12/01 22:30:01 [ZoneConflict] Merge candidates (same type/owner): 1 zones
2025/12/01 22:30:01 [ZoneConflict] Conflict zones (different type/owner): 0 zones
2025/12/01 22:30:01 [ZoneMerge] Starting with 1 merge candidates, finding transitive overlaps...
2025/12/01 22:30:01 [ZoneMerge] Found 1 overlapping zones to merge: [1]
2025/12/01 22:30:01 [ZoneMerge] Oldest zone ID to keep: 1 (created: 2025-12-01 22:30:01.483612 +0000 +0000)
2025/12/01 22:30:01 [ZoneMerge] Will merge ALL 1 overlapping zones together (including oldest zone 1)
2025/12/01 22:30:01 [ZoneMerge] Merging 1 geometries (new + 1 existing)
2025/12/01 22:30:01 [ZoneMerge] Zones being merged: new zone (not yet in DB) + existing zones [1]
2025/12/01 22:30:01 [ZoneMerge] New geometry (first 200 chars): {"type":"Polygon","coordinates":[[[90,90],[140,90],[140,140],[90,140],[90,90]]]}
2025/12/01 22:30:01 [ZoneMerge] Existing zone 1 geometry (first 200 chars): {"type":"Polygon","coordinates":[[[0,0],[0,50],[30,50],[30,80],[60,80],[60,110],[110,110],[110,60],[80,60],[80,30],[50,30],[50,0],[0,0]]]}
2025/12/01 22:30:01 [ZoneMerge] Merged geometry type: ST_Polygon, area: 8800.00
2025/12/01 22:30:01 [ZoneMerge] Successfully merged 2 zones into new geometry (result length: 175, type: ST_Polygon)
2025/12/01 22:30:01 [ZoneMerge] Merged result includes: new zone + existing zones [1] (all 2 zones)
2025/12/01 22:30:01 [ZoneMerge] Geometry spans: new=50.00, existing=110.00 (ring=264000000.00, half_ring=132000000.00)
2025/12/01 22:30:01 [ZoneMerge] Merged geometry (first 300 chars): {"type":"Polygon","coordinates":[[[0,50],[30,50],[30,80],[60,80],[60,110],[90,110],[90,140],[140,140],[140,90],[110,90],[110,60],[80,60],[80,30],[50,30],[50,0],[0,0],[0,50]]]}
2025/12/01 22:30:01 [ZoneMerge] Area comparison: new=2500.00, existing sum=6700.00, merged=8800.00 (merged should be >= max of new/existing, less than sum if they overlap)
2025/12/01 22:30:01 [ZoneMerge] Updated zone 1 with merged geometry (area: 8800.000000)
2025/12/01 22:30:01 [ZoneConflict] Found 1 total overlapping zones (any type/owner)
2025/12/01 22:30:01 [ZoneConflict] Default zones (system zones, win): 0 zones
2025/12/01 22:30:01 [ZoneConflict] Merge candidates (same type/owner): 1 zones
2025/12/01 22:30:01 [ZoneConflict] Conflict zones (different type/owner): 0 zones
2025/12/01 22:30:01 [ZoneMerge] Starting with 1 merge candidates, finding transitive overlaps...
2025/12/01 22:30:01 [ZoneMerge] Found 1 overlapping zones to merge: [1]
2025/12/01 22:30:01 [ZoneMerge] Oldest zone ID to keep: 1 (created: 2025-12-01 22:30:01.483612 +0000 +0000)
2025/12/01 22:30:01 [ZoneMerge] Will merge ALL 1 overlapping zones together (including oldest zone 1)
2025/12/01 22:30:01 [ZoneMerge] Merging 1 geometries (new + 1 existing)
2025/12/01 22:30:01 [ZoneMerge] Zones being merged: new zone (not yet in DB) + existing zones [1]
2025/12/01 22:30:01 [ZoneMerge] New geometry (first 200 chars): {"type":"Polygon","coordinates":[[[120,120],[170,120],[170,170],[120,170],[120,120]]]}
2025/12/01 22:30:01 [ZoneMerge] Existing zone 1 geometry (first 200 chars): {"type":"Polygon","coordinates":[[[0,50],[30,50],[30,80],[60,80],[60,110],[90,110],[90,140],[140,140],[140,90],[110,90],[110,60],[80,60],[80,30],[50,30],[50,0],[0,0],[0,50]]]}
2025/12/01 22:30:01 [ZoneMerge] Merged geometry type: ST_Polygon, area: 10900.00
2025/12/01 22:30:01 [ZoneMerge] Successfully merged 2 zones into new geometry (result length: 216, type: ST_Polygon)
2025/12/01 22:30:01 [ZoneMerge] Merged result includes: new zone + existing zones [1] (all 2 zones)
2025/12/01 22:30:01 [ZoneMerge] Geometry spans: new=50.00, existing=140.00 (ring=264000000.00, half_ring=132000000.00)
2025/12/01 22:30:01 [ZoneMerge] Merged geometry (first 300 chars): {"type":"Polygon","coordinates":[[[30,50],[30,80],[60,80],[60,110],[90,110],[90,140],[120,140],[120,170],[170,170],[170,120],[140,120],[140,90],[110,90],[110,60],[80,60],[80,30],[50,30],[50,0],[0,0],[0,50],[30,50]]]}
2025/12/01 22:30:01 [ZoneMerge] Area comparison: new=2500.00, existing sum=8800.00, merged=10900.00 (merged should be >= max of new/existing, less than sum if they overlap)
2025/12/01 22:30:01 [ZoneMerge] Updated zone 1 with merged geometry (area: 10900.000000)
2025/12/01 22:30:01 [ZoneConflict] Found 1 total overlapping zones (any type/owner)
2025/12/01 22:30:01 [ZoneConflict] Default zones (system zones, win): 0 zones
2025/12/01 22:30:01 [ZoneConflict] Merge candidates (same type/owner): 1 zones
2025/12/01 22:30:01 [ZoneConflict] Conflict zones (different type/owner): 0 zones
2025/12/01 22:30:01 [ZoneMerge] Starting with 1 merge candidates, finding transitive overlaps...
2025/12/01 22:30:01 [ZoneMerge] Found 1 overlapping zones to merge: [1]
2025/12/01 22:30:01 [ZoneMerge] Oldest zone ID to keep: 1 (created: 2025-12-01 22:30:01.483612 +0000 +0000)
2025/12/01 22:30:01 [ZoneMerge] Will merge ALL 1 overlapping zones together (including oldest zone 1)
2025/12/01 22:30:01 [ZoneMerge] Merging 1 geometries (new + 1 existing)
2025/12/01 22:30:01 [ZoneMerge] Zones being merged: new zone (not yet in DB) + existing zones [1]
2025/12/01 22:30:01 [ZoneMerge] New geometry (first 200 chars): {"type":"Polygon","coordinates":[[[150,150],[200,150],[200,200],[150,200],[150,150]]]}
2025/12/01 22:30:01 [ZoneMerge] Existing zone 1 geometry (first 200 chars): {"type":"Polygon","coordinates":[[[30,50],[30,80],[60,80],[60,110],[90,110],[90,140],[120,140],[120,170],[170,170],[170,120],[140,120],[140,90],[110,90],[110,60],[80,60],[80,30],[50,30],[50,0],[0,0],[...
2025/12/01 22:30:01 [ZoneMerge] Merged geometry type: ST_Polygon, area: 13000.00
2025/12/01 22:30:01 [ZoneMerge] Successfully merged 2 zones into new geometry (result length: 256, type: ST_Polygon)
2025/12/01 22:30:01 [ZoneMerge] Merged result includes: new zone + existing zones [1] (all 2 zones)
2025/12/01 22:30:01 [ZoneMerge] Geometry spans: new=50.00, existing=170.00 (ring=264000000.00, half_ring=132000000.00)
2025/12/01 22:30:01 [ZoneMerge] Merged geometry (first 300 chars): {"type":"Polygon","coordinates":[[[30,80],[60,80],[60,110],[90,110],[90,140],[120,140],[120,170],[150,170],[150,200],[200,200],[200,150],[170,150],[170,120],[140,120],[140,90],[110,90],[110,60],[80,60],[80,30],[50,30],[50,0],[0,0],[0,50],[30,50],[30,80]]]}
2025/12/01 22:30:01 [ZoneMerge] Area comparison: new=2500.00, existing sum=10900.00, merged=13000.00 (merged should be >= max of new/existing, less than sum if they overlap)
2025/12/01 22:30:01 [ZoneMerge] Updated zone 1 with merged geometry (area: 13000.000000)
2025/12/01 22:30:01 [ZoneConflict] Found 1 total overlapping zones (any type/owner)
2025/12/01 22:30:01 [ZoneConflict] Default zones (system zones, win): 0 zones
2025/12/01 22:30:01 [ZoneConflict] Merge candidates (same type/owner): 1 zones
2025/12/01 22:30:01 [ZoneConflict] Conflict zones (different type/owner): 0 zones
2025/12/01 22:30:01 [ZoneMerge] Starting with 1 merge candidates, finding transitive overlaps...
2025/12/01 22:30:01 [ZoneMerge] Found 1 overlapping zones to merge: [1]
2025/12/01 22:30:01 [ZoneMerge] Oldest zone ID to keep: 1 (created: 2025-12-01 22:30:01.483612 +0000 +0000)
2025/12/01 22:30:01 [ZoneMerge] Will merge ALL 1 overlapping zones together (including oldest zone 1)
2025/12/01 22:30:01 [ZoneMerge] Merging 1 geometries (new + 1 existing)
2025/12/01 22:30:01 [ZoneMerge] Zones being merged: new zone (not yet in DB) + existing zones [1]
2025/12/01 22:30:01 [ZoneMerge] New geometry (first 200 chars): {"type":"Polygon","coordinates":[[[180,180],[230,180],[230,230],[180,230],[180,180]]]}
2025/12/01 22:30:01 [ZoneMerge] Existing zone 1 geometry (first 200 chars): {"type":"Polygon","coordinates":[[[30,80],[60,80],[60,110],[90,110],[90,140],[120,140],[120,170],[150,170],[150,200],[200,200],[200,150],[170,150],[170,120],[140,120],[140,90],[110,90],[110,60],[80,60...
2025/12/01 22:30:01 [ZoneMerge] Merged geometry type: ST_Polygon, area: 15100.00
2025/12/01 22:30:01 [ZoneMerge] Successfully merged 2 zones into new geometry (result length: 296, type: ST_Polygon)
2025/12/01 22:30:01 [ZoneMerge] Merged result includes: new zone + existing zones [1] (all 2 zones)
2025/12/01 22:30:01 [ZoneMerge] Geometry spans: new=50.00, existing=200.00 (ring=264000000.00, half_ring=132000000.00)
2025/12/01 22:30:01 [ZoneMerge] Merged geometry (first 300 chars): {"type":"Polygon","coordinates":[[[60,80],[60,110],[90,110],[90,140],[120,140],[120,170],[150,170],[150,200],[180,200],[180,230],[230,230],[230,180],[200,180],[200,150],[170,150],[170,120],[140,120],[140,90],[110,90],[110,60],[80,60],[80,30],[50,30],[50,0],[0,0],[0,50],[30,50],[30,80],[60,80]]]}
2025/12/01 22:30:01 [ZoneMerge] Area comparison: new=2500.00, existing sum=13000.00, merged=15100.00 (merged should be >= max of new/existing, less than sum if they overlap)
2025/12/01 22:30:01 [ZoneMerge] Updated zone 1 with merged geometry (area: 15100.000000)
2025/12/01 22:30:01 [ZoneConflict] Found 1 total overlapping zones (any type/owner)
2025/12/01 22:30:01 [ZoneConflict] Default zones (system zones, win): 0 zones
2025/12/01 22:30:01 [ZoneConflict] Merge candidates (same type/owner): 1 zones
2025/12/01 22:30:01 [ZoneConflict] Conflict zones (different type/owner): 0 zones
2025/12/01 22:30:01 [ZoneMerge] Starting with 1 merge candidates, finding transitive overlaps...
2025/12/01 22:30:01 [ZoneMerge] Found 1 overlapping zones to merge: [1]
2025/12/01 22:30:01 [ZoneMerge] Oldest zone ID to keep: 1 (created: 2025-12-01 22:30:01.483612 +0000 +0000)
2025/12/01 22:30:01 [ZoneMerge] Will merge ALL 1 overlapping zones together (including oldest zone 1)
2025/12/01 22:30:01 [ZoneMerge] Merging 1 geometries (new + 1 existing)
2025/12/01 22:30:01 [ZoneMerge] Zones being merged: new zone (not yet in DB) + existing zones [1]
2025/12/01 22:30:01 [ZoneMerge] New geometry (first 200 chars): {"type":"Polygon","coordinates":[[[210,210],[260,210],[260,260],[210,260],[210,210]]]}
2025/12/01 22:30:01 [ZoneMerge] Existing zone 1 geometry (first 200 chars): {"type":"Polygon","coordinates":[[[60,80],[60,110],[90,110],[90,140],[120,140],[120,170],[150,170],[150,200],[180,200],[180,230],[230,230],[230,180],[200,180],[200,150],[170,150],[170,120],[140,120],[...
2025/12/01 22:30:01 [ZoneMerge] Merged geometry type: ST_Polygon, area: 17200.00
2025/12/01 22:30:01 [ZoneMerge] Successfully merged 2 zones into new geometry (result length: 337, type: ST_Polygon)
2025/12/01 22:30:01 [ZoneMerge] Merged result includes: new zone + existing zones [1] (all 2 zones)
2025/12/01 22:30:01 [ZoneMerge] Geometry spans: new=50.00, existing=230.00 (ring=264000000.00, half_ring=132000000.00)
2025/12/01 22:30:01 [ZoneMerge] Merged geometry (first 300 chars): {"type":"Polygon","coordinates":[[[60,110],[90,110],[90,140],[120,140],[120,170],[150,170],[150,200],[180,200],[180,230],[210,230],[210,260],[260,260],[260,210],[230,210],[230,180],[200,180],[200,150],[170,150],[170,120],[140,120],[140,90],[110,90],[110,60],[80,60],[80,30],[50,30],[50,0],[0,0],[0,50...
2025/12/01 22:30:01 [ZoneMerge] Area comparison: new=2500.00, existing sum=15100.00, merged=17200.00 (merged should be >= max of new/existing, less than sum if they overlap)
2025/12/01 22:30:01 [ZoneMerge] Updated zone 1 with merged geometry (area: 17200.000000)
2025/12/01 22:30:01 [ZoneConflict] Found 1 total overlapping zones (any type/owner)
2025/12/01 22:30:01 [ZoneConflict] Default zones (system zones, win): 0 zones
2025/12/01 22:30:01 [ZoneConflict] Merge candidates (same type/owner): 1 zones
2025/12/01 22:30:01 [ZoneConflict] Conflict zones (different type/owner): 0 zones
2025/12/01 22:30:01 [ZoneMerge] Starting with 1 merge candidates, finding transitive overlaps...
2025/12/01 22:30:01 [ZoneMerge] Found 1 overlapping zones to merge: [1]
2025/12/01 22:30:01 [ZoneMerge] Oldest zone ID to keep: 1 (created: 2025-12-01 22:30:01.483612 +0000 +0000)
2025/12/01 22:30:01 [ZoneMerge] Will merge ALL 1 overlapping zones together (including oldest zone 1)
2025/12/01 22:30:01 [ZoneMerge] Merging 1 geometries (new + 1 existing)
2025/12/01 22:30:01 [ZoneMerge] Zones being merged: new zone (not yet in DB) + existing zones [1]
2025/12/01 22:30:01 [ZoneMerge] New geometry (first 200 chars): {"type":"Polygon","coordinates":[[[240,240],[290,240],[290,290],[240,290],[240,240]]]}
2025/12/01 22:30:01 [ZoneMerge] Existing zone 1 geometry (first 200 chars): {"type":"Polygon","coordinates":[[[60,110],[90,110],[90,140],[120,140],[120,170],[150,170],[150,200],[180,200],[180,230],[210,230],[210,260],[260,260],[260,210],[230,210],[230,180],[200,180],[200,150]...
2025/12/01 22:30:01 [ZoneMerge] Merged geometry type: ST_Polygon, area: 19300.00
2025/12/01 22:30:01 [ZoneMerge] Successfully merged 2 zones into new geometry (result length: 377, type: ST_Polygon)
2025/12/01 22:30:01 [ZoneMerge] Merged result includes: new zone + existing zones [1] (all 2 zones)
2025/12/01 22:30:01 [ZoneMerge] Geometry spans: new=50.00, existing=260.00 (ring=264000000.00, half_ring=132000000.00)
2025/12/01 22:30:01 [ZoneMerge] Merged geometry (first 300 chars): {"type":"Polygon","coordinates":[[[90,110],[90,140],[120,140],[120,170],[150,170],[150,200],[180,200],[180,230],[210,230],[210,260],[240,260],[240,290],[290,290],[290,240],[260,240],[260,210],[230,210],[230,180],[200,180],[200,150],[170,150],[170,120],[140,120],[140,90],[110,90],[110,60],[80,60],[80...
2025/12/01 22:30:01 [ZoneMerge] Area comparison: new=2500.00, existing sum=17200.00, merged=19300.00 (merged should be >= max of new/existing, less than sum if they overlap)
2025/12/01 22:30:01 [ZoneMerge] Updated zone 1 with merged geometry (area: 19300.000000)
2025/12/01 22:30:01 [ZoneConflict] Found 1 total overlapping zones (any type/owner)
2025/12/01 22:30:01 [ZoneConflict] Default zones (system zones, win): 0 zones
2025/12/01 22:30:01 [ZoneConflict] Merge candidates (same type/owner): 1 zones
2025/12/01 22:30:01 [ZoneConflict] Conflict zones (different type/owner): 0 zones
2025/12/01 22:30:01 [ZoneMerge] Starting with 1 merge candidates, finding transitive overlaps...
2025/12/01 22:30:01 [ZoneMerge] Found 1 overlapping zones to merge: [1]
2025/12/01 22:30:01 [ZoneMerge] Oldest zone ID to keep: 1 (created: 2025-12-01 22:30:01.483612 +0000 +0000)
2025/12/01 22:30:01 [ZoneMerge] Will merge ALL 1 overlapping zones together (including oldest zone 1)
2025/12/01 22:30:01 [ZoneMerge] Merging 1 geometries (new + 1 existing)
2025/12/01 22:30:01 [ZoneMerge] Zones being merged: new zone (not yet in DB) + existing zones [1]
2025/12/01 22:30:01 [ZoneMerge] New geometry (first 200 chars): {"type":"Polygon","coordinates":[[[270,270],[320,270],[320,320],[270,320],[270,270]]]}
2025/12/01 22:30:01 [ZoneMerge] Existing zone 1 geometry (first 200 chars): {"type":"Polygon","coordinates":[[[90,110],[90,140],[120,140],[120,170],[150,170],[150,200],[180,200],[180,230],[210,230],[210,260],[240,260],[240,290],[290,290],[290,240],[260,240],[260,210],[230,210...
2025/12/01 22:30:01 [ZoneMerge] Merged geometry type: ST_Polygon, area: 21400.00
2025/12/01 22:30:01 [ZoneMerge] Successfully merged 2 zones into new geometry (result length: 417, type: ST_Polygon)
2025/12/01 22:30:01 [ZoneMerge] Merged result includes: new zone + existing zones [1] (all 2 zones)
2025/12/01 22:30:01 [ZoneMerge] Geometry spans: new=50.00, existing=290.00 (ring=264000000.00, half_ring=132000000.00)
2025/12/01 22:30:01 [ZoneMerge] Merged geometry (first 300 chars): {"type":"Polygon","coordinates":[[[90,140],[120,140],[120,170],[150,170],[150,200],[180,200],[180,230],[210,230],[210,260],[240,260],[240,290],[270,290],[270,320],[320,320],[320,270],[290,270],[290,240],[260,240],[260,210],[230,210],[230,180],[200,180],[200,150],[170,150],[170,120],[140,120],[140,90...
2025/12/01 22:30:01 [ZoneMerge] Area comparison: new=2500.00, existing sum=19300.00, merged=21400.00 (merged should be >= max of new/existing, less than sum if they overlap)
2025/12/01 22:30:01 [ZoneMerge] Updated zone 1 with merged geometry (area: 21400.000000)
2025/12/01 22:30:01 [ZoneConflict] Found 1 total overlapping zones (any type/owner)
2025/12/01 22:30:01 [ZoneConflict] Default zones (system zones, win): 0 zones
2025/12/01 22:30:01 [ZoneConflict] Merge candidates (same type/owner): 1 zones
2025/12/01 22:30:01 [ZoneConflict] Conflict zones (different type/owner): 0 zones
2025/12/01 22:30:01 [ZoneMerge] Starting with 1 merge candidates, finding transitive overlaps...
2025/12/01 22:30:01 [ZoneMerge] Found 1 overlapping zones to merge: [1]
2025/12/01 22:30:01 [ZoneMerge] Oldest zone ID to keep: 1 (created: 2025-12-01 22:30:01.483612 +0000 +0000)
2025/12/01 22:30:01 [ZoneMerge] Will merge ALL 1 overlapping zones together (including oldest zone 1)
2025/12/01 22:30:01 [ZoneMerge] Merging 1 geometries (new + 1 existing)
2025/12/01 22:30:01 [ZoneMerge] Zones being merged: new zone (not yet in DB) + existing zones [1]
2025/12/01 22:30:01 [ZoneMerge] New geometry (first 200 chars): {"type":"Polygon","coordinates":[[[300,300],[350,300],[350,350],[300,350],[300,300]]]}
2025/12/01 22:30:01 [ZoneMerge] Existing zone 1 geometry (first 200 chars): {"type":"Polygon","coordinates":[[[90,140],[120,140],[120,170],[150,170],[150,200],[180,200],[180,230],[210,230],[210,260],[240,260],[240,290],[270,290],[270,320],[320,320],[320,270],[290,270],[290,24...
2025/12/01 22:30:01 [ZoneMerge] Merged geometry type: ST_Polygon, area: 23500.00
2025/12/01 22:30:01 [ZoneMerge] Successfully merged 2 zones into new geometry (result length: 458, type: ST_Polygon)
2025/12/01 22:30:01 [ZoneMerge] Merged result includes: new zone + existing zones [1] (all 2 zones)
2025/12/01 22:30:01 [ZoneMerge] Geometry spans: new=50.00, existing=320.00 (ring=264000000.00, half_ring=132000000.00)
2025/12/01 22:30:01 [ZoneMerge] Merged geometry (first 300 chars): {"type":"Polygon","coordinates":[[[120,140],[120,170],[150,170],[150,200],[180,200],[180,230],[210,230],[210,260],[240,260],[240,290],[270,290],[270,320],[300,320],[300,350],[350,350],[350,300],[320,300],[320,270],[290,270],[290,240],[260,240],[260,210],[230,210],[230,180],[200,180],[200,150],[170,1...
2025/12/01 22:30:01 [ZoneMerge] Area comparison: new=2500.00, existing sum=21400.00, merged=23500.00 (merged should be >= max of new/existing, less than sum if they overlap)
2025/12/01 22:30:01 [ZoneMerge] Updated zone 1 with merged geometry (area: 23500.000000)
    zones_test.go:2446: Γ£ô Successfully merged 11 zones indefinitely
    zones_test.go:2447:   Initial area: 2500.00 m┬▓
    zones_test.go:2448:   Final merged area: 23500.00 m┬▓
    zones_test.go:2449:   All zones merged into ID: 1
--- PASS: TestZoneStorage_MergeIndefiniteZones (0.39s)
=== RUN   TestZoneStorage_MergeMixedToolTypes
2025/12/01 22:30:01 [ZoneConflict] Found 0 total overlapping zones (any type/owner)
2025/12/01 22:30:01 [ZoneConflict] Default zones (system zones, win): 0 zones
2025/12/01 22:30:01 [ZoneConflict] Merge candidates (same type/owner): 0 zones
2025/12/01 22:30:01 [ZoneConflict] Conflict zones (different type/owner): 0 zones
2025/12/01 22:30:01 [ZoneMerge] No merge candidates for component 1 - new zone will be created without merging
2025/12/01 22:30:01 [ZoneMerge] No overlapping zones found - will create new zone
2025/12/01 22:30:01 [ZoneCreate] Geometry structure: type=Polygon, ring_count=1
2025/12/01 22:30:01 [ZoneCreate]   Ring 0: 5 points
2025/12/01 22:30:01 [ZoneCreate] Created zone component 1: ID=1, name=Rectangle
2025/12/01 22:30:01 [ZoneConflict] Found 1 total overlapping zones (any type/owner)
2025/12/01 22:30:01 [ZoneConflict] Default zones (system zones, win): 0 zones
2025/12/01 22:30:01 [ZoneConflict] Merge candidates (same type/owner): 1 zones
2025/12/01 22:30:01 [ZoneConflict] Conflict zones (different type/owner): 0 zones
2025/12/01 22:30:01 [ZoneMerge] Starting with 1 merge candidates, finding transitive overlaps...
2025/12/01 22:30:01 [ZoneMerge] Found 1 overlapping zones to merge: [1]
2025/12/01 22:30:01 [ZoneMerge] Oldest zone ID to keep: 1 (created: 2025-12-01 22:30:01.862841 +0000 +0000)
2025/12/01 22:30:01 [ZoneMerge] Will merge ALL 1 overlapping zones together (including oldest zone 1)
2025/12/01 22:30:01 [ZoneMerge] Merging 1 geometries (new + 1 existing)
2025/12/01 22:30:01 [ZoneMerge] Zones being merged: new zone (not yet in DB) + existing zones [1]
2025/12/01 22:30:01 [ZoneMerge] New geometry (first 200 chars): {
		"type": "Polygon",
		"coordinates": [[[80,80],[120,80],[130,100],[120,120],[80,120],[70,100],[80,80]]]
	}
2025/12/01 22:30:01 [ZoneMerge] Existing zone 1 geometry (first 200 chars): {"type":"Polygon","coordinates":[[[0,0],[100,0],[100,100],[0,100],[0,0]]]}
2025/12/01 22:30:01 [ZoneMerge] Merged geometry type: ST_Polygon, area: 11500.00
2025/12/01 22:30:01 [ZoneMerge] Successfully merged 2 zones into new geometry (result length: 122, type: ST_Polygon)
2025/12/01 22:30:01 [ZoneMerge] Merged result includes: new zone + existing zones [1] (all 2 zones)
2025/12/01 22:30:01 [ZoneMerge] Geometry spans: new=60.00, existing=100.00 (ring=264000000.00, half_ring=132000000.00)
2025/12/01 22:30:01 [ZoneMerge] Merged geometry (first 300 chars): {"type":"Polygon","coordinates":[[[100,0],[0,0],[0,100],[70,100],[80,120],[120,120],[130,100],[120,80],[100,80],[100,0]]]}
2025/12/01 22:30:01 [ZoneMerge] Area comparison: new=2000.00, existing sum=10000.00, merged=11500.00 (merged should be >= max of new/existing, less than sum if they overlap)
2025/12/01 22:30:01 [ZoneMerge] Updated zone 1 with merged geometry (area: 11500.000000)
2025/12/01 22:30:01 [ZoneConflict] Found 1 total overlapping zones (any type/owner)
2025/12/01 22:30:01 [ZoneConflict] Default zones (system zones, win): 0 zones
2025/12/01 22:30:01 [ZoneConflict] Merge candidates (same type/owner): 1 zones
2025/12/01 22:30:01 [ZoneConflict] Conflict zones (different type/owner): 0 zones
2025/12/01 22:30:01 [ZoneMerge] Starting with 1 merge candidates, finding transitive overlaps...
2025/12/01 22:30:01 [ZoneMerge] Found 1 overlapping zones to merge: [1]
2025/12/01 22:30:01 [ZoneMerge] Oldest zone ID to keep: 1 (created: 2025-12-01 22:30:01.862841 +0000 +0000)
2025/12/01 22:30:01 [ZoneMerge] Will merge ALL 1 overlapping zones together (including oldest zone 1)
2025/12/01 22:30:01 [ZoneMerge] Merging 1 geometries (new + 1 existing)
2025/12/01 22:30:01 [ZoneMerge] Zones being merged: new zone (not yet in DB) + existing zones [1]
2025/12/01 22:30:01 [ZoneMerge] New geometry (first 200 chars): {
		"type": "Polygon",
		"coordinates": [[[50,50],[150,50],[150,150],[50,150],[50,50]]]
	}
2025/12/01 22:30:01 [ZoneMerge] Existing zone 1 geometry (first 200 chars): {"type":"Polygon","coordinates":[[[100,0],[0,0],[0,100],[70,100],[80,120],[120,120],[130,100],[120,80],[100,80],[100,0]]]}
2025/12/01 22:30:01 [ZoneMerge] Merged geometry type: ST_Polygon, area: 17500.00
2025/12/01 22:30:01 [ZoneMerge] Successfully merged 2 zones into new geometry (result length: 110, type: ST_Polygon)
2025/12/01 22:30:01 [ZoneMerge] Merged result includes: new zone + existing zones [1] (all 2 zones)
2025/12/01 22:30:01 [ZoneMerge] Geometry spans: new=100.00, existing=130.00 (ring=264000000.00, half_ring=132000000.00)
2025/12/01 22:30:01 [ZoneMerge] Merged geometry (first 300 chars): {"type":"Polygon","coordinates":[[[0,0],[0,100],[50,100],[50,150],[150,150],[150,50],[100,50],[100,0],[0,0]]]}
2025/12/01 22:30:01 [ZoneMerge] Area comparison: new=10000.00, existing sum=11500.00, merged=17500.00 (merged should be >= max of new/existing, less than sum if they overlap)
2025/12/01 22:30:01 [ZoneMerge] Updated zone 1 with merged geometry (area: 17500.000000)
2025/12/01 22:30:01 [ZoneConflict] Found 1 total overlapping zones (any type/owner)
2025/12/01 22:30:01 [ZoneConflict] Default zones (system zones, win): 0 zones
2025/12/01 22:30:01 [ZoneConflict] Merge candidates (same type/owner): 1 zones
2025/12/01 22:30:01 [ZoneConflict] Conflict zones (different type/owner): 0 zones
2025/12/01 22:30:01 [ZoneMerge] Starting with 1 merge candidates, finding transitive overlaps...
2025/12/01 22:30:01 [ZoneMerge] Found 1 overlapping zones to merge: [1]
2025/12/01 22:30:01 [ZoneMerge] Oldest zone ID to keep: 1 (created: 2025-12-01 22:30:01.862841 +0000 +0000)
2025/12/01 22:30:01 [ZoneMerge] Will merge ALL 1 overlapping zones together (including oldest zone 1)
2025/12/01 22:30:01 [ZoneMerge] Merging 1 geometries (new + 1 existing)
2025/12/01 22:30:01 [ZoneMerge] Zones being merged: new zone (not yet in DB) + existing zones [1]
2025/12/01 22:30:01 [ZoneMerge] New geometry (first 200 chars): {
		"type": "Polygon",
		"coordinates": [[[100,100],[150,100],[180,130],[200,150],[180,170],[150,200],[100,200],[80,180],[90,150],[100,100]]]
	}
2025/12/01 22:30:01 [ZoneMerge] Existing zone 1 geometry (first 200 chars): {"type":"Polygon","coordinates":[[[0,0],[0,100],[50,100],[50,150],[150,150],[150,50],[100,50],[100,0],[0,0]]]}
2025/12/01 22:30:01 [ZoneMerge] Merged geometry type: ST_Polygon, area: 23150.00
2025/12/01 22:30:01 [ZoneMerge] Successfully merged 2 zones into new geometry (result length: 180, type: ST_Polygon)
2025/12/01 22:30:01 [ZoneMerge] Merged result includes: new zone + existing zones [1] (all 2 zones)
2025/12/01 22:30:01 [ZoneMerge] Geometry spans: new=120.00, existing=150.00 (ring=264000000.00, half_ring=132000000.00)
2025/12/01 22:30:01 [ZoneMerge] Merged geometry (first 300 chars): {"type":"Polygon","coordinates":[[[0,100],[50,100],[50,150],[90,150],[80,180],[100,200],[150,200],[180,170],[200,150],[180,130],[150,100],[150,50],[100,50],[100,0],[0,0],[0,100]]]}
2025/12/01 22:30:01 [ZoneMerge] Area comparison: new=8400.00, existing sum=17500.00, merged=23150.00 (merged should be >= max of new/existing, less than sum if they overlap)
2025/12/01 22:30:01 [ZoneMerge] Updated zone 1 with merged geometry (area: 23150.000000)
    zones_test.go:2528: Γ£ô Mixed tool types merged successfully
    zones_test.go:2529:   Rectangle + Circle + Polygon + Paintbrush all merged into ID: 1
    zones_test.go:2530:   Final area: 23150.00 m┬▓
--- PASS: TestZoneStorage_MergeMixedToolTypes (0.27s)
=== RUN   TestZoneStorage_NormalizeForIntersectionNeverReturnsNULL
=== RUN   TestZoneStorage_NormalizeForIntersectionNeverReturnsNULL/Simple_rectangle
    zones_test.go:2578: Γ£ô Simple rectangle: normalized successfully (valid: true, empty: false)
=== RUN   TestZoneStorage_NormalizeForIntersectionNeverReturnsNULL/Wrapped_rectangle
    zones_test.go:2578: Γ£ô Wrapped rectangle: normalized successfully (valid: true, empty: false)
=== RUN   TestZoneStorage_NormalizeForIntersectionNeverReturnsNULL/Rectangle_at_origin
    zones_test.go:2578: Γ£ô Rectangle at origin: normalized successfully (valid: true, empty: false)
=== RUN   TestZoneStorage_NormalizeForIntersectionNeverReturnsNULL/Polygon_with_hole
    zones_test.go:2578: Γ£ô Polygon with hole: normalized successfully (valid: true, empty: false)
=== RUN   TestZoneStorage_NormalizeForIntersectionNeverReturnsNULL/Wrapped_polygon_with_hole
    zones_test.go:2578: Γ£ô Wrapped polygon with hole: normalized successfully (valid: true, empty: false)
--- PASS: TestZoneStorage_NormalizeForIntersectionNeverReturnsNULL (0.26s)
    --- PASS: TestZoneStorage_NormalizeForIntersectionNeverReturnsNULL/Simple_rectangle (0.01s)
    --- PASS: TestZoneStorage_NormalizeForIntersectionNeverReturnsNULL/Wrapped_rectangle (0.01s)
    --- PASS: TestZoneStorage_NormalizeForIntersectionNeverReturnsNULL/Rectangle_at_origin (0.00s)
    --- PASS: TestZoneStorage_NormalizeForIntersectionNeverReturnsNULL/Polygon_with_hole (0.00s)
    --- PASS: TestZoneStorage_NormalizeForIntersectionNeverReturnsNULL/Wrapped_polygon_with_hole (0.00s)
=== RUN   TestZoneStorage_OverlapDetectionWithNULLFiltering
2025/12/01 22:30:02 [ZoneConflict] Found 0 total overlapping zones (any type/owner)
2025/12/01 22:30:02 [ZoneConflict] Default zones (system zones, win): 0 zones
2025/12/01 22:30:02 [ZoneConflict] Merge candidates (same type/owner): 0 zones
2025/12/01 22:30:02 [ZoneConflict] Conflict zones (different type/owner): 0 zones
2025/12/01 22:30:02 [ZoneMerge] No merge candidates for component 1 - new zone will be created without merging
2025/12/01 22:30:02 [ZoneMerge] No overlapping zones found - will create new zone
2025/12/01 22:30:02 [ZoneCreate] Geometry structure: type=Polygon, ring_count=1
2025/12/01 22:30:02 [ZoneCreate]   Ring 0: 5 points
2025/12/01 22:30:02 [ZoneCreate] Created zone component 1: ID=1, name=Zone1
2025/12/01 22:30:02 [ZoneConflict] Found 1 total overlapping zones (any type/owner)
2025/12/01 22:30:02 [ZoneConflict] Default zones (system zones, win): 0 zones
2025/12/01 22:30:02 [ZoneConflict] Merge candidates (same type/owner): 1 zones
2025/12/01 22:30:02 [ZoneConflict] Conflict zones (different type/owner): 0 zones
2025/12/01 22:30:02 [ZoneMerge] Starting with 1 merge candidates, finding transitive overlaps...
2025/12/01 22:30:02 [ZoneMerge] Found 1 overlapping zones to merge: [1]
2025/12/01 22:30:02 [ZoneMerge] Oldest zone ID to keep: 1 (created: 2025-12-01 22:30:02.448257 +0000 +0000)
2025/12/01 22:30:02 [ZoneMerge] Will merge ALL 1 overlapping zones together (including oldest zone 1)
2025/12/01 22:30:02 [ZoneMerge] Merging 1 geometries (new + 1 existing)
2025/12/01 22:30:02 [ZoneMerge] Zones being merged: new zone (not yet in DB) + existing zones [1]
2025/12/01 22:30:02 [ZoneMerge] New geometry (first 200 chars): {"type":"Polygon","coordinates":[[[50,50],[150,50],[150,150],[50,150],[50,50]]]}
2025/12/01 22:30:02 [ZoneMerge] Existing zone 1 geometry (first 200 chars): {"type":"Polygon","coordinates":[[[0,0],[100,0],[100,100],[0,100],[0,0]]]}
2025/12/01 22:30:02 [ZoneMerge] Merged geometry type: ST_Polygon, area: 17500.00
2025/12/01 22:30:02 [ZoneMerge] Successfully merged 2 zones into new geometry (result length: 112, type: ST_Polygon)
2025/12/01 22:30:02 [ZoneMerge] Merged result includes: new zone + existing zones [1] (all 2 zones)
2025/12/01 22:30:02 [ZoneMerge] Geometry spans: new=100.00, existing=100.00 (ring=264000000.00, half_ring=132000000.00)
2025/12/01 22:30:02 [ZoneMerge] Merged geometry (first 300 chars): {"type":"Polygon","coordinates":[[[100,0],[0,0],[0,100],[50,100],[50,150],[150,150],[150,50],[100,50],[100,0]]]}
2025/12/01 22:30:02 [ZoneMerge] Area comparison: new=10000.00, existing sum=10000.00, merged=17500.00 (merged should be >= max of new/existing, less than sum if they overlap)
2025/12/01 22:30:02 [ZoneMerge] Updated zone 1 with merged geometry (area: 17500.000000)
    zones_test.go:2656: Γ£ô Overlap detection with NULL filtering works correctly
--- PASS: TestZoneStorage_OverlapDetectionWithNULLFiltering (0.32s)
=== RUN   TestZoneStorage_EdgeCaseGeometries
2025/12/01 22:30:02 [ZoneConflict] Found 0 total overlapping zones (any type/owner)
2025/12/01 22:30:02 [ZoneConflict] Default zones (system zones, win): 0 zones
2025/12/01 22:30:02 [ZoneConflict] Merge candidates (same type/owner): 0 zones
2025/12/01 22:30:02 [ZoneConflict] Conflict zones (different type/owner): 0 zones
2025/12/01 22:30:02 [ZoneMerge] No merge candidates for component 1 - new zone will be created without merging
2025/12/01 22:30:02 [ZoneMerge] No overlapping zones found - will create new zone
2025/12/01 22:30:02 [ZoneCreate] Geometry structure: type=Polygon, ring_count=1
2025/12/01 22:30:02 [ZoneCreate]   Ring 0: 5 points
2025/12/01 22:30:02 [ZoneCreate] Created zone component 1: ID=1, name=SmallRect
2025/12/01 22:30:02 [ZoneConflict] Found 1 total overlapping zones (any type/owner)
2025/12/01 22:30:02 [ZoneConflict] Default zones (system zones, win): 0 zones
2025/12/01 22:30:02 [ZoneConflict] Merge candidates (same type/owner): 1 zones
2025/12/01 22:30:02 [ZoneConflict] Conflict zones (different type/owner): 0 zones
2025/12/01 22:30:02 [ZoneMerge] Starting with 1 merge candidates, finding transitive overlaps...
2025/12/01 22:30:02 [ZoneMerge] Found 1 overlapping zones to merge: [1]
2025/12/01 22:30:02 [ZoneMerge] Oldest zone ID to keep: 1 (created: 2025-12-01 22:30:02.754595 +0000 +0000)
2025/12/01 22:30:02 [ZoneMerge] Will merge ALL 1 overlapping zones together (including oldest zone 1)
2025/12/01 22:30:02 [ZoneMerge] Merging 1 geometries (new + 1 existing)
2025/12/01 22:30:02 [ZoneMerge] Zones being merged: new zone (not yet in DB) + existing zones [1]
2025/12/01 22:30:02 [ZoneMerge] New geometry (first 200 chars): {"type":"Polygon","coordinates":[[[0,0],[10000,0],[10000,2000],[0,2000],[0,0]]]}
2025/12/01 22:30:02 [ZoneMerge] Existing zone 1 geometry (first 200 chars): {"type":"Polygon","coordinates":[[[0,0],[1,0],[1,1],[0,1],[0,0]]]}
2025/12/01 22:30:02 [ZoneMerge] Merged geometry type: ST_Polygon, area: 20000000.00
2025/12/01 22:30:02 [ZoneMerge] Successfully merged 2 zones into new geometry (result length: 92, type: ST_Polygon)
2025/12/01 22:30:02 [ZoneMerge] Merged result includes: new zone + existing zones [1] (all 2 zones)
2025/12/01 22:30:02 [ZoneMerge] Geometry spans: new=10000.00, existing=1.00 (ring=264000000.00, half_ring=132000000.00)
2025/12/01 22:30:02 [ZoneMerge] Merged geometry (first 300 chars): {"type":"Polygon","coordinates":[[[0,0],[0,1],[0,2000],[10000,2000],[10000,0],[1,0],[0,0]]]}
2025/12/01 22:30:02 [ZoneMerge] Area comparison: new=20000000.00, existing sum=1.00, merged=20000000.00 (merged should be >= max of new/existing, less than sum if they overlap)
2025/12/01 22:30:02 [ZoneMerge] Updated zone 1 with merged geometry (area: 20000000.000000)
2025/12/01 22:30:02 [ZoneConflict] Found 1 total overlapping zones (any type/owner)
2025/12/01 22:30:02 [ZoneConflict] Default zones (system zones, win): 0 zones
2025/12/01 22:30:02 [ZoneConflict] Merge candidates (same type/owner): 1 zones
2025/12/01 22:30:02 [ZoneConflict] Conflict zones (different type/owner): 0 zones
2025/12/01 22:30:02 [ZoneMerge] Starting with 1 merge candidates, finding transitive overlaps...
2025/12/01 22:30:02 [ZoneMerge] Found 1 overlapping zones to merge: [1]
2025/12/01 22:30:02 [ZoneMerge] Oldest zone ID to keep: 1 (created: 2025-12-01 22:30:02.754595 +0000 +0000)
2025/12/01 22:30:02 [ZoneMerge] Will merge ALL 1 overlapping zones together (including oldest zone 1)
2025/12/01 22:30:02 [ZoneMerge] Merging 1 geometries (new + 1 existing)
2025/12/01 22:30:02 [ZoneMerge] Zones being merged: new zone (not yet in DB) + existing zones [1]
2025/12/01 22:30:02 [ZoneMerge] New geometry (first 200 chars): {"type":"Polygon","coordinates":[[[0,0],[132000000,0],[132000000,100],[0,100],[0,0]]]}
2025/12/01 22:30:02 [ZoneMerge] Existing zone 1 geometry (first 200 chars): {"type":"Polygon","coordinates":[[[0,0],[0,1],[0,2000],[10000,2000],[10000,0],[1,0],[0,0]]]}
2025/12/01 22:30:02 [ZoneMerge] Merged geometry type: ST_Polygon, area: 13219000000.00
2025/12/01 22:30:02 [ZoneMerge] Successfully merged 2 zones into new geometry (result length: 142, type: ST_Polygon)
2025/12/01 22:30:02 [ZoneMerge] Merged result includes: new zone + existing zones [1] (all 2 zones)
2025/12/01 22:30:02 [ZoneMerge] Geometry spans: new=132000000.00, existing=10000.00 (ring=264000000.00, half_ring=132000000.00)
2025/12/01 22:30:02 [ZoneMerge] Merged geometry (first 300 chars): {"type":"Polygon","coordinates":[[[0,0],[0,1],[0,100],[0,2000],[10000,2000],[10000,100],[132000000,100],[132000000,0],[10000,0],[1,0],[0,0]]]}
2025/12/01 22:30:02 [ZoneMerge] Area comparison: new=13200000000.00, existing sum=20000000.00, merged=13219000000.00 (merged should be >= max of new/existing, less than sum if they overlap)
2025/12/01 22:30:02 [ZoneMerge] Updated zone 1 with merged geometry (area: 13219000000.000000)
    zones_test.go:2739: Γ£ô SmallRect (ID 1): normalized successfully
    zones_test.go:2744: Γ£ô Edge case geometries handled correctly
--- PASS: TestZoneStorage_EdgeCaseGeometries (0.30s)
=== RUN   TestZoneStorage_TransitiveClosureMerge
2025/12/01 22:30:03 [ZoneConflict] Found 0 total overlapping zones (any type/owner)
2025/12/01 22:30:03 [ZoneConflict] Default zones (system zones, win): 0 zones
2025/12/01 22:30:03 [ZoneConflict] Merge candidates (same type/owner): 0 zones
2025/12/01 22:30:03 [ZoneConflict] Conflict zones (different type/owner): 0 zones
2025/12/01 22:30:03 [ZoneMerge] No merge candidates for component 1 - new zone will be created without merging
2025/12/01 22:30:03 [ZoneMerge] No overlapping zones found - will create new zone
2025/12/01 22:30:03 [ZoneCreate] Geometry structure: type=Polygon, ring_count=1
2025/12/01 22:30:03 [ZoneCreate]   Ring 0: 5 points
2025/12/01 22:30:03 [ZoneCreate] Created zone component 1: ID=1, name=ZoneA
2025/12/01 22:30:03 [ZoneConflict] Found 1 total overlapping zones (any type/owner)
2025/12/01 22:30:03 [ZoneConflict] Default zones (system zones, win): 0 zones
2025/12/01 22:30:03 [ZoneConflict] Merge candidates (same type/owner): 1 zones
2025/12/01 22:30:03 [ZoneConflict] Conflict zones (different type/owner): 0 zones
2025/12/01 22:30:03 [ZoneMerge] Starting with 1 merge candidates, finding transitive overlaps...
2025/12/01 22:30:03 [ZoneMerge] Found 1 overlapping zones to merge: [1]
2025/12/01 22:30:03 [ZoneMerge] Oldest zone ID to keep: 1 (created: 2025-12-01 22:30:03.036781 +0000 +0000)
2025/12/01 22:30:03 [ZoneMerge] Will merge ALL 1 overlapping zones together (including oldest zone 1)
2025/12/01 22:30:03 [ZoneMerge] Merging 1 geometries (new + 1 existing)
2025/12/01 22:30:03 [ZoneMerge] Zones being merged: new zone (not yet in DB) + existing zones [1]
2025/12/01 22:30:03 [ZoneMerge] New geometry (first 200 chars): {"type":"Polygon","coordinates":[[[5,5],[15,5],[15,15],[5,15],[5,5]]]}
2025/12/01 22:30:03 [ZoneMerge] Existing zone 1 geometry (first 200 chars): {"type":"Polygon","coordinates":[[[0,0],[10,0],[10,10],[0,10],[0,0]]]}
2025/12/01 22:30:03 [ZoneMerge] Merged geometry type: ST_Polygon, area: 175.00
2025/12/01 22:30:03 [ZoneMerge] Successfully merged 2 zones into new geometry (result length: 99, type: ST_Polygon)
2025/12/01 22:30:03 [ZoneMerge] Merged result includes: new zone + existing zones [1] (all 2 zones)
2025/12/01 22:30:03 [ZoneMerge] Geometry spans: new=10.00, existing=10.00 (ring=264000000.00, half_ring=132000000.00)
2025/12/01 22:30:03 [ZoneMerge] Merged geometry (first 300 chars): {"type":"Polygon","coordinates":[[[10,0],[0,0],[0,10],[5,10],[5,15],[15,15],[15,5],[10,5],[10,0]]]}
2025/12/01 22:30:03 [ZoneMerge] Area comparison: new=100.00, existing sum=100.00, merged=175.00 (merged should be >= max of new/existing, less than sum if they overlap)
2025/12/01 22:30:03 [ZoneMerge] Updated zone 1 with merged geometry (area: 175.000000)
2025/12/01 22:30:03 [ZoneConflict] Found 1 total overlapping zones (any type/owner)
2025/12/01 22:30:03 [ZoneConflict] Default zones (system zones, win): 0 zones
2025/12/01 22:30:03 [ZoneConflict] Merge candidates (same type/owner): 1 zones
2025/12/01 22:30:03 [ZoneConflict] Conflict zones (different type/owner): 0 zones
2025/12/01 22:30:03 [ZoneMerge] Starting with 1 merge candidates, finding transitive overlaps...
2025/12/01 22:30:03 [ZoneMerge] Found 1 overlapping zones to merge: [1]
2025/12/01 22:30:03 [ZoneMerge] Oldest zone ID to keep: 1 (created: 2025-12-01 22:30:03.036781 +0000 +0000)
2025/12/01 22:30:03 [ZoneMerge] Will merge ALL 1 overlapping zones together (including oldest zone 1)
2025/12/01 22:30:03 [ZoneMerge] Merging 1 geometries (new + 1 existing)
2025/12/01 22:30:03 [ZoneMerge] Zones being merged: new zone (not yet in DB) + existing zones [1]
2025/12/01 22:30:03 [ZoneMerge] New geometry (first 200 chars): {"type":"Polygon","coordinates":[[[12,12],[22,12],[22,22],[12,22],[12,12]]]}
2025/12/01 22:30:03 [ZoneMerge] Existing zone 1 geometry (first 200 chars): {"type":"Polygon","coordinates":[[[10,0],[0,0],[0,10],[5,10],[5,15],[15,15],[15,5],[10,5],[10,0]]]}
2025/12/01 22:30:03 [ZoneMerge] Merged geometry type: ST_Polygon, area: 266.00
2025/12/01 22:30:03 [ZoneMerge] Successfully merged 2 zones into new geometry (result length: 130, type: ST_Polygon)
2025/12/01 22:30:03 [ZoneMerge] Merged result includes: new zone + existing zones [1] (all 2 zones)
2025/12/01 22:30:03 [ZoneMerge] Geometry spans: new=10.00, existing=15.00 (ring=264000000.00, half_ring=132000000.00)
2025/12/01 22:30:03 [ZoneMerge] Merged geometry (first 300 chars): {"type":"Polygon","coordinates":[[[0,0],[0,10],[5,10],[5,15],[12,15],[12,22],[22,22],[22,12],[15,12],[15,5],[10,5],[10,0],[0,0]]]}
2025/12/01 22:30:03 [ZoneMerge] Area comparison: new=100.00, existing sum=175.00, merged=266.00 (merged should be >= max of new/existing, less than sum if they overlap)
2025/12/01 22:30:03 [ZoneMerge] Updated zone 1 with merged geometry (area: 266.000000)
    zones_test.go:2804: Γ£ô Transitive closure merge working correctly
    zones_test.go:2805:   Zone A (ID 1): [0,0] to [10,10]
    zones_test.go:2806:   Zone B overlaps A: [5,5] to [15,15]
    zones_test.go:2807:   Zone C overlaps B (but not A): [12,12] to [22,22]
    zones_test.go:2808:   All merged into zone 1 with area: 266.00 m┬▓
--- PASS: TestZoneStorage_TransitiveClosureMerge (0.27s)
=== RUN   TestZoneStorage_WrappedAndNonWrappedOverlap
2025/12/01 22:30:03 [ZoneConflict] Found 0 total overlapping zones (any type/owner)
2025/12/01 22:30:03 [ZoneConflict] Default zones (system zones, win): 0 zones
2025/12/01 22:30:03 [ZoneConflict] Merge candidates (same type/owner): 0 zones
2025/12/01 22:30:03 [ZoneConflict] Conflict zones (different type/owner): 0 zones
2025/12/01 22:30:03 [ZoneMerge] No merge candidates for component 1 - new zone will be created without merging
2025/12/01 22:30:03 [ZoneMerge] No overlapping zones found - will create new zone
2025/12/01 22:30:03 [ZoneCreate] Geometry structure: type=Polygon, ring_count=1
2025/12/01 22:30:03 [ZoneCreate]   Ring 0: 5 points
2025/12/01 22:30:03 [ZoneCreate] Created zone component 1: ID=1, name=WrappedZone
2025/12/01 22:30:03 [ZoneConflict] Found 1 total overlapping zones (any type/owner)
2025/12/01 22:30:03 [ZoneConflict] Default zones (system zones, win): 0 zones
2025/12/01 22:30:03 [ZoneConflict] Merge candidates (same type/owner): 1 zones
2025/12/01 22:30:03 [ZoneConflict] Conflict zones (different type/owner): 0 zones
2025/12/01 22:30:03 [ZoneMerge] Starting with 1 merge candidates, finding transitive overlaps...
2025/12/01 22:30:03 [ZoneMerge] Found 1 overlapping zones to merge: [1]
2025/12/01 22:30:03 [ZoneMerge] Oldest zone ID to keep: 1 (created: 2025-12-01 22:30:03.310991 +0000 +0000)
2025/12/01 22:30:03 [ZoneMerge] Will merge ALL 1 overlapping zones together (including oldest zone 1)
2025/12/01 22:30:03 [ZoneMerge] Merging 1 geometries (new + 1 existing)
2025/12/01 22:30:03 [ZoneMerge] Zones being merged: new zone (not yet in DB) + existing zones [1]
2025/12/01 22:30:03 [ZoneMerge] New geometry (first 200 chars): {"type":"Polygon","coordinates":[[[2.6859406530857086,59.95130970420562],[24.949971795082092,59.95130970420562],[24.949971795082092,80.80886175238585],[2.6859406530857086,80.80886175238585],[2.6859406...
2025/12/01 22:30:03 [ZoneMerge] Existing zone 1 geometry (first 200 chars): {"type":"Polygon","coordinates":[[[32.368904442,69.844438828],[263999995.52796313,69.844438828],[263999995.52796313,117.467701801],[32.368904442,117.467701801],[32.368904442,69.844438828]]]}
2025/12/01 22:30:03 [ZoneMerge] Merged geometry type: ST_Polygon, area: 1974.75
2025/12/01 22:30:03 [ZoneMerge] Successfully merged 2 zones into new geometry (result length: 356, type: ST_Polygon)
2025/12/01 22:30:03 [ZoneMerge] Merged result includes: new zone + existing zones [1] (all 2 zones)
2025/12/01 22:30:03 [ZoneMerge] Geometry spans: new=22.26, existing=263999963.16 (ring=264000000.00, half_ring=132000000.00)
2025/12/01 22:30:03 [ZoneMerge] WARNING: One or more geometries wrap around X-axis - PostGIS union may produce incorrect results
2025/12/01 22:30:03 [ZoneMerge] Merged geometry (first 300 chars): {"type":"Polygon","coordinates":[[[264000024.9499718,59.95130970420562],[264000002.68594065,59.95130970420562],[264000002.68594065,69.844438828],[263999995.52796313,69.844438828],[263999995.52796313,117.467701801],[264000032.36890444,117.467701801],[264000032.36890444,69.844438828],[264000024.949971...
2025/12/01 22:30:03 [ZoneMerge] Area comparison: new=464.37, existing sum=1754.49, merged=1974.75 (merged should be >= max of new/existing, less than sum if they overlap)
2025/12/01 22:30:03 [ZoneMerge] Updated zone 1 with merged geometry (area: 1974.746771)
    zones_test.go:2858: Γ£ô Wrapped and non-wrapped zones merged correctly
    zones_test.go:2859:   Zone1 (wrapped) area: 1754.49 m┬▓
    zones_test.go:2860:   Merged area: 1974.75 m┬▓
2025/12/01 22:30:03 [ZoneConflict] Found 1 total overlapping zones (any type/owner)
2025/12/01 22:30:03 [ZoneConflict] Default zones (system zones, win): 0 zones
2025/12/01 22:30:03 [ZoneConflict] Merge candidates (same type/owner): 1 zones
2025/12/01 22:30:03 [ZoneConflict] Conflict zones (different type/owner): 0 zones
2025/12/01 22:30:03 [ZoneMerge] Starting with 1 merge candidates, finding transitive overlaps...
2025/12/01 22:30:03 [ZoneMerge] Found 1 overlapping zones to merge: [1]
2025/12/01 22:30:03 [ZoneMerge] Oldest zone ID to keep: 1 (created: 2025-12-01 22:30:03.310991 +0000 +0000)
2025/12/01 22:30:03 [ZoneMerge] Will merge ALL 1 overlapping zones together (including oldest zone 1)
2025/12/01 22:30:03 [ZoneMerge] Merging 1 geometries (new + 1 existing)
2025/12/01 22:30:03 [ZoneMerge] Zones being merged: new zone (not yet in DB) + existing zones [1]
2025/12/01 22:30:03 [ZoneMerge] New geometry (first 200 chars): {"type":"Polygon","coordinates":[[[10,70],[30,70],[30,90],[10,90],[10,70]]]}
2025/12/01 22:30:03 [ZoneMerge] Existing zone 1 geometry (first 200 chars): {"type":"Polygon","coordinates":[[[264000024.9499718,59.951309704],[264000002.68594065,59.951309704],[264000002.68594065,69.844438828],[263999995.52796313,69.844438828],[263999995.52796313,117.4677018...
2025/12/01 22:30:03 [ZoneMerge] Merged geometry type: ST_Polygon, area: 1974.75
2025/12/01 22:30:03 [ZoneMerge] Successfully merged 2 zones into new geometry (result length: 357, type: ST_Polygon)
2025/12/01 22:30:03 [ZoneMerge] Merged result includes: new zone + existing zones [1] (all 2 zones)
2025/12/01 22:30:03 [ZoneMerge] Geometry spans: new=20.00, existing=36.84 (ring=264000000.00, half_ring=132000000.00)
2025/12/01 22:30:03 [ZoneMerge] Merged geometry (first 300 chars): {"type":"Polygon","coordinates":[[[264000002.68594065,59.95130970420562],[264000002.68594065,69.844438828],[263999995.52796313,69.844438828],[263999995.52796313,117.467701801],[264000032.36890444,117.467701801],[264000032.36890444,69.844438828],[264000024.9499718,69.844438828],[264000024.9499718,59....
2025/12/01 22:30:03 [ZoneMerge] Area comparison: new=400.00, existing sum=1974.75, merged=1974.75 (merged should be >= max of new/existing, less than sum if they overlap)
2025/12/01 22:30:03 [ZoneMerge] Updated zone 1 with merged geometry (area: 1974.746771)
    zones_test.go:2880: Γ£ô Multiple zones (wrapped + non-wrapped) merged correctly
    zones_test.go:2881:   Final merged area: 1974.75 m┬▓
--- PASS: TestZoneStorage_WrappedAndNonWrappedOverlap (0.30s)
=== RUN   TestZoneStorage_PlayerZoneClaimsSpaceFromOwnZones
2025/12/01 22:30:03 [ZoneConflict] Found 0 total overlapping zones (any type/owner)
2025/12/01 22:30:03 [ZoneConflict] Default zones (system zones, win): 0 zones
2025/12/01 22:30:03 [ZoneConflict] Merge candidates (same type/owner): 0 zones
2025/12/01 22:30:03 [ZoneConflict] Conflict zones (different type/owner): 0 zones
2025/12/01 22:30:03 [ZoneMerge] No merge candidates for component 1 - new zone will be created without merging
2025/12/01 22:30:03 [ZoneMerge] No overlapping zones found - will create new zone
2025/12/01 22:30:03 [ZoneCreate] Geometry structure: type=Polygon, ring_count=1
2025/12/01 22:30:03 [ZoneCreate]   Ring 0: 5 points
2025/12/01 22:30:03 [ZoneCreate] Created zone component 1: ID=1, name=ResidentialArea
2025/12/01 22:30:03 [ZoneConflict] Found 1 total overlapping zones (any type/owner)
2025/12/01 22:30:03 [ZoneConflict] Default zones (system zones, win): 0 zones
2025/12/01 22:30:03 [ZoneConflict] Merge candidates (same type/owner): 0 zones
2025/12/01 22:30:03 [ZoneConflict] Conflict zones (different type/owner): 1 zones
2025/12/01 22:30:03 [ZoneConflict] Using bulk resolution for zone 1: new_wins
2025/12/01 22:30:03 [ZoneConflict] Subtracting unioned new zone geometry from conflict zone 1 (same owner, different type, new zone wins)
2025/12/01 22:30:03 [Dezone] Zone 1 split into 1 components
2025/12/01 22:30:03 [ZoneConflict] Successfully subtracted unioned geometry from conflict zone 1
2025/12/01 22:30:03 [ZoneMerge] No merge candidates for component 1 - new zone will be created without merging
2025/12/01 22:30:03 [ZoneMerge] No overlapping zones found - will create new zone
2025/12/01 22:30:03 [ZoneCreate] Geometry structure: type=Polygon, ring_count=1
2025/12/01 22:30:03 [ZoneCreate]   Ring 0: 5 points
2025/12/01 22:30:03 [ZoneCreate] Created zone component 1: ID=2, name=CommercialArea
2025/12/01 22:30:03 [ZoneCreate] Updated 1 zone(s) during conflict resolution
    zones_test.go:2979: Γ£ô Player zone successfully claimed space from own zone of different type
    zones_test.go:2980:   Original residential area: 10000.00 m┬▓
    zones_test.go:2981:   Updated residential area: 5000.00 m┬▓
    zones_test.go:2982:   New commercial zone area: 10000.00 m┬▓
--- PASS: TestZoneStorage_PlayerZoneClaimsSpaceFromOwnZones (0.27s)
=== RUN   TestZoneStorage_PlayerZoneDoesNotClaimFromOtherPlayers
2025/12/01 22:30:03 [ZoneConflict] Found 0 total overlapping zones (any type/owner)
2025/12/01 22:30:03 [ZoneConflict] Default zones (system zones, win): 0 zones
2025/12/01 22:30:03 [ZoneConflict] Merge candidates (same type/owner): 0 zones
2025/12/01 22:30:03 [ZoneConflict] Conflict zones (different type/owner): 0 zones
2025/12/01 22:30:03 [ZoneMerge] No merge candidates for component 1 - new zone will be created without merging
2025/12/01 22:30:03 [ZoneMerge] No overlapping zones found - will create new zone
2025/12/01 22:30:03 [ZoneCreate] Geometry structure: type=Polygon, ring_count=1
2025/12/01 22:30:03 [ZoneCreate]   Ring 0: 5 points
2025/12/01 22:30:03 [ZoneCreate] Created zone component 1: ID=1, name=User1Residential
2025/12/01 22:30:03 [ZoneConflict] Found 1 total overlapping zones (any type/owner)
2025/12/01 22:30:03 [ZoneConflict] Default zones (system zones, win): 0 zones
2025/12/01 22:30:03 [ZoneConflict] Merge candidates (same type/owner): 0 zones
2025/12/01 22:30:03 [ZoneConflict] Conflict zones (different type/owner): 1 zones
2025/12/01 22:30:03 [ZoneMerge] No merge candidates for component 1 - new zone will be created without merging
2025/12/01 22:30:03 [ZoneMerge] No overlapping zones found - will create new zone
2025/12/01 22:30:03 [ZoneCreate] Geometry structure: type=Polygon, ring_count=1
2025/12/01 22:30:03 [ZoneCreate]   Ring 0: 5 points
2025/12/01 22:30:03 [ZoneCreate] Created zone component 1: ID=2, name=User2Commercial
    zones_test.go:3047: Γ£ô Player zone correctly did NOT claim space from other player's zone
    zones_test.go:3048:   User1 zone area (unchanged): 10000.00 m┬▓
    zones_test.go:3049:   User2 zone area: 10000.00 m┬▓
--- PASS: TestZoneStorage_PlayerZoneDoesNotClaimFromOtherPlayers (0.27s)
=== RUN   TestZoneStorage_SystemZonesAreProtected
2025/12/01 22:30:04 [ZoneConflict] Found 0 total overlapping zones (any type/owner)
2025/12/01 22:30:04 [ZoneConflict] Default zones (system zones, win): 0 zones
2025/12/01 22:30:04 [ZoneConflict] Merge candidates (same type/owner): 0 zones
2025/12/01 22:30:04 [ZoneConflict] Conflict zones (different type/owner): 0 zones
2025/12/01 22:30:04 [ZoneMerge] No merge candidates for component 1 - new zone will be created without merging
2025/12/01 22:30:04 [ZoneMerge] No overlapping zones found - will create new zone
2025/12/01 22:30:04 [ZoneCreate] Geometry structure: type=Polygon, ring_count=1
2025/12/01 22:30:04 [ZoneCreate]   Ring 0: 5 points
2025/12/01 22:30:04 [ZoneCreate] Created zone component 1: ID=1, name=SystemZone
2025/12/01 22:30:04 [ZoneConflict] Found 1 total overlapping zones (any type/owner)
2025/12/01 22:30:04 [ZoneConflict] Default zones (system zones, win): 1 zones
2025/12/01 22:30:04 [ZoneConflict] Merge candidates (same type/owner): 0 zones
2025/12/01 22:30:04 [ZoneConflict] Conflict zones (different type/owner): 0 zones
2025/12/01 22:30:04 [ZoneConflict] Subtracting 1 default zone(s) from new zone geometry
2025/12/01 22:30:04 [ZoneConflict] Result geometry type: ST_Polygon, expected components: 1, holes: 0, actual components returned: 1
2025/12/01 22:30:04 [ZoneConflict] Component 1 area: 5000.00 m┬▓
2025/12/01 22:30:04 [ZoneConflict] Successfully subtracted default zones from new zone geometry (resulted in 1 components)
2025/12/01 22:30:04 [ZoneConflict] Modified geometry 1 validated: area=5000.00 m┬▓, valid=true
2025/12/01 22:30:04 [ZoneMerge] No merge candidates for component 1 - new zone will be created without merging
2025/12/01 22:30:04 [ZoneMerge] No overlapping zones found - will create new zone
2025/12/01 22:30:04 [ZoneCreate] Geometry structure: type=Polygon, ring_count=1
2025/12/01 22:30:04 [ZoneCreate]   Ring 0: 5 points
2025/12/01 22:30:04 [ZoneCreate] Created zone component 1: ID=2, name=PlayerZone
    zones_test.go:3112: Γ£ô System zone correctly protected from player zone claims
    zones_test.go:3113:   System zone area (unchanged): 10000.00 m┬▓
    zones_test.go:3114:   Player zone area: 5000.00 m┬▓
--- PASS: TestZoneStorage_SystemZonesAreProtected (0.26s)
=== RUN   TestZoneStorage_MergeBehaviorStillWorks
2025/12/01 22:30:04 [ZoneConflict] Found 0 total overlapping zones (any type/owner)
2025/12/01 22:30:04 [ZoneConflict] Default zones (system zones, win): 0 zones
2025/12/01 22:30:04 [ZoneConflict] Merge candidates (same type/owner): 0 zones
2025/12/01 22:30:04 [ZoneConflict] Conflict zones (different type/owner): 0 zones
2025/12/01 22:30:04 [ZoneMerge] No merge candidates for component 1 - new zone will be created without merging
2025/12/01 22:30:04 [ZoneMerge] No overlapping zones found - will create new zone
2025/12/01 22:30:04 [ZoneCreate] Geometry structure: type=Polygon, ring_count=1
2025/12/01 22:30:04 [ZoneCreate]   Ring 0: 5 points
2025/12/01 22:30:04 [ZoneCreate] Created zone component 1: ID=1, name=Residential1
2025/12/01 22:30:04 [ZoneConflict] Found 1 total overlapping zones (any type/owner)
2025/12/01 22:30:04 [ZoneConflict] Default zones (system zones, win): 0 zones
2025/12/01 22:30:04 [ZoneConflict] Merge candidates (same type/owner): 1 zones
2025/12/01 22:30:04 [ZoneConflict] Conflict zones (different type/owner): 0 zones
2025/12/01 22:30:04 [ZoneMerge] Starting with 1 merge candidates, finding transitive overlaps...
2025/12/01 22:30:04 [ZoneMerge] Found 1 overlapping zones to merge: [1]
2025/12/01 22:30:04 [ZoneMerge] Oldest zone ID to keep: 1 (created: 2025-12-01 22:30:04.418714 +0000 +0000)
2025/12/01 22:30:04 [ZoneMerge] Will merge ALL 1 overlapping zones together (including oldest zone 1)
2025/12/01 22:30:04 [ZoneMerge] Merging 1 geometries (new + 1 existing)
2025/12/01 22:30:04 [ZoneMerge] Zones being merged: new zone (not yet in DB) + existing zones [1]
2025/12/01 22:30:04 [ZoneMerge] New geometry (first 200 chars): {
		"type": "Polygon",
		"coordinates": [[[1050,0],[1150,0],[1150,100],[1050,100],[1050,0]]]
	}
2025/12/01 22:30:04 [ZoneMerge] Existing zone 1 geometry (first 200 chars): {"type":"Polygon","coordinates":[[[1000,0],[1100,0],[1100,100],[1000,100],[1000,0]]]}
2025/12/01 22:30:04 [ZoneMerge] Merged geometry type: ST_Polygon, area: 15000.00
2025/12/01 22:30:04 [ZoneMerge] Successfully merged 2 zones into new geometry (result length: 125, type: ST_Polygon)
2025/12/01 22:30:04 [ZoneMerge] Merged result includes: new zone + existing zones [1] (all 2 zones)
2025/12/01 22:30:04 [ZoneMerge] Geometry spans: new=100.00, existing=100.00 (ring=264000000.00, half_ring=132000000.00)
2025/12/01 22:30:04 [ZoneMerge] Merged geometry (first 300 chars): {"type":"Polygon","coordinates":[[[1000,0],[1000,100],[1050,100],[1100,100],[1150,100],[1150,0],[1100,0],[1050,0],[1000,0]]]}
2025/12/01 22:30:04 [ZoneMerge] Area comparison: new=10000.00, existing sum=10000.00, merged=15000.00 (merged should be >= max of new/existing, less than sum if they overlap)
2025/12/01 22:30:04 [ZoneMerge] Updated zone 1 with merged geometry (area: 15000.000000)
    zones_test.go:3179: Γ£ô Zones of same type/owner correctly merged
    zones_test.go:3180:   Original zone1 area: 10000.00 m┬▓
    zones_test.go:3181:   Merged zone area: 15000.00 m┬▓
--- PASS: TestZoneStorage_MergeBehaviorStillWorks (0.29s)
=== RUN   TestZoneStorage_PlayerZoneCompletelyRemovesOwnZone
2025/12/01 22:30:04 [ZoneConflict] Found 0 total overlapping zones (any type/owner)
2025/12/01 22:30:04 [ZoneConflict] Default zones (system zones, win): 0 zones
2025/12/01 22:30:04 [ZoneConflict] Merge candidates (same type/owner): 0 zones
2025/12/01 22:30:04 [ZoneConflict] Conflict zones (different type/owner): 0 zones
2025/12/01 22:30:04 [ZoneMerge] No merge candidates for component 1 - new zone will be created without merging
2025/12/01 22:30:04 [ZoneMerge] No overlapping zones found - will create new zone
2025/12/01 22:30:04 [ZoneCreate] Geometry structure: type=Polygon, ring_count=1
2025/12/01 22:30:04 [ZoneCreate]   Ring 0: 5 points
2025/12/01 22:30:04 [ZoneCreate] Created zone component 1: ID=1, name=ResidentialArea
2025/12/01 22:30:04 [ZoneConflict] Found 1 total overlapping zones (any type/owner)
2025/12/01 22:30:04 [ZoneConflict] Default zones (system zones, win): 0 zones
2025/12/01 22:30:04 [ZoneConflict] Merge candidates (same type/owner): 0 zones
2025/12/01 22:30:04 [ZoneConflict] Conflict zones (different type/owner): 1 zones
2025/12/01 22:30:04 [ZoneConflict] Using bulk resolution for zone 1: new_wins
2025/12/01 22:30:04 [ZoneConflict] Subtracting unioned new zone geometry from conflict zone 1 (same owner, different type, new zone wins)
2025/12/01 22:30:04 [Dezone] Subtraction returned no valid geometries for zone 1 - zone completely removed, deleting
2025/12/01 22:30:04 [ZoneConflict] Successfully subtracted unioned geometry from conflict zone 1
2025/12/01 22:30:04 [ZoneMerge] No merge candidates for component 1 - new zone will be created without merging
2025/12/01 22:30:04 [ZoneMerge] No overlapping zones found - will create new zone
2025/12/01 22:30:04 [ZoneCreate] Geometry structure: type=Polygon, ring_count=1
2025/12/01 22:30:04 [ZoneCreate]   Ring 0: 5 points
2025/12/01 22:30:04 [ZoneCreate] Created zone component 1: ID=2, name=CommercialArea
    zones_test.go:3253: Γ£ô Player zone completely removed own zone of different type
    zones_test.go:3254:   New commercial zone area: 14400.00 m┬▓
--- PASS: TestZoneStorage_PlayerZoneCompletelyRemovesOwnZone (0.30s)
=== RUN   TestZoneStorage_PlayerZoneBisectsOwnZone
2025/12/01 22:30:05 [ZoneConflict] Found 0 total overlapping zones (any type/owner)
2025/12/01 22:30:05 [ZoneConflict] Default zones (system zones, win): 0 zones
2025/12/01 22:30:05 [ZoneConflict] Merge candidates (same type/owner): 0 zones
2025/12/01 22:30:05 [ZoneConflict] Conflict zones (different type/owner): 0 zones
2025/12/01 22:30:05 [ZoneMerge] No merge candidates for component 1 - new zone will be created without merging
2025/12/01 22:30:05 [ZoneMerge] No overlapping zones found - will create new zone
2025/12/01 22:30:05 [ZoneCreate] Geometry structure: type=Polygon, ring_count=1
2025/12/01 22:30:05 [ZoneCreate]   Ring 0: 5 points
2025/12/01 22:30:05 [ZoneCreate] Created zone component 1: ID=1, name=ResidentialArea
2025/12/01 22:30:05 [ZoneConflict] Found 1 total overlapping zones (any type/owner)
2025/12/01 22:30:05 [ZoneConflict] Default zones (system zones, win): 0 zones
2025/12/01 22:30:05 [ZoneConflict] Merge candidates (same type/owner): 0 zones
2025/12/01 22:30:05 [ZoneConflict] Conflict zones (different type/owner): 1 zones
2025/12/01 22:30:05 [ZoneConflict] Using bulk resolution for zone 1: new_wins
2025/12/01 22:30:05 [ZoneConflict] Subtracting unioned new zone geometry from conflict zone 1 (same owner, different type, new zone wins)
2025/12/01 22:30:05 [Dezone] Zone 1 split into 2 components
2025/12/01 22:30:05 [Dezone] Created new zone 2 for split component 1 (inserted directly, bypassing merge)
2025/12/01 22:30:05 [ZoneConflict] Successfully subtracted unioned geometry from conflict zone 1
2025/12/01 22:30:05 [ZoneMerge] No merge candidates for component 1 - new zone will be created without merging
2025/12/01 22:30:05 [ZoneMerge] No overlapping zones found - will create new zone
2025/12/01 22:30:05 [ZoneCreate] Geometry structure: type=Polygon, ring_count=1
2025/12/01 22:30:05 [ZoneCreate]   Ring 0: 5 points
2025/12/01 22:30:05 [ZoneCreate] Created zone component 1: ID=3, name=CommercialArea
2025/12/01 22:30:05 [ZoneCreate] Updated 2 zone(s) during conflict resolution
    zones_test.go:3329: Γ£ô Player zone bisected own zone of different type
    zones_test.go:3330:   Original residential area: 10000.00 m┬▓
    zones_test.go:3331:   Updated residential area: 4500.00 m┬▓
    zones_test.go:3332:   New commercial zone area: 1000.00 m┬▓
--- PASS: TestZoneStorage_PlayerZoneBisectsOwnZone (0.28s)
=== RUN   TestZoneStorage_PlayerZoneClaimsFromMultipleZones
2025/12/01 22:30:05 [ZoneConflict] Found 0 total overlapping zones (any type/owner)
2025/12/01 22:30:05 [ZoneConflict] Default zones (system zones, win): 0 zones
2025/12/01 22:30:05 [ZoneConflict] Merge candidates (same type/owner): 0 zones
2025/12/01 22:30:05 [ZoneConflict] Conflict zones (different type/owner): 0 zones
2025/12/01 22:30:05 [ZoneMerge] No merge candidates for component 1 - new zone will be created without merging
2025/12/01 22:30:05 [ZoneMerge] No overlapping zones found - will create new zone
2025/12/01 22:30:05 [ZoneCreate] Geometry structure: type=Polygon, ring_count=1
2025/12/01 22:30:05 [ZoneCreate]   Ring 0: 5 points
2025/12/01 22:30:05 [ZoneCreate] Created zone component 1: ID=1, name=Residential
2025/12/01 22:30:05 [ZoneConflict] Found 1 total overlapping zones (any type/owner)
2025/12/01 22:30:05 [ZoneConflict] Default zones (system zones, win): 0 zones
2025/12/01 22:30:05 [ZoneConflict] Merge candidates (same type/owner): 0 zones
2025/12/01 22:30:05 [ZoneConflict] Conflict zones (different type/owner): 1 zones
2025/12/01 22:30:05 [ZoneConflict] Using bulk resolution for zone 1: new_wins
2025/12/01 22:30:05 [ZoneConflict] Subtracting unioned new zone geometry from conflict zone 1 (same owner, different type, new zone wins)
2025/12/01 22:30:05 [Dezone] Zone 1 split into 1 components
2025/12/01 22:30:05 [ZoneConflict] Successfully subtracted unioned geometry from conflict zone 1
2025/12/01 22:30:05 [ZoneMerge] No merge candidates for component 1 - new zone will be created without merging
2025/12/01 22:30:05 [ZoneMerge] No overlapping zones found - will create new zone
2025/12/01 22:30:05 [ZoneCreate] Geometry structure: type=Polygon, ring_count=1
2025/12/01 22:30:05 [ZoneCreate]   Ring 0: 5 points
2025/12/01 22:30:05 [ZoneCreate] Created zone component 1: ID=2, name=Industrial
2025/12/01 22:30:05 [ZoneCreate] Updated 1 zone(s) during conflict resolution
2025/12/01 22:30:05 [ZoneConflict] Found 2 total overlapping zones (any type/owner)
2025/12/01 22:30:05 [ZoneConflict] Default zones (system zones, win): 0 zones
2025/12/01 22:30:05 [ZoneConflict] Merge candidates (same type/owner): 0 zones
2025/12/01 22:30:05 [ZoneConflict] Conflict zones (different type/owner): 2 zones
2025/12/01 22:30:05 [ZoneConflict] Using bulk resolution for zone 1: new_wins
2025/12/01 22:30:05 [ZoneConflict] Subtracting unioned new zone geometry from conflict zone 1 (same owner, different type, new zone wins)
2025/12/01 22:30:05 [Dezone] Zone 1 split into 1 components
2025/12/01 22:30:05 [ZoneConflict] Successfully subtracted unioned geometry from conflict zone 1
2025/12/01 22:30:05 [ZoneConflict] Using bulk resolution for zone 2: new_wins
2025/12/01 22:30:05 [ZoneConflict] Subtracting unioned new zone geometry from conflict zone 2 (same owner, different type, new zone wins)
2025/12/01 22:30:05 [Dezone] Zone 2 split into 1 components
2025/12/01 22:30:05 [ZoneConflict] Successfully subtracted unioned geometry from conflict zone 2
2025/12/01 22:30:05 [ZoneMerge] No merge candidates for component 1 - new zone will be created without merging
2025/12/01 22:30:05 [ZoneMerge] No overlapping zones found - will create new zone
2025/12/01 22:30:05 [ZoneCreate] Geometry structure: type=Polygon, ring_count=1
2025/12/01 22:30:05 [ZoneCreate]   Ring 0: 5 points
2025/12/01 22:30:05 [ZoneCreate] Created zone component 1: ID=3, name=Commercial
2025/12/01 22:30:05 [ZoneCreate] Updated 2 zone(s) during conflict resolution
    zones_test.go:3431: Γ£ô Player zone successfully claimed space from multiple zones
    zones_test.go:3432:   Original residential area: 10000.00 m┬▓, Updated: 5000.00 m┬▓
    zones_test.go:3433:   Original industrial area: 10000.00 m┬▓, Updated: 5000.00 m┬▓
    zones_test.go:3434:   New commercial zone area: 10000.00 m┬▓
--- PASS: TestZoneStorage_PlayerZoneClaimsFromMultipleZones (0.32s)
=== RUN   TestZoneStorage_PlayerZoneDoesNotClaimFromZonesWithNoOwner
2025/12/01 22:30:05 [ZoneConflict] Found 0 total overlapping zones (any type/owner)
2025/12/01 22:30:05 [ZoneConflict] Default zones (system zones, win): 0 zones
2025/12/01 22:30:05 [ZoneConflict] Merge candidates (same type/owner): 0 zones
2025/12/01 22:30:05 [ZoneConflict] Conflict zones (different type/owner): 0 zones
2025/12/01 22:30:05 [ZoneMerge] No merge candidates for component 1 - new zone will be created without merging
2025/12/01 22:30:05 [ZoneMerge] No overlapping zones found - will create new zone
2025/12/01 22:30:05 [ZoneCreate] Geometry structure: type=Polygon, ring_count=1
2025/12/01 22:30:05 [ZoneCreate]   Ring 0: 5 points
2025/12/01 22:30:05 [ZoneCreate] Created zone component 1: ID=1, name=UnownedZone
2025/12/01 22:30:05 [ZoneConflict] Found 1 total overlapping zones (any type/owner)
2025/12/01 22:30:05 [ZoneConflict] Default zones (system zones, win): 0 zones
2025/12/01 22:30:05 [ZoneConflict] Merge candidates (same type/owner): 0 zones
2025/12/01 22:30:05 [ZoneConflict] Conflict zones (different type/owner): 1 zones
2025/12/01 22:30:05 [ZoneMerge] No merge candidates for component 1 - new zone will be created without merging
2025/12/01 22:30:05 [ZoneMerge] No overlapping zones found - will create new zone
2025/12/01 22:30:05 [ZoneCreate] Geometry structure: type=Polygon, ring_count=1
2025/12/01 22:30:05 [ZoneCreate]   Ring 0: 5 points
2025/12/01 22:30:05 [ZoneCreate] Created zone component 1: ID=2, name=PlayerZone
    zones_test.go:3496: Γ£ô Player zone correctly did NOT claim space from zone with no owner
    zones_test.go:3497:   Unowned zone area (unchanged): 10000.00 m┬▓
    zones_test.go:3498:   Player zone area: 10000.00 m┬▓
--- PASS: TestZoneStorage_PlayerZoneDoesNotClaimFromZonesWithNoOwner (0.22s)
=== RUN   TestZoneStorage_PlayerZoneWithMixedOverlaps
2025/12/01 22:30:05 [ZoneConflict] Found 0 total overlapping zones (any type/owner)
2025/12/01 22:30:05 [ZoneConflict] Default zones (system zones, win): 0 zones
2025/12/01 22:30:05 [ZoneConflict] Merge candidates (same type/owner): 0 zones
2025/12/01 22:30:05 [ZoneConflict] Conflict zones (different type/owner): 0 zones
2025/12/01 22:30:05 [ZoneMerge] No merge candidates for component 1 - new zone will be created without merging
2025/12/01 22:30:05 [ZoneMerge] No overlapping zones found - will create new zone
2025/12/01 22:30:05 [ZoneCreate] Geometry structure: type=Polygon, ring_count=1
2025/12/01 22:30:05 [ZoneCreate]   Ring 0: 5 points
2025/12/01 22:30:05 [ZoneCreate] Created zone component 1: ID=1, name=Residential1
2025/12/01 22:30:05 [ZoneConflict] Found 1 total overlapping zones (any type/owner)
2025/12/01 22:30:05 [ZoneConflict] Default zones (system zones, win): 0 zones
2025/12/01 22:30:05 [ZoneConflict] Merge candidates (same type/owner): 0 zones
2025/12/01 22:30:05 [ZoneConflict] Conflict zones (different type/owner): 1 zones
2025/12/01 22:30:05 [ZoneConflict] Using bulk resolution for zone 1: new_wins
2025/12/01 22:30:05 [ZoneConflict] Subtracting unioned new zone geometry from conflict zone 1 (same owner, different type, new zone wins)
2025/12/01 22:30:05 [Dezone] Zone 1 split into 1 components
2025/12/01 22:30:05 [ZoneConflict] Successfully subtracted unioned geometry from conflict zone 1
2025/12/01 22:30:05 [ZoneMerge] No merge candidates for component 1 - new zone will be created without merging
2025/12/01 22:30:05 [ZoneMerge] No overlapping zones found - will create new zone
2025/12/01 22:30:05 [ZoneCreate] Geometry structure: type=Polygon, ring_count=1
2025/12/01 22:30:05 [ZoneCreate]   Ring 0: 5 points
2025/12/01 22:30:05 [ZoneCreate] Created zone component 1: ID=2, name=Commercial
2025/12/01 22:30:05 [ZoneCreate] Updated 1 zone(s) during conflict resolution
2025/12/01 22:30:05 [ZoneConflict] Found 2 total overlapping zones (any type/owner)
2025/12/01 22:30:05 [ZoneConflict] Default zones (system zones, win): 0 zones
2025/12/01 22:30:05 [ZoneConflict] Merge candidates (same type/owner): 1 zones
2025/12/01 22:30:05 [ZoneConflict] Conflict zones (different type/owner): 1 zones
2025/12/01 22:30:05 [ZoneConflict] Using bulk resolution for zone 2: new_wins
2025/12/01 22:30:05 [ZoneConflict] Subtracting unioned new zone geometry from conflict zone 2 (same owner, different type, new zone wins)
2025/12/01 22:30:05 [Dezone] Zone 2 split into 1 components
2025/12/01 22:30:05 [ZoneConflict] Successfully subtracted unioned geometry from conflict zone 2
2025/12/01 22:30:05 [ZoneMerge] Starting with 1 merge candidates, finding transitive overlaps...
2025/12/01 22:30:05 [ZoneMerge] Found 1 overlapping zones to merge: [1]
2025/12/01 22:30:05 [ZoneMerge] Oldest zone ID to keep: 1 (created: 2025-12-01 22:30:05.805474 +0000 +0000)
2025/12/01 22:30:05 [ZoneMerge] Will merge ALL 1 overlapping zones together (including oldest zone 1)
2025/12/01 22:30:05 [ZoneMerge] Merging 1 geometries (new + 1 existing)
2025/12/01 22:30:05 [ZoneMerge] Zones being merged: new zone (not yet in DB) + existing zones [1]
2025/12/01 22:30:05 [ZoneMerge] New geometry (first 200 chars): {
		"type": "Polygon",
		"coordinates": [[[1050,0],[1150,0],[1150,100],[1050,100],[1050,0]]]
	}
2025/12/01 22:30:05 [ZoneMerge] Existing zone 1 geometry (first 200 chars): {"type":"Polygon","coordinates":[[[1000,0],[1000,100],[1100,100],[1100,0],[1000,0]]]}
2025/12/01 22:30:05 [ZoneMerge] Merged geometry type: ST_Polygon, area: 15000.00
2025/12/01 22:30:05 [ZoneMerge] Successfully merged 2 zones into new geometry (result length: 127, type: ST_Polygon)
2025/12/01 22:30:05 [ZoneMerge] Merged result includes: new zone + existing zones [1] (all 2 zones)
2025/12/01 22:30:05 [ZoneMerge] Geometry spans: new=100.00, existing=100.00 (ring=264000000.00, half_ring=132000000.00)
2025/12/01 22:30:05 [ZoneMerge] Merged geometry (first 300 chars): {"type":"Polygon","coordinates":[[[1000,100],[1050,100],[1100,100],[1150,100],[1150,0],[1100,0],[1050,0],[1000,0],[1000,100]]]}
2025/12/01 22:30:05 [ZoneMerge] Area comparison: new=10000.00, existing sum=10000.00, merged=15000.00 (merged should be >= max of new/existing, less than sum if they overlap)
2025/12/01 22:30:05 [ZoneMerge] Updated zone 1 with merged geometry (area: 15000.000000)
2025/12/01 22:30:05 [ZoneCreate] Updated 1 zone(s) during conflict resolution
    zones_test.go:3599: Γ£ô Player zone correctly handled mixed overlaps (merge + claim)
    zones_test.go:3600:   Zone1 merged: original 10000.00 m┬▓, merged 15000.00 m┬▓
    zones_test.go:3601:   Zone2 claimed from: original 10000.00 m┬▓, updated 5000.00 m┬▓
--- PASS: TestZoneStorage_PlayerZoneWithMixedOverlaps (0.29s)
=== RUN   TestZoneStorage_DefaultZoneWins
2025/12/01 22:30:06 [ZoneConflict] Found 0 total overlapping zones (any type/owner)
2025/12/01 22:30:06 [ZoneConflict] Default zones (system zones, win): 0 zones
2025/12/01 22:30:06 [ZoneConflict] Merge candidates (same type/owner): 0 zones
2025/12/01 22:30:06 [ZoneConflict] Conflict zones (different type/owner): 0 zones
2025/12/01 22:30:06 [ZoneMerge] No merge candidates for component 1 - new zone will be created without merging
2025/12/01 22:30:06 [ZoneMerge] No overlapping zones found - will create new zone
2025/12/01 22:30:06 [ZoneCreate] Geometry structure: type=Polygon, ring_count=1
2025/12/01 22:30:06 [ZoneCreate]   Ring 0: 5 points
2025/12/01 22:30:06 [ZoneCreate] Created zone component 1: ID=1, name=Default Restricted Zone
2025/12/01 22:30:06 [ZoneConflict] Found 1 total overlapping zones (any type/owner)
2025/12/01 22:30:06 [ZoneConflict] Default zones (system zones, win): 1 zones
2025/12/01 22:30:06 [ZoneConflict] Merge candidates (same type/owner): 0 zones
2025/12/01 22:30:06 [ZoneConflict] Conflict zones (different type/owner): 0 zones
2025/12/01 22:30:06 [ZoneConflict] Subtracting 1 default zone(s) from new zone geometry
2025/12/01 22:30:06 [ZoneConflict] Result geometry type: ST_Polygon, expected components: 1, holes: 0, actual components returned: 1
2025/12/01 22:30:06 [ZoneConflict] Component 1 area: 150000.00 m┬▓
2025/12/01 22:30:06 [ZoneConflict] Successfully subtracted default zones from new zone geometry (resulted in 1 components)
2025/12/01 22:30:06 [ZoneConflict] Modified geometry 1 validated: area=150000.00 m┬▓, valid=true
2025/12/01 22:30:06 [ZoneMerge] No merge candidates for component 1 - new zone will be created without merging
2025/12/01 22:30:06 [ZoneMerge] No overlapping zones found - will create new zone
2025/12/01 22:30:06 [ZoneCreate] Geometry structure: type=Polygon, ring_count=1
2025/12/01 22:30:06 [ZoneCreate]   Ring 0: 9 points
2025/12/01 22:30:06 [ZoneCreate] Created zone component 1: ID=2, name=Player Zone Overlapping Default
    zones_test.go:3676: Γ£ô Default zone wins: default zone area unchanged (100000.00 m┬▓), new zone area reduced (150000.00 m┬▓)
--- PASS: TestZoneStorage_DefaultZoneWins (0.27s)
=== RUN   TestZoneStorage_DefaultZoneBisectsNewZone
2025/12/01 22:30:06 [ZoneConflict] Found 0 total overlapping zones (any type/owner)
2025/12/01 22:30:06 [ZoneConflict] Default zones (system zones, win): 0 zones
2025/12/01 22:30:06 [ZoneConflict] Merge candidates (same type/owner): 0 zones
2025/12/01 22:30:06 [ZoneConflict] Conflict zones (different type/owner): 0 zones
2025/12/01 22:30:06 [ZoneMerge] No merge candidates for component 1 - new zone will be created without merging
2025/12/01 22:30:06 [ZoneMerge] No overlapping zones found - will create new zone
2025/12/01 22:30:06 [ZoneCreate] Geometry structure: type=Polygon, ring_count=1
2025/12/01 22:30:06 [ZoneCreate]   Ring 0: 5 points
2025/12/01 22:30:06 [ZoneCreate] Created zone component 1: ID=1, name=Default Zone (Bisector)
2025/12/01 22:30:06 [ZoneConflict] Found 1 total overlapping zones (any type/owner)
2025/12/01 22:30:06 [ZoneConflict] Default zones (system zones, win): 1 zones
2025/12/01 22:30:06 [ZoneConflict] Merge candidates (same type/owner): 0 zones
2025/12/01 22:30:06 [ZoneConflict] Conflict zones (different type/owner): 0 zones
2025/12/01 22:30:06 [ZoneConflict] Subtracting 1 default zone(s) from new zone geometry
2025/12/01 22:30:06 [ZoneConflict] Result geometry type: ST_Polygon, expected components: 1, holes: 1, actual components returned: 1
2025/12/01 22:30:06 [ZoneConflict] WARNING: Result has 1 holes - zone may not be bisected, just has holes subtracted
2025/12/01 22:30:06 [ZoneConflict] Component 1 area: 300000.00 m┬▓ (has 1 holes - may indicate bisection issue)
2025/12/01 22:30:06 [ZoneConflict] Successfully subtracted default zones from new zone geometry (resulted in 1 components)
2025/12/01 22:30:06 [ZoneConflict] Modified geometry 1 validated: area=300000.00 m┬▓, valid=true
2025/12/01 22:30:06 [ZoneMerge] No merge candidates for component 1 - new zone will be created without merging
2025/12/01 22:30:06 [ZoneMerge] No overlapping zones found - will create new zone
2025/12/01 22:30:06 [ZoneCreate] Geometry structure: type=Polygon, ring_count=2
2025/12/01 22:30:06 [ZoneCreate]   Ring 0: 5 points
2025/12/01 22:30:06 [ZoneCreate]   Ring 1: 5 points
2025/12/01 22:30:06 [ZoneCreate] Created zone component 1: ID=2, name=Zone That Gets Bisected
    zones_test.go:3755: Γ£ô Default zone bisects new zone: created zone with area 300000.00 m┬▓ (should be one component)
    zones_test.go:3756:   Total player zones in area: 1
--- PASS: TestZoneStorage_DefaultZoneBisectsNewZone (0.25s)
=== RUN   TestZoneStorage_DifferentTypeZoneWins
2025/12/01 22:30:06 [ZoneConflict] Found 0 total overlapping zones (any type/owner)
2025/12/01 22:30:06 [ZoneConflict] Default zones (system zones, win): 0 zones
2025/12/01 22:30:06 [ZoneConflict] Merge candidates (same type/owner): 0 zones
2025/12/01 22:30:06 [ZoneConflict] Conflict zones (different type/owner): 0 zones
2025/12/01 22:30:06 [ZoneMerge] No merge candidates for component 1 - new zone will be created without merging
2025/12/01 22:30:06 [ZoneMerge] No overlapping zones found - will create new zone
2025/12/01 22:30:06 [ZoneCreate] Geometry structure: type=Polygon, ring_count=1
2025/12/01 22:30:06 [ZoneCreate]   Ring 0: 5 points
2025/12/01 22:30:06 [ZoneCreate] Created zone component 1: ID=1, name=Existing Commercial Zone
2025/12/01 22:30:06 [ZoneConflict] Found 1 total overlapping zones (any type/owner)
2025/12/01 22:30:06 [ZoneConflict] Default zones (system zones, win): 0 zones
2025/12/01 22:30:06 [ZoneConflict] Merge candidates (same type/owner): 0 zones
2025/12/01 22:30:06 [ZoneConflict] Conflict zones (different type/owner): 1 zones
2025/12/01 22:30:06 [ZoneConflict] Using bulk resolution for zone 1: new_wins
2025/12/01 22:30:06 [ZoneConflict] Subtracting unioned new zone geometry from conflict zone 1 (same owner, different type, new zone wins)
2025/12/01 22:30:06 [Dezone] Zone 1 split into 1 components
2025/12/01 22:30:06 [ZoneConflict] Successfully subtracted unioned geometry from conflict zone 1
2025/12/01 22:30:06 [ZoneMerge] No merge candidates for component 1 - new zone will be created without merging
2025/12/01 22:30:06 [ZoneMerge] No overlapping zones found - will create new zone
2025/12/01 22:30:06 [ZoneCreate] Geometry structure: type=Polygon, ring_count=1
2025/12/01 22:30:06 [ZoneCreate]   Ring 0: 5 points
2025/12/01 22:30:06 [ZoneCreate] Created zone component 1: ID=2, name=New Residential Zone
2025/12/01 22:30:06 [ZoneCreate] Updated 1 zone(s) during conflict resolution
    zones_test.go:3828: Γ£ô Different type zone wins: existing zone area reduced (100000.00 ΓåÆ 50000.00 m┬▓), new zone area 100000.00 m┬▓
--- PASS: TestZoneStorage_DifferentTypeZoneWins (0.35s)
=== RUN   TestZoneStorage_SameTypeZonesMerge
2025/12/01 22:30:06 [ZoneConflict] Found 0 total overlapping zones (any type/owner)
2025/12/01 22:30:06 [ZoneConflict] Default zones (system zones, win): 0 zones
2025/12/01 22:30:06 [ZoneConflict] Merge candidates (same type/owner): 0 zones
2025/12/01 22:30:06 [ZoneConflict] Conflict zones (different type/owner): 0 zones
2025/12/01 22:30:06 [ZoneMerge] No merge candidates for component 1 - new zone will be created without merging
2025/12/01 22:30:06 [ZoneMerge] No overlapping zones found - will create new zone
2025/12/01 22:30:06 [ZoneCreate] Geometry structure: type=Polygon, ring_count=1
2025/12/01 22:30:06 [ZoneCreate]   Ring 0: 5 points
2025/12/01 22:30:06 [ZoneCreate] Created zone component 1: ID=1, name=Existing Residential Zone
2025/12/01 22:30:06 [ZoneConflict] Found 1 total overlapping zones (any type/owner)
2025/12/01 22:30:06 [ZoneConflict] Default zones (system zones, win): 0 zones
2025/12/01 22:30:06 [ZoneConflict] Merge candidates (same type/owner): 1 zones
2025/12/01 22:30:06 [ZoneConflict] Conflict zones (different type/owner): 0 zones
2025/12/01 22:30:06 [ZoneMerge] Starting with 1 merge candidates, finding transitive overlaps...
2025/12/01 22:30:06 [ZoneMerge] Found 1 overlapping zones to merge: [1]
2025/12/01 22:30:06 [ZoneMerge] Oldest zone ID to keep: 1 (created: 2025-12-01 22:30:06.982314 +0000 +0000)
2025/12/01 22:30:06 [ZoneMerge] Will merge ALL 1 overlapping zones together (including oldest zone 1)
2025/12/01 22:30:06 [ZoneMerge] Merging 1 geometries (new + 1 existing)
2025/12/01 22:30:06 [ZoneMerge] Zones being merged: new zone (not yet in DB) + existing zones [1]
2025/12/01 22:30:06 [ZoneMerge] New geometry (first 200 chars): {
		"type": "Polygon",
		"coordinates": [[[1500,0],[2500,0],[2500,100],[1500,100],[1500,0]]]
	}
2025/12/01 22:30:06 [ZoneMerge] Existing zone 1 geometry (first 200 chars): {"type":"Polygon","coordinates":[[[1000,0],[2000,0],[2000,100],[1000,100],[1000,0]]]}
2025/12/01 22:30:07 [ZoneMerge] Merged geometry type: ST_Polygon, area: 150000.00
2025/12/01 22:30:07 [ZoneMerge] Successfully merged 2 zones into new geometry (result length: 125, type: ST_Polygon)
2025/12/01 22:30:07 [ZoneMerge] Merged result includes: new zone + existing zones [1] (all 2 zones)
2025/12/01 22:30:07 [ZoneMerge] Geometry spans: new=1000.00, existing=1000.00 (ring=264000000.00, half_ring=132000000.00)
2025/12/01 22:30:07 [ZoneMerge] Merged geometry (first 300 chars): {"type":"Polygon","coordinates":[[[1000,0],[1000,100],[1500,100],[2000,100],[2500,100],[2500,0],[2000,0],[1500,0],[1000,0]]]}
2025/12/01 22:30:07 [ZoneMerge] Area comparison: new=100000.00, existing sum=100000.00, merged=150000.00 (merged should be >= max of new/existing, less than sum if they overlap)
2025/12/01 22:30:07 [ZoneMerge] Updated zone 1 with merged geometry (area: 150000.000000)
    zones_test.go:3904: Γ£ô Same type zones merge: merged zone ID 1, area 150000.00 m┬▓ (original 100000.00 m┬▓)
--- PASS: TestZoneStorage_SameTypeZonesMerge (0.28s)
=== RUN   TestZoneStorage_ZoneCompletelyOverlappedByDefault
2025/12/01 22:30:07 [ZoneConflict] Found 0 total overlapping zones (any type/owner)
2025/12/01 22:30:07 [ZoneConflict] Default zones (system zones, win): 0 zones
2025/12/01 22:30:07 [ZoneConflict] Merge candidates (same type/owner): 0 zones
2025/12/01 22:30:07 [ZoneConflict] Conflict zones (different type/owner): 0 zones
2025/12/01 22:30:07 [ZoneMerge] No merge candidates for component 1 - new zone will be created without merging
2025/12/01 22:30:07 [ZoneMerge] No overlapping zones found - will create new zone
2025/12/01 22:30:07 [ZoneCreate] Geometry structure: type=Polygon, ring_count=1
2025/12/01 22:30:07 [ZoneCreate]   Ring 0: 5 points
2025/12/01 22:30:07 [ZoneCreate] Created zone component 1: ID=1, name=Default Zone (Full Coverage)
2025/12/01 22:30:07 [ZoneConflict] Found 1 total overlapping zones (any type/owner)
2025/12/01 22:30:07 [ZoneConflict] Default zones (system zones, win): 1 zones
2025/12/01 22:30:07 [ZoneConflict] Merge candidates (same type/owner): 0 zones
2025/12/01 22:30:07 [ZoneConflict] Conflict zones (different type/owner): 0 zones
2025/12/01 22:30:07 [ZoneConflict] Subtracting 1 default zone(s) from new zone geometry
2025/12/01 22:30:07 [ZoneConflict] New zone geometry completely removed by default zones
2025/12/01 22:30:07 [ZoneConflict] New zone geometry completely removed by default zones - rejecting zone creation
    zones_test.go:3955: Γ£ô Zone creation correctly rejected when completely overlapped by default zone: zone overlaps with default zones and would have no remaining area
--- PASS: TestZoneStorage_ZoneCompletelyOverlappedByDefault (0.27s)
=== RUN   TestZoneStorage_MultipleDefaultZones
2025/12/01 22:30:07 [ZoneConflict] Found 0 total overlapping zones (any type/owner)
2025/12/01 22:30:07 [ZoneConflict] Default zones (system zones, win): 0 zones
2025/12/01 22:30:07 [ZoneConflict] Merge candidates (same type/owner): 0 zones
2025/12/01 22:30:07 [ZoneConflict] Conflict zones (different type/owner): 0 zones
2025/12/01 22:30:07 [ZoneMerge] No merge candidates for component 1 - new zone will be created without merging
2025/12/01 22:30:07 [ZoneMerge] No overlapping zones found - will create new zone
2025/12/01 22:30:07 [ZoneCreate] Geometry structure: type=Polygon, ring_count=1
2025/12/01 22:30:07 [ZoneCreate]   Ring 0: 5 points
2025/12/01 22:30:07 [ZoneCreate] Created zone component 1: ID=1, name=Default Zone 1
2025/12/01 22:30:07 [ZoneConflict] Found 0 total overlapping zones (any type/owner)
2025/12/01 22:30:07 [ZoneConflict] Default zones (system zones, win): 0 zones
2025/12/01 22:30:07 [ZoneConflict] Merge candidates (same type/owner): 0 zones
2025/12/01 22:30:07 [ZoneConflict] Conflict zones (different type/owner): 0 zones
2025/12/01 22:30:07 [ZoneMerge] No merge candidates for component 1 - new zone will be created without merging
2025/12/01 22:30:07 [ZoneMerge] No overlapping zones found - will create new zone
2025/12/01 22:30:07 [ZoneCreate] Geometry structure: type=Polygon, ring_count=1
2025/12/01 22:30:07 [ZoneCreate]   Ring 0: 5 points
2025/12/01 22:30:07 [ZoneCreate] Created zone component 1: ID=2, name=Default Zone 2
2025/12/01 22:30:07 [ZoneConflict] Found 2 total overlapping zones (any type/owner)
2025/12/01 22:30:07 [ZoneConflict] Default zones (system zones, win): 2 zones
2025/12/01 22:30:07 [ZoneConflict] Merge candidates (same type/owner): 0 zones
2025/12/01 22:30:07 [ZoneConflict] Conflict zones (different type/owner): 0 zones
2025/12/01 22:30:07 [ZoneConflict] Subtracting 2 default zone(s) from new zone geometry
2025/12/01 22:30:07 [ZoneConflict] Result geometry type: ST_Polygon, expected components: 1, holes: 2, actual components returned: 1
2025/12/01 22:30:07 [ZoneConflict] WARNING: Result has 2 holes - zone may not be bisected, just has holes subtracted
2025/12/01 22:30:07 [ZoneConflict] Component 1 area: 400000.00 m┬▓ (has 2 holes - may indicate bisection issue)
2025/12/01 22:30:07 [ZoneConflict] Successfully subtracted default zones from new zone geometry (resulted in 1 components)
2025/12/01 22:30:07 [ZoneConflict] Modified geometry 1 validated: area=400000.00 m┬▓, valid=true
2025/12/01 22:30:07 [ZoneMerge] No merge candidates for component 1 - new zone will be created without merging
2025/12/01 22:30:07 [ZoneMerge] No overlapping zones found - will create new zone
2025/12/01 22:30:07 [ZoneCreate] Geometry structure: type=Polygon, ring_count=3
2025/12/01 22:30:07 [ZoneCreate]   Ring 0: 5 points
2025/12/01 22:30:07 [ZoneCreate]   Ring 1: 5 points
2025/12/01 22:30:07 [ZoneCreate]   Ring 2: 5 points
2025/12/01 22:30:07 [ZoneCreate] Created zone component 1: ID=3, name=Zone Overlapping Multiple Defaults
    zones_test.go:4029: Γ£ô Multiple default zones correctly subtracted from new zone: area 400000.00 m┬▓
--- PASS: TestZoneStorage_MultipleDefaultZones (0.32s)
=== RUN   TestZoneStorage_ConflictErrorReturned
2025/12/01 22:30:07 [ZoneConflict] Found 0 total overlapping zones (any type/owner)
2025/12/01 22:30:07 [ZoneConflict] Default zones (system zones, win): 0 zones
2025/12/01 22:30:07 [ZoneConflict] Merge candidates (same type/owner): 0 zones
2025/12/01 22:30:07 [ZoneConflict] Conflict zones (different type/owner): 0 zones
2025/12/01 22:30:07 [ZoneMerge] No merge candidates for component 1 - new zone will be created without merging
2025/12/01 22:30:07 [ZoneMerge] No overlapping zones found - will create new zone
2025/12/01 22:30:07 [ZoneCreate] Geometry structure: type=Polygon, ring_count=1
2025/12/01 22:30:07 [ZoneCreate]   Ring 0: 5 points
2025/12/01 22:30:07 [ZoneCreate] Created zone component 1: ID=1, name=Existing Commercial
2025/12/01 22:30:07 [ZoneConflict] Found 1 total overlapping zones (any type/owner)
2025/12/01 22:30:07 [ZoneConflict] Default zones (system zones, win): 0 zones
2025/12/01 22:30:07 [ZoneConflict] Merge candidates (same type/owner): 0 zones
2025/12/01 22:30:07 [ZoneConflict] Conflict zones (different type/owner): 1 zones
    zones_test.go:4090: Γ£ô ZoneConflictError correctly returned with 1 conflict(s)
--- PASS: TestZoneStorage_ConflictErrorReturned (0.27s)
=== RUN   TestZoneStorage_BulkConflictResolution
2025/12/01 22:30:08 [ZoneConflict] Found 0 total overlapping zones (any type/owner)
2025/12/01 22:30:08 [ZoneConflict] Default zones (system zones, win): 0 zones
2025/12/01 22:30:08 [ZoneConflict] Merge candidates (same type/owner): 0 zones
2025/12/01 22:30:08 [ZoneConflict] Conflict zones (different type/owner): 0 zones
2025/12/01 22:30:08 [ZoneMerge] No merge candidates for component 1 - new zone will be created without merging
2025/12/01 22:30:08 [ZoneMerge] No overlapping zones found - will create new zone
2025/12/01 22:30:08 [ZoneCreate] Geometry structure: type=Polygon, ring_count=1
2025/12/01 22:30:08 [ZoneCreate]   Ring 0: 5 points
2025/12/01 22:30:08 [ZoneCreate] Created zone component 1: ID=1, name=Commercial Zone
2025/12/01 22:30:08 [ZoneConflict] Found 0 total overlapping zones (any type/owner)
2025/12/01 22:30:08 [ZoneConflict] Default zones (system zones, win): 0 zones
2025/12/01 22:30:08 [ZoneConflict] Merge candidates (same type/owner): 0 zones
2025/12/01 22:30:08 [ZoneConflict] Conflict zones (different type/owner): 0 zones
2025/12/01 22:30:08 [ZoneMerge] No merge candidates for component 1 - new zone will be created without merging
2025/12/01 22:30:08 [ZoneMerge] No overlapping zones found - will create new zone
2025/12/01 22:30:08 [ZoneCreate] Geometry structure: type=Polygon, ring_count=1
2025/12/01 22:30:08 [ZoneCreate]   Ring 0: 5 points
2025/12/01 22:30:08 [ZoneCreate] Created zone component 1: ID=2, name=Industrial Zone
2025/12/01 22:30:08 [ZoneConflict] Found 2 total overlapping zones (any type/owner)
2025/12/01 22:30:08 [ZoneConflict] Default zones (system zones, win): 0 zones
2025/12/01 22:30:08 [ZoneConflict] Merge candidates (same type/owner): 0 zones
2025/12/01 22:30:08 [ZoneConflict] Conflict zones (different type/owner): 2 zones
2025/12/01 22:30:08 [ZoneConflict] Using bulk resolution for zone 1: new_wins
2025/12/01 22:30:08 [ZoneConflict] Subtracting unioned new zone geometry from conflict zone 1 (same owner, different type, new zone wins)
2025/12/01 22:30:08 [Dezone] Zone 1 split into 1 components
2025/12/01 22:30:08 [ZoneConflict] Successfully subtracted unioned geometry from conflict zone 1
2025/12/01 22:30:08 [ZoneConflict] Using bulk resolution for zone 2: new_wins
2025/12/01 22:30:08 [ZoneConflict] Subtracting unioned new zone geometry from conflict zone 2 (same owner, different type, new zone wins)
2025/12/01 22:30:08 [Dezone] Zone 2 split into 1 components
2025/12/01 22:30:08 [ZoneConflict] Successfully subtracted unioned geometry from conflict zone 2
2025/12/01 22:30:08 [ZoneMerge] No merge candidates for component 1 - new zone will be created without merging
2025/12/01 22:30:08 [ZoneMerge] No overlapping zones found - will create new zone
2025/12/01 22:30:08 [ZoneCreate] Geometry structure: type=Polygon, ring_count=1
2025/12/01 22:30:08 [ZoneCreate]   Ring 0: 5 points
2025/12/01 22:30:08 [ZoneCreate] Created zone component 1: ID=3, name=New Residential
2025/12/01 22:30:08 [ZoneCreate] Updated 2 zone(s) during conflict resolution
    zones_test.go:4182: Γ£ô Bulk conflict resolution 'new_wins' correctly applied to both zones
--- PASS: TestZoneStorage_BulkConflictResolution (0.30s)
=== RUN   TestZoneStorage_PerZoneConflictResolution
2025/12/01 22:30:08 [ZoneConflict] Found 0 total overlapping zones (any type/owner)
2025/12/01 22:30:08 [ZoneConflict] Default zones (system zones, win): 0 zones
2025/12/01 22:30:08 [ZoneConflict] Merge candidates (same type/owner): 0 zones
2025/12/01 22:30:08 [ZoneConflict] Conflict zones (different type/owner): 0 zones
2025/12/01 22:30:08 [ZoneMerge] No merge candidates for component 1 - new zone will be created without merging
2025/12/01 22:30:08 [ZoneMerge] No overlapping zones found - will create new zone
2025/12/01 22:30:08 [ZoneCreate] Geometry structure: type=Polygon, ring_count=1
2025/12/01 22:30:08 [ZoneCreate]   Ring 0: 5 points
2025/12/01 22:30:08 [ZoneCreate] Created zone component 1: ID=1, name=Commercial Zone
2025/12/01 22:30:08 [ZoneConflict] Found 0 total overlapping zones (any type/owner)
2025/12/01 22:30:08 [ZoneConflict] Default zones (system zones, win): 0 zones
2025/12/01 22:30:08 [ZoneConflict] Merge candidates (same type/owner): 0 zones
2025/12/01 22:30:08 [ZoneConflict] Conflict zones (different type/owner): 0 zones
2025/12/01 22:30:08 [ZoneMerge] No merge candidates for component 1 - new zone will be created without merging
2025/12/01 22:30:08 [ZoneMerge] No overlapping zones found - will create new zone
2025/12/01 22:30:08 [ZoneCreate] Geometry structure: type=Polygon, ring_count=1
2025/12/01 22:30:08 [ZoneCreate]   Ring 0: 5 points
2025/12/01 22:30:08 [ZoneCreate] Created zone component 1: ID=2, name=Industrial Zone
2025/12/01 22:30:08 [ZoneConflict] Found 0 total overlapping zones (any type/owner)
2025/12/01 22:30:08 [ZoneConflict] Default zones (system zones, win): 0 zones
2025/12/01 22:30:08 [ZoneConflict] Merge candidates (same type/owner): 0 zones
2025/12/01 22:30:08 [ZoneConflict] Conflict zones (different type/owner): 0 zones
2025/12/01 22:30:08 [ZoneMerge] No merge candidates for component 1 - new zone will be created without merging
2025/12/01 22:30:08 [ZoneMerge] No overlapping zones found - will create new zone
2025/12/01 22:30:08 [ZoneCreate] Geometry structure: type=Polygon, ring_count=1
2025/12/01 22:30:08 [ZoneCreate]   Ring 0: 5 points
2025/12/01 22:30:08 [ZoneCreate] Created zone component 1: ID=3, name=Mixed-Use Zone
2025/12/01 22:30:08 [ZoneConflict] Found 3 total overlapping zones (any type/owner)
2025/12/01 22:30:08 [ZoneConflict] Default zones (system zones, win): 0 zones
2025/12/01 22:30:08 [ZoneConflict] Merge candidates (same type/owner): 0 zones
2025/12/01 22:30:08 [ZoneConflict] Conflict zones (different type/owner): 3 zones
2025/12/01 22:30:08 [ZoneConflict] All 3 conflicts have valid per-zone resolutions
2025/12/01 22:30:08 [ZoneConflict] Using per-zone resolution for zone 1: new_wins
2025/12/01 22:30:08 [ZoneConflict] Subtracting unioned new zone geometry from conflict zone 1 (same owner, different type, new zone wins)
2025/12/01 22:30:08 [Dezone] Zone 1 split into 1 components
2025/12/01 22:30:08 [ZoneConflict] Successfully subtracted unioned geometry from conflict zone 1
2025/12/01 22:30:08 [ZoneConflict] Using per-zone resolution for zone 2: existing_wins
2025/12/01 22:30:08 [ZoneConflict] Existing zone 2 wins - subtracting existing zone from new zone
2025/12/01 22:30:08 [ZoneConflict] Result geometry type: ST_MultiPolygon, expected components: 2, holes: 0, actual components returned: 2
2025/12/01 22:30:08 [ZoneConflict] New zone was bisected by default zones into 2 components
2025/12/01 22:30:08 [ZoneConflict] Component 1 area: 15000.00 m┬▓
2025/12/01 22:30:08 [ZoneConflict] Component 2 area: 15000.00 m┬▓
2025/12/01 22:30:08 [ZoneConflict] Using per-zone resolution for zone 3: new_wins
2025/12/01 22:30:08 [ZoneConflict] Subtracting unioned new zone geometry from conflict zone 3 (same owner, different type, new zone wins)
2025/12/01 22:30:08 [Dezone] Zone 3 split into 1 components
2025/12/01 22:30:08 [ZoneConflict] Successfully subtracted unioned geometry from conflict zone 3
2025/12/01 22:30:08 [ZoneMerge] No merge candidates for component 1 - new zone will be created without merging
2025/12/01 22:30:08 [ZoneMerge] No overlapping zones found - will create new zone
2025/12/01 22:30:08 [ZoneCreate] Geometry structure: type=Polygon, ring_count=1
2025/12/01 22:30:08 [ZoneCreate]   Ring 0: 5 points
2025/12/01 22:30:08 [ZoneCreate] Created zone component 1: ID=4, name=New Residential
2025/12/01 22:30:08 [ZoneMerge] No merge candidates for component 2 - new zone will be created without merging
2025/12/01 22:30:08 [ZoneMerge] No overlapping zones found - will create new zone
2025/12/01 22:30:08 [ZoneCreate] Geometry structure: type=Polygon, ring_count=1
2025/12/01 22:30:08 [ZoneCreate]   Ring 0: 5 points
2025/12/01 22:30:08 [ZoneCreate] Created zone component 2: ID=5, name=New Residential (Part 2)
2025/12/01 22:30:08 [ZoneCreate] Created 2 zone components from bisected geometry
2025/12/01 22:30:08 [ZoneCreate] Updated 2 zone(s) during conflict resolution
    zones_test.go:4315: Γ£ô Per-zone conflict resolution correctly applied
--- PASS: TestZoneStorage_PerZoneConflictResolution (0.32s)
=== RUN   TestZoneStorage_ZoneCreateResultReturnsUpdatedZones
2025/12/01 22:30:08 [ZoneConflict] Found 0 total overlapping zones (any type/owner)
2025/12/01 22:30:08 [ZoneConflict] Default zones (system zones, win): 0 zones
2025/12/01 22:30:08 [ZoneConflict] Merge candidates (same type/owner): 0 zones
2025/12/01 22:30:08 [ZoneConflict] Conflict zones (different type/owner): 0 zones
2025/12/01 22:30:08 [ZoneMerge] No merge candidates for component 1 - new zone will be created without merging
2025/12/01 22:30:08 [ZoneMerge] No overlapping zones found - will create new zone
2025/12/01 22:30:08 [ZoneCreate] Geometry structure: type=Polygon, ring_count=1
2025/12/01 22:30:08 [ZoneCreate]   Ring 0: 5 points
2025/12/01 22:30:08 [ZoneCreate] Created zone component 1: ID=1, name=Existing Commercial
2025/12/01 22:30:08 [ZoneConflict] Found 1 total overlapping zones (any type/owner)
2025/12/01 22:30:08 [ZoneConflict] Default zones (system zones, win): 0 zones
2025/12/01 22:30:08 [ZoneConflict] Merge candidates (same type/owner): 0 zones
2025/12/01 22:30:08 [ZoneConflict] Conflict zones (different type/owner): 1 zones
2025/12/01 22:30:08 [ZoneConflict] Using bulk resolution for zone 1: new_wins
2025/12/01 22:30:08 [ZoneConflict] Subtracting unioned new zone geometry from conflict zone 1 (same owner, different type, new zone wins)
2025/12/01 22:30:08 [Dezone] Zone 1 split into 1 components
2025/12/01 22:30:08 [ZoneConflict] Successfully subtracted unioned geometry from conflict zone 1
2025/12/01 22:30:08 [ZoneMerge] No merge candidates for component 1 - new zone will be created without merging
2025/12/01 22:30:08 [ZoneMerge] No overlapping zones found - will create new zone
2025/12/01 22:30:08 [ZoneCreate] Geometry structure: type=Polygon, ring_count=1
2025/12/01 22:30:08 [ZoneCreate]   Ring 0: 5 points
2025/12/01 22:30:08 [ZoneCreate] Created zone component 1: ID=2, name=New Residential
2025/12/01 22:30:08 [ZoneCreate] Updated 1 zone(s) during conflict resolution
    zones_test.go:4389: Γ£ô ZoneCreateResult correctly returns 1 created and 1 updated zones
--- PASS: TestZoneStorage_ZoneCreateResultReturnsUpdatedZones (0.26s)
=== RUN   TestZoneStorage_GetZonesOverlappingChunk
2025/12/01 22:30:09 [ZoneConflict] Found 0 total overlapping zones (any type/owner)
2025/12/01 22:30:09 [ZoneConflict] Default zones (system zones, win): 0 zones
2025/12/01 22:30:09 [ZoneConflict] Merge candidates (same type/owner): 0 zones
2025/12/01 22:30:09 [ZoneConflict] Conflict zones (different type/owner): 0 zones
2025/12/01 22:30:09 [ZoneMerge] No merge candidates for component 1 - new zone will be created without merging
2025/12/01 22:30:09 [ZoneMerge] No overlapping zones found - will create new zone
2025/12/01 22:30:09 [ZoneCreate] Geometry structure: type=Polygon, ring_count=1
2025/12/01 22:30:09 [ZoneCreate]   Ring 0: 5 points
2025/12/01 22:30:09 [ZoneCreate] Created zone component 1: ID=1, name=Overlapping Zone
2025/12/01 22:30:09 [ZoneConflict] Found 0 total overlapping zones (any type/owner)
2025/12/01 22:30:09 [ZoneConflict] Default zones (system zones, win): 0 zones
2025/12/01 22:30:09 [ZoneConflict] Merge candidates (same type/owner): 0 zones
2025/12/01 22:30:09 [ZoneConflict] Conflict zones (different type/owner): 0 zones
2025/12/01 22:30:09 [ZoneMerge] No merge candidates for component 1 - new zone will be created without merging
2025/12/01 22:30:09 [ZoneMerge] No overlapping zones found - will create new zone
2025/12/01 22:30:09 [ZoneCreate] Geometry structure: type=Polygon, ring_count=1
2025/12/01 22:30:09 [ZoneCreate]   Ring 0: 5 points
2025/12/01 22:30:09 [ZoneCreate] Created zone component 1: ID=2, name=Non-Overlapping Zone
    zones_test.go:4522: Γ£ô GetZonesOverlappingChunk correctly finds 1 overlapping zone(s)
--- PASS: TestZoneStorage_GetZonesOverlappingChunk (0.26s)
=== RUN   TestZoneStorage_BisectionOfMergedZones
2025/12/01 22:30:09 [ZoneConflict] Found 0 total overlapping zones (any type/owner)
2025/12/01 22:30:09 [ZoneConflict] Default zones (system zones, win): 0 zones
2025/12/01 22:30:09 [ZoneConflict] Merge candidates (same type/owner): 0 zones
2025/12/01 22:30:09 [ZoneConflict] Conflict zones (different type/owner): 0 zones
2025/12/01 22:30:09 [ZoneMerge] No merge candidates for component 1 - new zone will be created without merging
2025/12/01 22:30:09 [ZoneMerge] No overlapping zones found - will create new zone
2025/12/01 22:30:09 [ZoneCreate] Geometry structure: type=Polygon, ring_count=1
2025/12/01 22:30:09 [ZoneCreate]   Ring 0: 5 points
2025/12/01 22:30:09 [ZoneCreate] Created zone component 1: ID=1, name=Zone 1
2025/12/01 22:30:09 [ZoneConflict] Found 1 total overlapping zones (any type/owner)
2025/12/01 22:30:09 [ZoneConflict] Default zones (system zones, win): 0 zones
2025/12/01 22:30:09 [ZoneConflict] Merge candidates (same type/owner): 1 zones
2025/12/01 22:30:09 [ZoneConflict] Conflict zones (different type/owner): 0 zones
2025/12/01 22:30:09 [ZoneMerge] Starting with 1 merge candidates, finding transitive overlaps...
2025/12/01 22:30:09 [ZoneMerge] Found 1 overlapping zones to merge: [1]
2025/12/01 22:30:09 [ZoneMerge] Oldest zone ID to keep: 1 (created: 2025-12-01 22:30:09.26648 +0000 +0000)
2025/12/01 22:30:09 [ZoneMerge] Will merge ALL 1 overlapping zones together (including oldest zone 1)
2025/12/01 22:30:09 [ZoneMerge] Merging 1 geometries (new + 1 existing)
2025/12/01 22:30:09 [ZoneMerge] Zones being merged: new zone (not yet in DB) + existing zones [1]
2025/12/01 22:30:09 [ZoneMerge] New geometry (first 200 chars): {
		"type": "Polygon",
		"coordinates": [[[1100,0],[1200,0],[1200,100],[1100,100],[1100,0]]]
	}
2025/12/01 22:30:09 [ZoneMerge] Existing zone 1 geometry (first 200 chars): {"type":"Polygon","coordinates":[[[1000,0],[1100,0],[1100,100],[1000,100],[1000,0]]]}
2025/12/01 22:30:09 [ZoneMerge] Merged geometry type: ST_Polygon, area: 20000.00
2025/12/01 22:30:09 [ZoneMerge] Successfully merged 2 zones into new geometry (result length: 105, type: ST_Polygon)
2025/12/01 22:30:09 [ZoneMerge] Merged result includes: new zone + existing zones [1] (all 2 zones)
2025/12/01 22:30:09 [ZoneMerge] Geometry spans: new=100.00, existing=100.00 (ring=264000000.00, half_ring=132000000.00)
2025/12/01 22:30:09 [ZoneMerge] Merged geometry (first 300 chars): {"type":"Polygon","coordinates":[[[1000,0],[1000,100],[1100,100],[1200,100],[1200,0],[1100,0],[1000,0]]]}
2025/12/01 22:30:09 [ZoneMerge] Area comparison: new=10000.00, existing sum=10000.00, merged=20000.00 (merged should be >= max of new/existing, less than sum if they overlap)
2025/12/01 22:30:09 [ZoneMerge] Updated zone 1 with merged geometry (area: 20000.000000)
2025/12/01 22:30:09 [Dezone] Found 1 overlapping zones to subtract from: [1]
2025/12/01 22:30:09 [Dezone] Attempting to subtract dezone from zone 1
2025/12/01 22:30:09 [Dezone] Zone 1 split into 2 components
2025/12/01 22:30:09 [Dezone] Created new zone 2 for split component 1 (inserted directly, bypassing merge)
2025/12/01 22:30:09 [Dezone] Successfully subtracted dezone from zone 1 (resulted in 2 zones)
2025/12/01 22:30:09 [Dezone] Successfully subtracted dezone from 2 zones
    zones_test.go:4598: Γ£ô Merged zone correctly bisected into 2 zones (both halves preserved)
--- PASS: TestZoneStorage_BisectionOfMergedZones (0.30s)
FAIL
FAIL	github.com/earthring/server/internal/database	22.776s
FAIL
